Component: ARM Compiler 5.05 update 1 (build 106) Tool: armlink [4d0efa]

==============================================================================

Section Cross References

    main.o(i.main) refers to _printf_percent.o(.ARM.Collect$$_printf_percent$$00000000) for _printf_percent
    main.o(i.main) refers to _printf_s.o(.ARM.Collect$$_printf_percent$$00000014) for _printf_s
    main.o(i.main) refers to _printf_str.o(.text) for _printf_str
    main.o(i.main) refers to sysctl.o(i.SysCtlClockSet) for SysCtlClockSet
    main.o(i.main) refers to termio.o(i.TERMIO_Init) for TERMIO_Init
    main.o(i.main) refers to noretval__2printf.o(.text) for __2printf
    main.o(i.main) refers to puts.o(.text) for puts
    main.o(i.main) refers to es_framework.o(i.ES_Initialize) for ES_Initialize
    main.o(i.main) refers to es_framework.o(i.ES_Run) for ES_Run
    eventcheckers.o(i.Check4Keystroke) refers to termio.o(i.kbhit) for kbhit
    eventcheckers.o(i.Check4Keystroke) refers to getc.o(.text) for getc
    eventcheckers.o(i.Check4Keystroke) refers to master.o(i.PostMaster) for PostMaster
    eventcheckers.o(i.Check4Keystroke) refers to noretval__2printf.o(.text) for __2printf
    eventcheckers.o(i.Check4Keystroke) refers to retarget.o(.data) for __stdin
    eventcheckers.o(i.Check4Keystroke) refers to eventcheckers.o(.constdata) for .constdata
    drive.o(i.CheckVal) refers to spitemplate.o(i.QueryMyKart) for QueryMyKart
    drive.o(i.DriveTo) refers to _printf_percent.o(.ARM.Collect$$_printf_percent$$00000000) for _printf_percent
    drive.o(i.DriveTo) refers to _printf_d.o(.ARM.Collect$$_printf_percent$$00000009) for _printf_d
    drive.o(i.DriveTo) refers to _printf_dec.o(.text) for _printf_int_dec
    drive.o(i.DriveTo) refers to _printf_f.o(.ARM.Collect$$_printf_percent$$00000003) for _printf_f
    drive.o(i.DriveTo) refers to printf1.o(x$fpl$printf1) for _printf_fp_dec
    drive.o(i.DriveTo) refers to noretval__2printf.o(.text) for __2printf
    drive.o(i.DriveTo) refers to spitemplate.o(i.QueryMyKart) for QueryMyKart
    drive.o(i.DriveTo) refers to drive.o(i.FindNextSection) for FindNextSection
    drive.o(i.DriveTo) refers to f2d.o(x$fpl$f2d) for __aeabi_f2d
    drive.o(i.DriveTo) refers to pow.o(i.__hardfp_pow) for __hardfp_pow
    drive.o(i.DriveTo) refers to daddsub_clz.o(x$fpl$dadd) for __aeabi_dadd
    drive.o(i.DriveTo) refers to sqrt.o(i.__hardfp_sqrt) for __hardfp_sqrt
    drive.o(i.DriveTo) refers to d2f.o(x$fpl$d2f) for __aeabi_d2f
    drive.o(i.DriveTo) refers to dflt_clz.o(x$fpl$dflt) for __aeabi_i2d
    drive.o(i.DriveTo) refers to atan.o(i.__hardfp_atan) for __hardfp_atan
    drive.o(i.DriveTo) refers to dmul.o(x$fpl$dmul) for __aeabi_dmul
    drive.o(i.DriveTo) refers to ddiv.o(x$fpl$ddiv) for __aeabi_ddiv
    drive.o(i.DriveTo) refers to dfix.o(x$fpl$dfix) for __aeabi_d2iz
    drive.o(i.DriveTo) refers to drive.o(i.TurnTheta) for TurnTheta
    drive.o(i.DriveTo) refers to drive.o(.data) for .data
    drive.o(i.FindNextSection) refers to noretval__2printf.o(.text) for __2printf
    drive.o(i.RunDrive) refers to spitemplate.o(i.QueryMyKart) for QueryMyKart
    drive.o(i.RunDrive) refers to pwm.o(i.SetPWMDuty) for SetPWMDuty
    drive.o(i.RunDrive) refers to es_timers_1.o(i.ES_Timer_StopTimer) for ES_Timer_StopTimer
    drive.o(i.RunDrive) refers to master.o(i.PostMaster) for PostMaster
    drive.o(i.RunDrive) refers to drive.o(i.CheckVal) for CheckVal
    drive.o(i.RunDrive) refers to runninggame.o(i.QueryRunningGame) for QueryRunningGame
    drive.o(i.RunDrive) refers to driving.o(i.FindDecisionZone) for FindDecisionZone
    drive.o(i.RunDrive) refers to driving.o(i.FindStraightSection) for FindStraightSection
    drive.o(i.RunDrive) refers to drive.o(i.DriveTo) for DriveTo
    drive.o(i.RunDrive) refers to noretval__2printf.o(.text) for __2printf
    drive.o(i.RunDrive) refers to es_timers_1.o(i.ES_Timer_InitTimer) for ES_Timer_InitTimer
    drive.o(i.RunDrive) refers to drive.o(.data) for .data
    drive.o(i.RunDrive) refers to drive.o(.constdata) for .constdata
    drive.o(i.StartDrive) refers to drive.o(i.RunDrive) for RunDrive
    drive.o(i.StartDrive) refers to drive.o(.data) for .data
    drive.o(i.TurnTheta) refers to _printf_percent.o(.ARM.Collect$$_printf_percent$$00000000) for _printf_percent
    drive.o(i.TurnTheta) refers to _printf_d.o(.ARM.Collect$$_printf_percent$$00000009) for _printf_d
    drive.o(i.TurnTheta) refers to _printf_f.o(.ARM.Collect$$_printf_percent$$00000003) for _printf_f
    drive.o(i.TurnTheta) refers to _printf_dec.o(.text) for _printf_int_dec
    drive.o(i.TurnTheta) refers to printf1.o(x$fpl$printf1) for _printf_fp_dec
    drive.o(i.TurnTheta) refers to noretval__2printf.o(.text) for __2printf
    drive.o(i.TurnTheta) refers to spitemplate.o(i.QueryMyKart) for QueryMyKart
    drive.o(i.TurnTheta) refers to f2d.o(x$fpl$f2d) for __aeabi_f2d
    drive.o(i.TurnTheta) refers to pwm.o(i.SetPWMDuty) for SetPWMDuty
[...]
    driving.o(i.FindNextPoint) refers to driving.o(.constdata) for .constdata
    driving.o(i.FindStraightSection) refers to noretval__2printf.o(.text) for __2printf
    driving.o(i.QueryDriving) refers to driving.o(.data) for .data
    driving.o(i.RunDriving) refers to driving.o(i.DuringAtPositionState) for DuringAtPositionState
    driving.o(i.RunDriving) refers to noretval__2printf.o(.text) for __2printf
    driving.o(i.RunDriving) refers to master.o(i.PostMaster) for PostMaster
    driving.o(i.RunDriving) refers to driving.o(i.DuringMovingState) for DuringMovingState
    driving.o(i.RunDriving) refers to driving.o(.data) for .data
    driving.o(i.StartDriving) refers to spitemplate.o(i.QueryMyKart) for QueryMyKart
    driving.o(i.StartDriving) refers to driving.o(i.RunDriving) for RunDriving
    driving.o(i.StartDriving) refers to driving.o(.data) for .data
    shooting.o(i.DuringFindBeaconState) refers to noretval__2printf.o(.text) for __2printf
    shooting.o(i.DuringFindBeaconState) refers to pwm.o(i.SetPWMDuty) for SetPWMDuty
    shooting.o(i.DuringFindBeaconState) refers to es_timers_1.o(i.ES_Timer_InitTimer) for ES_Timer_InitTimer
    shooting.o(i.DuringFireState) refers to noretval__2printf.o(.text) for __2printf
    shooting.o(i.DuringFireState) refers to es_timers_1.o(i.ES_Timer_InitTimer) for ES_Timer_InitTimer
    shooting.o(i.DuringFireState) refers to shooting.o(.data) for .data
    shooting.o(i.DuringReturnToTapeState) refers to noretval__2printf.o(.text) for __2printf
    shooting.o(i.DuringReturnToTapeState) refers to pwm.o(i.SetPWMDuty) for SetPWMDuty
    shooting.o(i.DuringReturnToTapeState) refers to es_timers_1.o(i.ES_Timer_InitTimer) for ES_Timer_InitTimer
    shooting.o(i.QueryShooting) refers to shooting.o(.data) for .data
    shooting.o(i.RunShooting) refers to shooting.o(i.DuringFindBeaconState) for DuringFindBeaconState
    shooting.o(i.RunShooting) refers to noretval__2printf.o(.text) for __2printf
    shooting.o(i.RunShooting) refers to pwm.o(i.SetPWMDuty) for SetPWMDuty
    shooting.o(i.RunShooting) refers to shooting.o(i.DuringFireState) for DuringFireState
    shooting.o(i.RunShooting) refers to shooting.o(i.DuringReturnToTapeState) for DuringReturnToTapeState
    shooting.o(i.RunShooting) refers to master.o(i.PostMaster) for PostMaster
    shooting.o(i.RunShooting) refers to shooting.o(.data) for .data
    shooting.o(i.RunShooting) refers to shooting.o(.constdata) for .constdata
    shooting.o(i.StartShooting) refers to shooting.o(i.RunShooting) for RunShooting
    shooting.o(i.StartShooting) refers to shooting.o(.data) for .data
    obstacle.o(i.DuringOnLineState) refers to noretval__2printf.o(.text) for __2printf
    obstacle.o(i.DuringOnLineState) refers to pwm.o(i.SetPWMDuty) for SetPWMDuty
    obstacle.o(i.DuringReturnToFieldState) refers to noretval__2printf.o(.text) for __2printf
    obstacle.o(i.DuringReturnToFieldState) refers to pwm.o(i.SetPWMDuty) for SetPWMDuty
    obstacle.o(i.DuringReturnToFieldState) refers to es_timers_1.o(i.ES_Timer_InitTimer) for ES_Timer_InitTimer
    obstacle.o(i.QueryObstacle) refers to obstacle.o(.data) for .data
    obstacle.o(i.RunObstacle) refers to noretval__2printf.o(.text) for __2printf
    obstacle.o(i.RunObstacle) refers to drive.o(i.TurnTheta) for TurnTheta
    obstacle.o(i.RunObstacle) refers to es_timers_1.o(i.ES_Timer_InitTimer) for ES_Timer_InitTimer
    obstacle.o(i.RunObstacle) refers to pwm.o(i.SetPWMDuty) for SetPWMDuty
    obstacle.o(i.RunObstacle) refers to obstacle.o(i.DuringOnLineState) for DuringOnLineState
    obstacle.o(i.RunObstacle) refers to obstacle.o(i.DuringReturnToFieldState) for DuringReturnToFieldState
    obstacle.o(i.RunObstacle) refers to master.o(i.PostMaster) for PostMaster
    obstacle.o(i.RunObstacle) refers to obstacle.o(.data) for .data
    obstacle.o(i.RunObstacle) refers to obstacle.o(.constdata) for .constdata
    obstacle.o(i.StartObstacle) refers to obstacle.o(i.RunObstacle) for RunObstacle
    obstacle.o(i.StartObstacle) refers to obstacle.o(.data) for .data
    spitemplate.o(i.CheckDRSEvents) refers to noretval__2printf.o(.text) for __2printf
    spitemplate.o(i.CheckDRSEvents) refers to master.o(i.PostMaster) for PostMaster
    spitemplate.o(i.CheckDRSEvents) refers to spitemplate.o(.bss) for .bss
    spitemplate.o(i.DRSSaveData) refers to spitemplate.o(.bss) for .bss
    spitemplate.o(i.DRSSaveData) refers to spitemplate.o(.data) for .data
    spitemplate.o(i.EOTResponse) refers to spitemplate.o(i.PostDRS) for PostDRS
    spitemplate.o(i.EOTResponse) refers to spitemplate.o(.data) for .data
    spitemplate.o(i.EOTResponse) refers to spitemplate.o(.bss) for .bss
    spitemplate.o(i.EOTResponse) refers to spitemplate.o(.constdata) for .constdata
    spitemplate.o(i.InitDRS) refers to spitemplate.o(i.StartDRS) for StartDRS
    spitemplate.o(i.InitDRS) refers to spitemplate.o(.data) for .data
    spitemplate.o(i.PostDRS) refers to es_framework.o(i.ES_PostToService) for ES_PostToService
    spitemplate.o(i.PostDRS) refers to spitemplate.o(.data) for .data
    spitemplate.o(i.QueryDRS) refers to spitemplate.o(.data) for .data
    spitemplate.o(i.QueryMyKart) refers to spitemplate.o(.bss) for .bss
    spitemplate.o(i.RunDRS) refers to es_timers_1.o(i.ES_Timer_InitTimer) for ES_Timer_InitTimer
    spitemplate.o(i.RunDRS) refers to es_timers_1.o(i.ES_Timer_StopTimer) for ES_Timer_StopTimer
    spitemplate.o(i.RunDRS) refers to spitemplate.o(i.DRSSaveData) for DRSSaveData
    spitemplate.o(i.RunDRS) refers to spitemplate.o(i.CheckDRSEvents) for CheckDRSEvents
    spitemplate.o(i.RunDRS) refers to noretval__2printf.o(.text) for __2printf
    spitemplate.o(i.RunDRS) refers to spitemplate.o(i.PostDRS) for PostDRS
    spitemplate.o(i.RunDRS) refers to master.o(i.PostMaster) for PostMaster
    spitemplate.o(i.RunDRS) refers to spitemplate.o(.data) for .data
    spitemplate.o(i.RunDRS) refers to spitemplate.o(.constdata) for .constdata
    spitemplate.o(i.StartDRS) refers to noretval__2printf.o(.text) for __2printf
    spitemplate.o(i.StartDRS) refers to es_timers_1.o(i.ES_Timer_InitTimer) for ES_Timer_InitTimer
    spitemplate.o(i.StartDRS) refers to spitemplate.o(.data) for .data
    runninggame.o(i.DuringDrivingStateSM) refers to noretval__2printf.o(.text) for __2printf
    runninggame.o(i.DuringDrivingStateSM) refers to driving.o(i.StartDriving) for StartDriving
    runninggame.o(i.DuringDrivingStateSM) refers to driving.o(i.RunDriving) for RunDriving
    runninggame.o(i.DuringObstacleStateSM) refers to noretval__2printf.o(.text) for __2printf
    runninggame.o(i.DuringObstacleStateSM) refers to obstacle.o(i.StartObstacle) for StartObstacle
    runninggame.o(i.DuringObstacleStateSM) refers to obstacle.o(i.RunObstacle) for RunObstacle
    runninggame.o(i.DuringShootingStateSM) refers to noretval__2printf.o(.text) for __2printf
    runninggame.o(i.DuringShootingStateSM) refers to shooting.o(i.StartShooting) for StartShooting
    runninggame.o(i.DuringShootingStateSM) refers to shooting.o(i.RunShooting) for RunShooting
    runninggame.o(i.QueryRunningGame) refers to runninggame.o(.data) for .data
    runninggame.o(i.RunRunningGame) refers to spitemplate.o(i.QueryMyKart) for QueryMyKart
    runninggame.o(i.RunRunningGame) refers to runninggame.o(i.DuringDrivingStateSM) for DuringDrivingStateSM
    runninggame.o(i.RunRunningGame) refers to noretval__2printf.o(.text) for __2printf
    runninggame.o(i.RunRunningGame) refers to runninggame.o(i.DuringShootingStateSM) for DuringShootingStateSM
    runninggame.o(i.RunRunningGame) refers to runninggame.o(i.DuringObstacleStateSM) for DuringObstacleStateSM
    runninggame.o(i.RunRunningGame) refers to runninggame.o(.data) for .data
    runninggame.o(i.RunRunningGame) refers to runninggame.o(.constdata) for .constdata
    runninggame.o(i.StartRunningGame) refers to noretval__2printf.o(.text) for __2printf
    runninggame.o(i.StartRunningGame) refers to runninggame.o(i.RunRunningGame) for RunRunningGame
    runninggame.o(i.StartRunningGame) refers to runninggame.o(.data) for .data
    startup_rvmdk.o(STACK) refers (Special) to heapauxi.o(.text) for __use_two_region_memory
    startup_rvmdk.o(HEAP) refers (Special) to heapauxi.o(.text) for __use_two_region_memory
    startup_rvmdk.o(RESET) refers (Special) to heapauxi.o(.text) for __use_two_region_memory
    startup_rvmdk.o(RESET) refers to startup_rvmdk.o(STACK) for StackMem
    startup_rvmdk.o(RESET) refers to es_port.o(i.SysTickIntHandler) for SysTickIntHandler
    startup_rvmdk.o(RESET) refers to spitemplate.o(i.EOTResponse) for EOTResponse
    startup_rvmdk.o(RESET) refers to __main.o(!!!main) for __main
    startup_rvmdk.o(.text) refers (Special) to heapauxi.o(.text) for __use_two_region_memory
    startup_rvmdk.o(.text) refers to startup_rvmdk.o(HEAP) for HeapMem
    startup_rvmdk.o(.text) refers to startup_rvmdk.o(STACK) for StackMem
    es_checkevents.o(i.ES_CheckUserEvents) refers to es_checkevents.o(.constdata) for .constdata
    es_checkevents.o(.constdata) refers to eventcheckers.o(i.Check4Keystroke) for Check4Keystroke
    es_deferrecall.o(i.ES_RecallEvents) refers to es_queue.o(i.ES_DeQueue) for ES_DeQueue
    es_deferrecall.o(i.ES_RecallEvents) refers to es_framework.o(i.ES_PostToServiceLIFO) for ES_PostToServiceLIFO
    es_framework.o(i.ES_Initialize) refers to es_timers_1.o(i.ES_Timer_Init) for ES_Timer_Init
    es_framework.o(i.ES_Initialize) refers to es_queue.o(i.ES_InitQueue) for ES_InitQueue
    es_framework.o(i.ES_Initialize) refers to es_framework.o(.constdata) for .constdata
    es_framework.o(i.ES_PostAll) refers to es_queue.o(i.ES_EnQueueFIFO) for ES_EnQueueFIFO
    es_framework.o(i.ES_PostAll) refers to es_framework.o(.constdata) for .constdata
    es_framework.o(i.ES_PostAll) refers to es_lookuptables.o(.constdata) for BitNum2SetMask
    es_framework.o(i.ES_PostAll) refers to es_framework.o(.data) for .data
    es_framework.o(i.ES_PostToService) refers to es_queue.o(i.ES_EnQueueFIFO) for ES_EnQueueFIFO
    es_framework.o(i.ES_PostToService) refers to es_framework.o(.constdata) for .constdata
    es_framework.o(i.ES_PostToService) refers to es_lookuptables.o(.constdata) for BitNum2SetMask
    es_framework.o(i.ES_PostToService) refers to es_framework.o(.data) for .data
    es_framework.o(i.ES_PostToServiceLIFO) refers to es_queue.o(i.ES_EnQueueLIFO) for ES_EnQueueLIFO
    es_framework.o(i.ES_PostToServiceLIFO) refers to es_framework.o(.constdata) for .constdata
    es_framework.o(i.ES_PostToServiceLIFO) refers to es_lookuptables.o(.constdata) for BitNum2SetMask
    es_framework.o(i.ES_PostToServiceLIFO) refers to es_framework.o(.data) for .data
    es_framework.o(i.ES_Run) refers to es_lookuptables.o(i.ES_GetMSBitSet) for ES_GetMSBitSet
    es_framework.o(i.ES_Run) refers to es_queue.o(i.ES_DeQueue) for ES_DeQueue
    es_framework.o(i.ES_Run) refers to es_port.o(i._HW_Process_Pending_Ints) for _HW_Process_Pending_Ints
    es_framework.o(i.ES_Run) refers to es_checkevents.o(i.ES_CheckUserEvents) for ES_CheckUserEvents
    es_framework.o(i.ES_Run) refers to es_framework.o(.data) for .data
    es_framework.o(i.ES_Run) refers to es_framework.o(.constdata) for .constdata
    es_framework.o(i.ES_Run) refers to es_lookuptables.o(.constdata) for BitNum2SetMask
    es_framework.o(.constdata) refers to master.o(i.InitMaster) for InitMaster
    es_framework.o(.constdata) refers to master.o(i.RunMaster) for RunMaster
    es_framework.o(.constdata) refers to es_framework.o(.bss) for Queue0
    es_lookuptables.o(i.ES_GetMSBitSet) refers to es_lookuptables.o(.constdata) for .constdata
    es_port.o(i.ConsoleInit) refers to sysctl.o(i.SysCtlPeripheralEnable) for SysCtlPeripheralEnable
    es_port.o(i.ConsoleInit) refers to gpio.o(i.GPIOPinConfigure) for GPIOPinConfigure
    es_port.o(i.ConsoleInit) refers to gpio.o(i.GPIOPinTypeUART) for GPIOPinTypeUART
    es_port.o(i.ConsoleInit) refers to uart.o(i.UARTClockSourceSet) for UARTClockSourceSet
    es_port.o(i.ConsoleInit) refers to uartstdio.o(i.UARTStdioConfig) for UARTStdioConfig
    es_port.o(i.SysTickIntHandler) refers to es_port.o(.data) for .data
    es_port.o(i._HW_GetTickCount) refers to es_port.o(.data) for .data
    es_port.o(i._HW_Process_Pending_Ints) refers to es_timers_1.o(i.ES_Timer_Tick_Resp) for ES_Timer_Tick_Resp
    es_port.o(i._HW_Process_Pending_Ints) refers to es_port.o(.data) for .data
    es_port.o(i._HW_Timer_Init) refers to systick.o(i.SysTickPeriodSet) for SysTickPeriodSet
    es_port.o(i._HW_Timer_Init) refers to systick.o(i.SysTickIntEnable) for SysTickIntEnable
    es_port.o(i._HW_Timer_Init) refers to systick.o(i.SysTickEnable) for SysTickEnable
    es_port.o(i._HW_Timer_Init) refers to interrupt.o(i.IntMasterEnable) for IntMasterEnable
    es_queue.o(i.ES_DeQueue) refers to es_port.o(i.CPUgetPRIMASK_cpsid) for CPUgetPRIMASK_cpsid
    es_queue.o(i.ES_DeQueue) refers to es_port.o(i.CPUsetPRIMASK) for CPUsetPRIMASK
    es_queue.o(i.ES_DeQueue) refers to es_queue.o(.data) for .data
    es_queue.o(i.ES_EnQueueFIFO) refers to es_port.o(i.CPUgetPRIMASK_cpsid) for CPUgetPRIMASK_cpsid
    es_queue.o(i.ES_EnQueueFIFO) refers to es_port.o(i.CPUsetPRIMASK) for CPUsetPRIMASK
    es_queue.o(i.ES_EnQueueFIFO) refers to es_queue.o(.data) for .data
    es_queue.o(i.ES_EnQueueLIFO) refers to es_port.o(i.CPUgetPRIMASK_cpsid) for CPUgetPRIMASK_cpsid
    es_queue.o(i.ES_EnQueueLIFO) refers to es_port.o(i.CPUsetPRIMASK) for CPUsetPRIMASK
    es_queue.o(i.ES_EnQueueLIFO) refers to es_queue.o(.data) for .data
    es_timers_1.o(i.ES_Timer_GetTime) refers to es_port.o(i._HW_GetTickCount) for _HW_GetTickCount
    es_timers_1.o(i.ES_Timer_Init) refers to es_port.o(i._HW_Timer_Init) for _HW_Timer_Init
    es_timers_1.o(i.ES_Timer_InitTimer) refers to es_timers_1.o(.constdata) for .constdata
    es_timers_1.o(i.ES_Timer_InitTimer) refers to es_timers_1.o(.bss) for .bss
    es_timers_1.o(i.ES_Timer_InitTimer) refers to es_lookuptables.o(.constdata) for BitNum2SetMask
    es_timers_1.o(i.ES_Timer_InitTimer) refers to es_timers_1.o(.data) for .data
    es_timers_1.o(i.ES_Timer_SetTimer) refers to es_timers_1.o(.constdata) for .constdata
    es_timers_1.o(i.ES_Timer_SetTimer) refers to es_timers_1.o(.bss) for .bss
    es_timers_1.o(i.ES_Timer_StartTimer) refers to es_timers_1.o(.bss) for .bss
    es_timers_1.o(i.ES_Timer_StartTimer) refers to es_lookuptables.o(.constdata) for BitNum2SetMask
    es_timers_1.o(i.ES_Timer_StartTimer) refers to es_timers_1.o(.data) for .data
    es_timers_1.o(i.ES_Timer_StopTimer) refers to es_lookuptables.o(.constdata) for BitNum2SetMask
    es_timers_1.o(i.ES_Timer_StopTimer) refers to es_timers_1.o(.data) for .data
    es_timers_1.o(i.ES_Timer_Tick_Resp) refers to es_lookuptables.o(i.ES_GetMSBitSet) for ES_GetMSBitSet
    es_timers_1.o(i.ES_Timer_Tick_Resp) refers to es_timers_1.o(.data) for .data
    es_timers_1.o(i.ES_Timer_Tick_Resp) refers to es_timers_1.o(.bss) for .bss
    es_timers_1.o(i.ES_Timer_Tick_Resp) refers to es_lookuptables.o(.constdata) for BitNum2SetMask
    es_timers_1.o(i.ES_Timer_Tick_Resp) refers to es_timers_1.o(.constdata) for .constdata
    es_timers_1.o(i.ES_Timer_isActive) refers to es_lookuptables.o(.constdata) for BitNum2SetMask
    es_timers_1.o(i.ES_Timer_isActive) refers to es_timers_1.o(.data) for .data
    es_timers_1.o(.constdata) refers to master.o(i.PostMaster) for PostMaster
    retarget.o(i._sys_exit) refers (Special) to use_no_semi.o(.text) for __use_no_semihosting_swi
    retarget.o(i._ttywrch) refers (Special) to use_no_semi.o(.text) for __use_no_semihosting_swi
    retarget.o(i._ttywrch) refers to termio.o(i.TERMIO_PutChar) for TERMIO_PutChar
    retarget.o(i.ferror) refers (Special) to use_no_semi.o(.text) for __use_no_semihosting_swi
    retarget.o(i.fgetc) refers (Special) to use_no_semi.o(.text) for __use_no_semihosting_swi
    retarget.o(i.fgetc) refers to termio.o(i.TERMIO_GetChar) for TERMIO_GetChar
    retarget.o(i.fputc) refers (Special) to use_no_semi.o(.text) for __use_no_semihosting_swi
    retarget.o(i.fputc) refers to termio.o(i.TERMIO_PutChar) for TERMIO_PutChar
    retarget.o(.data) refers (Special) to use_no_semi.o(.text) for __use_no_semihosting_swi
    retarget.o(.data) refers (Special) to use_no_semi.o(.text) for __use_no_semihosting_swi
    termio.o(i.TERMIO_GetChar) refers to uartstdio.o(i.UARTgetc) for UARTgetc
    termio.o(i.TERMIO_Init) refers to sysctl.o(i.SysCtlPeripheralEnable) for SysCtlPeripheralEnable
    termio.o(i.TERMIO_Init) refers to gpio.o(i.GPIOPinConfigure) for GPIOPinConfigure
    termio.o(i.TERMIO_Init) refers to gpio.o(i.GPIOPinTypeUART) for GPIOPinTypeUART
    termio.o(i.TERMIO_Init) refers to uart.o(i.UARTClockSourceSet) for UARTClockSourceSet
    termio.o(i.TERMIO_Init) refers to uartstdio.o(i.UARTStdioConfig) for UARTStdioConfig
    termio.o(i.TERMIO_PutChar) refers to uart.o(i.UARTCharPut) for UARTCharPut
    uartstdio.o(i.UARTStdioConfig) refers to uartstdio.o(.constdata) for .constdata
    uartstdio.o(i.UARTStdioConfig) refers to uartstdio.o(.data) for .data
    uartstdio.o(i.UARTgetc) refers to uartstdio.o(.data) for .data
    uartstdio.o(i.UARTgets) refers to uartstdio.o(i.UARTwrite) for UARTwrite
    uartstdio.o(i.UARTgets) refers to uartstdio.o(.data) for .data
    uartstdio.o(i.UARTprintf) refers to uartstdio.o(i.UARTvprintf) for UARTvprintf
    uartstdio.o(i.UARTvprintf) refers to uartstdio.o(i.UARTwrite) for UARTwrite
    uartstdio.o(i.UARTvprintf) refers to uartstdio.o(.constdata) for .constdata
    uartstdio.o(i.UARTwrite) refers to uartstdio.o(.data) for .data
    uartstdio.o(.constdata) refers to uartstdio.o(.conststring) for .conststring
    gpio.o(i.GPIOIntRegister) refers to interrupt.o(i.IntRegister) for IntRegister
    gpio.o(i.GPIOIntRegister) refers to interrupt.o(i.IntEnable) for IntEnable
    gpio.o(i.GPIOIntRegister) refers to gpio.o(.constdata) for .constdata
    gpio.o(i.GPIOIntUnregister) refers to interrupt.o(i.IntDisable) for IntDisable
    gpio.o(i.GPIOIntUnregister) refers to interrupt.o(i.IntUnregister) for IntUnregister
    gpio.o(i.GPIOIntUnregister) refers to gpio.o(.constdata) for .constdata
    gpio.o(i.GPIOPinConfigure) refers to gpio.o(.constdata) for .constdata
    gpio.o(i.GPIOPinTypeADC) refers to gpio.o(i.GPIODirModeSet) for GPIODirModeSet
    gpio.o(i.GPIOPinTypeADC) refers to gpio.o(i.GPIOPadConfigSet) for GPIOPadConfigSet
    gpio.o(i.GPIOPinTypeCAN) refers to gpio.o(i.GPIODirModeSet) for GPIODirModeSet
    gpio.o(i.GPIOPinTypeCAN) refers to gpio.o(i.GPIOPadConfigSet) for GPIOPadConfigSet
    gpio.o(i.GPIOPinTypeCIR) refers to gpio.o(i.GPIODirModeSet) for GPIODirModeSet
    gpio.o(i.GPIOPinTypeCIR) refers to gpio.o(i.GPIOPadConfigSet) for GPIOPadConfigSet
    gpio.o(i.GPIOPinTypeComparator) refers to gpio.o(i.GPIODirModeSet) for GPIODirModeSet
    gpio.o(i.GPIOPinTypeComparator) refers to gpio.o(i.GPIOPadConfigSet) for GPIOPadConfigSet
    gpio.o(i.GPIOPinTypeEPI) refers to gpio.o(i.GPIODirModeSet) for GPIODirModeSet
    gpio.o(i.GPIOPinTypeEPI) refers to gpio.o(i.GPIOPadConfigSet) for GPIOPadConfigSet
    gpio.o(i.GPIOPinTypeEthernetLED) refers to gpio.o(i.GPIODirModeSet) for GPIODirModeSet
    gpio.o(i.GPIOPinTypeEthernetLED) refers to gpio.o(i.GPIOPadConfigSet) for GPIOPadConfigSet
    gpio.o(i.GPIOPinTypeEthernetMII) refers to gpio.o(i.GPIODirModeSet) for GPIODirModeSet
    gpio.o(i.GPIOPinTypeEthernetMII) refers to gpio.o(i.GPIOPadConfigSet) for GPIOPadConfigSet
    gpio.o(i.GPIOPinTypeGPIOInput) refers to gpio.o(i.GPIODirModeSet) for GPIODirModeSet
    gpio.o(i.GPIOPinTypeGPIOInput) refers to gpio.o(i.GPIOPadConfigSet) for GPIOPadConfigSet
    gpio.o(i.GPIOPinTypeGPIOOutput) refers to gpio.o(i.GPIOPadConfigSet) for GPIOPadConfigSet
    gpio.o(i.GPIOPinTypeGPIOOutput) refers to gpio.o(i.GPIODirModeSet) for GPIODirModeSet
    gpio.o(i.GPIOPinTypeGPIOOutputOD) refers to gpio.o(i.GPIOPadConfigSet) for GPIOPadConfigSet
    gpio.o(i.GPIOPinTypeGPIOOutputOD) refers to gpio.o(i.GPIODirModeSet) for GPIODirModeSet
    gpio.o(i.GPIOPinTypeI2C) refers to gpio.o(i.GPIODirModeSet) for GPIODirModeSet
    gpio.o(i.GPIOPinTypeI2C) refers to gpio.o(i.GPIOPadConfigSet) for GPIOPadConfigSet
    gpio.o(i.GPIOPinTypeI2CSCL) refers to gpio.o(i.GPIODirModeSet) for GPIODirModeSet
    gpio.o(i.GPIOPinTypeI2CSCL) refers to gpio.o(i.GPIOPadConfigSet) for GPIOPadConfigSet
    gpio.o(i.GPIOPinTypeKBColumn) refers to gpio.o(i.GPIODirModeSet) for GPIODirModeSet
    gpio.o(i.GPIOPinTypeKBColumn) refers to gpio.o(i.GPIOPadConfigSet) for GPIOPadConfigSet
    gpio.o(i.GPIOPinTypeKBRow) refers to gpio.o(i.GPIODirModeSet) for GPIODirModeSet
    gpio.o(i.GPIOPinTypeKBRow) refers to gpio.o(i.GPIOPadConfigSet) for GPIOPadConfigSet
    gpio.o(i.GPIOPinTypeLCD) refers to gpio.o(i.GPIODirModeSet) for GPIODirModeSet
    gpio.o(i.GPIOPinTypeLCD) refers to gpio.o(i.GPIOPadConfigSet) for GPIOPadConfigSet
    gpio.o(i.GPIOPinTypeLEDSeq) refers to gpio.o(i.GPIODirModeSet) for GPIODirModeSet
    gpio.o(i.GPIOPinTypeLEDSeq) refers to gpio.o(i.GPIOPadConfigSet) for GPIOPadConfigSet
    gpio.o(i.GPIOPinTypeLPC) refers to gpio.o(i.GPIODirModeSet) for GPIODirModeSet
    gpio.o(i.GPIOPinTypeLPC) refers to gpio.o(i.GPIOPadConfigSet) for GPIOPadConfigSet
    gpio.o(i.GPIOPinTypePECIRx) refers to gpio.o(i.GPIODirModeSet) for GPIODirModeSet
    gpio.o(i.GPIOPinTypePECIRx) refers to gpio.o(i.GPIOPadConfigSet) for GPIOPadConfigSet
    gpio.o(i.GPIOPinTypePECITx) refers to gpio.o(i.GPIODirModeSet) for GPIODirModeSet
    gpio.o(i.GPIOPinTypePECITx) refers to gpio.o(i.GPIOPadConfigSet) for GPIOPadConfigSet
    gpio.o(i.GPIOPinTypePWM) refers to gpio.o(i.GPIODirModeSet) for GPIODirModeSet
    gpio.o(i.GPIOPinTypePWM) refers to gpio.o(i.GPIOPadConfigSet) for GPIOPadConfigSet
    gpio.o(i.GPIOPinTypeQEI) refers to gpio.o(i.GPIODirModeSet) for GPIODirModeSet
    gpio.o(i.GPIOPinTypeQEI) refers to gpio.o(i.GPIOPadConfigSet) for GPIOPadConfigSet
    gpio.o(i.GPIOPinTypeSSI) refers to gpio.o(i.GPIODirModeSet) for GPIODirModeSet
    gpio.o(i.GPIOPinTypeSSI) refers to gpio.o(i.GPIOPadConfigSet) for GPIOPadConfigSet
    gpio.o(i.GPIOPinTypeTimer) refers to gpio.o(i.GPIODirModeSet) for GPIODirModeSet
    gpio.o(i.GPIOPinTypeTimer) refers to gpio.o(i.GPIOPadConfigSet) for GPIOPadConfigSet
    gpio.o(i.GPIOPinTypeUART) refers to gpio.o(i.GPIODirModeSet) for GPIODirModeSet
    gpio.o(i.GPIOPinTypeUART) refers to gpio.o(i.GPIOPadConfigSet) for GPIOPadConfigSet
    gpio.o(i.GPIOPinTypeUSBAnalog) refers to gpio.o(i.GPIODirModeSet) for GPIODirModeSet
    gpio.o(i.GPIOPinTypeUSBAnalog) refers to gpio.o(i.GPIOPadConfigSet) for GPIOPadConfigSet
    gpio.o(i.GPIOPinTypeUSBDigital) refers to gpio.o(i.GPIODirModeSet) for GPIODirModeSet
    gpio.o(i.GPIOPinTypeUSBDigital) refers to gpio.o(i.GPIOPadConfigSet) for GPIOPadConfigSet
    gpio.o(i.GPIOPinTypeWakeHigh) refers to gpio.o(i.GPIODirModeSet) for GPIODirModeSet
    gpio.o(i.GPIOPinTypeWakeHigh) refers to gpio.o(i.GPIOPadConfigSet) for GPIOPadConfigSet
    gpio.o(i.GPIOPinTypeWakeLow) refers to gpio.o(i.GPIODirModeSet) for GPIODirModeSet
    gpio.o(i.GPIOPinTypeWakeLow) refers to gpio.o(i.GPIOPadConfigSet) for GPIOPadConfigSet
    interrupt.o(i.IntDisable) refers to interrupt.o(.constdata) for .constdata
    interrupt.o(i.IntEnable) refers to interrupt.o(.constdata) for .constdata
    interrupt.o(i.IntIsEnabled) refers to interrupt.o(.constdata) for .constdata
    interrupt.o(i.IntMasterDisable) refers to cpu.o(.emb_text) for CPUcpsid
    interrupt.o(i.IntMasterEnable) refers to cpu.o(.emb_text) for CPUcpsie
    interrupt.o(i.IntPendClear) refers to interrupt.o(.constdata) for .constdata
    interrupt.o(i.IntPendSet) refers to interrupt.o(.constdata) for .constdata
    interrupt.o(i.IntPriorityGet) refers to interrupt.o(.constdata) for .constdata
    interrupt.o(i.IntPriorityGroupingGet) refers to interrupt.o(.constdata) for .constdata
    interrupt.o(i.IntPriorityGroupingSet) refers to interrupt.o(.constdata) for .constdata
    interrupt.o(i.IntPriorityMaskGet) refers to cpu.o(.emb_text) for CPUbasepriGet
    interrupt.o(i.IntPriorityMaskSet) refers to cpu.o(.emb_text) for CPUbasepriSet
    interrupt.o(i.IntPrioritySet) refers to interrupt.o(.constdata) for .constdata
    interrupt.o(i.IntRegister) refers to interrupt.o(vtable) for vtable
    interrupt.o(i.IntUnregister) refers to interrupt.o(i._IntDefaultHandler) for _IntDefaultHandler
    interrupt.o(i.IntUnregister) refers to interrupt.o(vtable) for vtable
    sysctl.o(i.SysCtlClockFreqSet) refers to sysctl.o(.constdata) for .constdata
    sysctl.o(i.SysCtlClockGet) refers to sysctl.o(.constdata) for .constdata
    sysctl.o(i.SysCtlClockSet) refers to sysctl.o(.emb_text) for SysCtlDelay
    sysctl.o(i.SysCtlDeepSleep) refers to cpu.o(.emb_text) for CPUwfi
    sysctl.o(i.SysCtlIntRegister) refers to interrupt.o(i.IntRegister) for IntRegister
    sysctl.o(i.SysCtlIntRegister) refers to interrupt.o(i.IntEnable) for IntEnable
    sysctl.o(i.SysCtlIntUnregister) refers to interrupt.o(i.IntDisable) for IntDisable
    sysctl.o(i.SysCtlIntUnregister) refers to interrupt.o(i.IntUnregister) for IntUnregister
    sysctl.o(i.SysCtlSleep) refers to cpu.o(.emb_text) for CPUwfi
    systick.o(i.SysTickIntRegister) refers to interrupt.o(i.IntRegister) for IntRegister
    systick.o(i.SysTickIntUnregister) refers to interrupt.o(i.IntUnregister) for IntUnregister
    uart.o(i.UARTIntRegister) refers to interrupt.o(i.IntRegister) for IntRegister
    uart.o(i.UARTIntRegister) refers to interrupt.o(i.IntEnable) for IntEnable
    uart.o(i.UARTIntRegister) refers to uart.o(.constdata) for .constdata
    uart.o(i.UARTIntUnregister) refers to interrupt.o(i.IntDisable) for IntDisable
    uart.o(i.UARTIntUnregister) refers to interrupt.o(i.IntUnregister) for IntUnregister
    uart.o(i.UARTIntUnregister) refers to uart.o(.constdata) for .constdata
    __2printf.o(.text) refers to _printf_char_file.o(.text) for _printf_char_file
    __2printf.o(.text) refers to retarget.o(.data) for __stdout
    noretval__2printf.o(.text) refers to _printf_char_file.o(.text) for _printf_char_file
    noretval__2printf.o(.text) refers to retarget.o(.data) for __stdout
    __printf.o(.text) refers to _printf_percent.o(.ARM.Collect$$_printf_percent$$00000000) for _printf_percent
    _printf_str.o(.text) refers (Special) to _printf_char.o(.text) for _printf_cs_common
    _printf_dec.o(.text) refers to _printf_intcommon.o(.text) for _printf_int_common
    __printf_flags.o(.text) refers to _printf_percent.o(.ARM.Collect$$_printf_percent$$00000000) for _printf_percent
    __printf_flags.o(.text) refers to __printf_flags.o(.constdata) for .constdata
    __printf_ss.o(.text) refers to _printf_percent.o(.ARM.Collect$$_printf_percent$$00000000) for _printf_percent
    __printf_flags_ss.o(.text) refers to _printf_percent.o(.ARM.Collect$$_printf_percent$$00000000) for _printf_percent
    __printf_flags_ss.o(.text) refers to __printf_flags_ss.o(.constdata) for .constdata
    __printf_wp.o(.text) refers to __printf_wp.o(i._is_digit) for _is_digit
    __printf_wp.o(.text) refers to _printf_percent.o(.ARM.Collect$$_printf_percent$$00000000) for _printf_percent
    __printf_flags_wp.o(.text) refers to __printf_wp.o(i._is_digit) for _is_digit
    __printf_flags_wp.o(.text) refers to _printf_percent.o(.ARM.Collect$$_printf_percent$$00000000) for _printf_percent
    __printf_flags_wp.o(.text) refers to __printf_flags_wp.o(.constdata) for .constdata
    __printf_ss_wp.o(.text) refers to __printf_wp.o(i._is_digit) for _is_digit
    __printf_ss_wp.o(.text) refers to _printf_percent.o(.ARM.Collect$$_printf_percent$$00000000) for _printf_percent
    __printf_flags_ss_wp.o(.text) refers to __printf_wp.o(i._is_digit) for _is_digit
    __printf_flags_ss_wp.o(.text) refers to _printf_percent.o(.ARM.Collect$$_printf_percent$$00000000) for _printf_percent
    __printf_flags_ss_wp.o(.text) refers to __printf_flags_ss_wp.o(.constdata) for .constdata
    _printf_s.o(.ARM.Collect$$_printf_percent$$00000014) refers (Weak) to _printf_char.o(.text) for _printf_string
    _printf_d.o(.ARM.Collect$$_printf_percent$$00000009) refers (Weak) to _printf_dec.o(.text) for _printf_int_dec
    _printf_f.o(.ARM.Collect$$_printf_percent$$00000003) refers (Weak) to printf1.o(x$fpl$printf1) for _printf_fp_dec
    _printf_percent.o(.ARM.Collect$$_printf_percent$$00000000) refers (Special) to _printf_percent_end.o(.ARM.Collect$$_printf_percent$$00000017) for _printf_percent_end
    getc.o(.text) refers to retarget.o(i.fgetc) for fgetc
    puts.o(.text) refers to retarget.o(i.fputc) for fputc
    puts.o(.text) refers to retarget.o(.data) for __stdout
    __main.o(!!!main) refers to __rtentry.o(.ARM.Collect$$rtentry$$00000000) for __rt_entry
    d2f.o(x$fpl$d2f) refers (Special) to usenofp.o(x$fpl$usenofp) for __I$use$fp
    d2f.o(x$fpl$d2f) refers to fretinf.o(x$fpl$fretinf) for __fpl_fretinf
    d2f.o(x$fpl$d2f) refers to dnaninf.o(x$fpl$dnaninf) for __fpl_dnaninf
    daddsub_clz.o(x$fpl$dadd) refers (Special) to usenofp.o(x$fpl$usenofp) for __I$use$fp
    daddsub_clz.o(x$fpl$dadd) refers to daddsub_clz.o(x$fpl$dsub) for _dsub1
    daddsub_clz.o(x$fpl$dadd) refers to dretinf.o(x$fpl$dretinf) for __fpl_dretinf
    daddsub_clz.o(x$fpl$dadd) refers to dnaninf.o(x$fpl$dnaninf) for __fpl_dnaninf
    daddsub_clz.o(x$fpl$drsb) refers (Special) to usenofp.o(x$fpl$usenofp) for __I$use$fp
    daddsub_clz.o(x$fpl$drsb) refers to daddsub_clz.o(x$fpl$dadd) for _dadd1
    daddsub_clz.o(x$fpl$drsb) refers to daddsub_clz.o(x$fpl$dsub) for _dsub1
    daddsub_clz.o(x$fpl$dsub) refers (Special) to usenofp.o(x$fpl$usenofp) for __I$use$fp
    daddsub_clz.o(x$fpl$dsub) refers to daddsub_clz.o(x$fpl$dadd) for _dadd1
    daddsub_clz.o(x$fpl$dsub) refers to dnaninf.o(x$fpl$dnaninf) for __fpl_dnaninf
    ddiv.o(x$fpl$drdiv) refers (Special) to usenofp.o(x$fpl$usenofp) for __I$use$fp
    ddiv.o(x$fpl$drdiv) refers to ddiv.o(x$fpl$ddiv) for ddiv_entry
    ddiv.o(x$fpl$ddiv) refers (Special) to usenofp.o(x$fpl$usenofp) for __I$use$fp
    ddiv.o(x$fpl$ddiv) refers to dretinf.o(x$fpl$dretinf) for __fpl_dretinf
    ddiv.o(x$fpl$ddiv) refers to dnaninf.o(x$fpl$dnaninf) for __fpl_dnaninf
    dfix.o(x$fpl$dfix) refers (Special) to usenofp.o(x$fpl$usenofp) for __I$use$fp
    dfix.o(x$fpl$dfix) refers to dnaninf.o(x$fpl$dnaninf) for __fpl_dnaninf
    dfix.o(x$fpl$dfixr) refers (Special) to usenofp.o(x$fpl$usenofp) for __I$use$fp
    dfix.o(x$fpl$dfixr) refers to dnaninf.o(x$fpl$dnaninf) for __fpl_dnaninf
    dflt_clz.o(x$fpl$dfltu) refers (Special) to usenofp.o(x$fpl$usenofp) for __I$use$fp
    dflt_clz.o(x$fpl$dflt) refers (Special) to usenofp.o(x$fpl$usenofp) for __I$use$fp
    dflt_clz.o(x$fpl$dfltn) refers (Special) to usenofp.o(x$fpl$usenofp) for __I$use$fp
    dmul.o(x$fpl$dmul) refers (Special) to usenofp.o(x$fpl$usenofp) for __I$use$fp
    dmul.o(x$fpl$dmul) refers to dretinf.o(x$fpl$dretinf) for __fpl_dretinf
    dmul.o(x$fpl$dmul) refers to dnaninf.o(x$fpl$dnaninf) for __fpl_dnaninf
    f2d.o(x$fpl$f2d) refers (Special) to usenofp.o(x$fpl$usenofp) for __I$use$fp
    f2d.o(x$fpl$f2d) refers to fnaninf.o(x$fpl$fnaninf) for __fpl_fnaninf
    f2d.o(x$fpl$f2d) refers to dretinf.o(x$fpl$dretinf) for __fpl_dretinf
    printf1.o(x$fpl$printf1) refers to _printf_fp_dec.o(.text) for _printf_fp_dec_real
    atan.o(i.__hardfp_atan) refers (Special) to usenofp.o(x$fpl$usenofp) for __I$use$fp
    atan.o(i.__hardfp_atan) refers to dunder.o(i.__mathlib_dbl_infnan) for __mathlib_dbl_infnan
    atan.o(i.__hardfp_atan) refers to fpclassify.o(i.__ARM_fpclassify) for __ARM_fpclassify
    atan.o(i.__hardfp_atan) refers to dunder.o(i.__mathlib_dbl_underflow) for __mathlib_dbl_underflow
    atan.o(i.__hardfp_atan) refers to fabs.o(i.fabs) for fabs
    atan.o(i.__hardfp_atan) refers to daddsub_clz.o(x$fpl$dadd) for __aeabi_dadd
    atan.o(i.__hardfp_atan) refers to dmul.o(x$fpl$dmul) for __aeabi_dmul
    atan.o(i.__hardfp_atan) refers to daddsub_clz.o(x$fpl$dsub) for __aeabi_dsub
    atan.o(i.__hardfp_atan) refers to ddiv.o(x$fpl$ddiv) for __aeabi_ddiv
    atan.o(i.__hardfp_atan) refers to poly.o(i.__kernel_poly) for __kernel_poly
    atan.o(i.__hardfp_atan) refers to daddsub_clz.o(x$fpl$drsb) for __aeabi_drsub
    atan.o(i.__hardfp_atan) refers to basic.o(x$fpl$basic) for __aeabi_dneg
    atan.o(i.__hardfp_atan) refers to atan.o(.constdata) for .constdata
    atan.o(i.__softfp_atan) refers (Special) to usenofp.o(x$fpl$usenofp) for __I$use$fp
    atan.o(i.__softfp_atan) refers to atan.o(i.__hardfp_atan) for __hardfp_atan
    atan.o(i.atan) refers (Special) to usenofp.o(x$fpl$usenofp) for __I$use$fp
    atan.o(i.atan) refers to atan.o(i.__hardfp_atan) for __hardfp_atan
    atan.o(.constdata) refers (Special) to usenofp.o(x$fpl$usenofp) for __I$use$fp
    atan_x.o(i.____hardfp_atan$lsc) refers (Special) to usenofp.o(x$fpl$usenofp) for __I$use$fp
    atan_x.o(i.____hardfp_atan$lsc) refers to dunder.o(i.__mathlib_dbl_infnan) for __mathlib_dbl_infnan
    atan_x.o(i.____hardfp_atan$lsc) refers to fabs.o(i.fabs) for fabs
    atan_x.o(i.____hardfp_atan$lsc) refers to daddsub_clz.o(x$fpl$dadd) for __aeabi_dadd
    atan_x.o(i.____hardfp_atan$lsc) refers to dmul.o(x$fpl$dmul) for __aeabi_dmul
    atan_x.o(i.____hardfp_atan$lsc) refers to daddsub_clz.o(x$fpl$dsub) for __aeabi_dsub
    atan_x.o(i.____hardfp_atan$lsc) refers to ddiv.o(x$fpl$ddiv) for __aeabi_ddiv
    atan_x.o(i.____hardfp_atan$lsc) refers to poly.o(i.__kernel_poly) for __kernel_poly
    atan_x.o(i.____hardfp_atan$lsc) refers to daddsub_clz.o(x$fpl$drsb) for __aeabi_drsub
    atan_x.o(i.____hardfp_atan$lsc) refers to basic.o(x$fpl$basic) for __aeabi_dneg
    atan_x.o(i.____hardfp_atan$lsc) refers to atan_x.o(.constdata) for .constdata
    atan_x.o(i.____softfp_atan$lsc) refers (Special) to usenofp.o(x$fpl$usenofp) for __I$use$fp
    atan_x.o(i.____softfp_atan$lsc) refers to atan_x.o(i.____hardfp_atan$lsc) for ____hardfp_atan$lsc
    atan_x.o(i.__atan$lsc) refers (Special) to usenofp.o(x$fpl$usenofp) for __I$use$fp
    atan_x.o(i.__atan$lsc) refers to atan_x.o(i.____hardfp_atan$lsc) for ____hardfp_atan$lsc
    atan_x.o(.constdata) refers (Special) to usenofp.o(x$fpl$usenofp) for __I$use$fp
    pow.o(i.__hardfp_pow) refers (Special) to usenofp.o(x$fpl$usenofp) for __I$use$fp
    pow.o(i.__hardfp_pow) refers to dunder.o(i.__mathlib_dbl_infnan2) for __mathlib_dbl_infnan2
    pow.o(i.__hardfp_pow) refers to _rserrno.o(.text) for __set_errno
    pow.o(i.__hardfp_pow) refers to dunder.o(i.__mathlib_dbl_divzero) for __mathlib_dbl_divzero
    pow.o(i.__hardfp_pow) refers to basic.o(x$fpl$basic) for __aeabi_dneg
    pow.o(i.__hardfp_pow) refers to dunder.o(i.__mathlib_dbl_overflow) for __mathlib_dbl_overflow
    pow.o(i.__hardfp_pow) refers to ddiv.o(x$fpl$ddiv) for __aeabi_ddiv
    pow.o(i.__hardfp_pow) refers to sqrt.o(i.sqrt) for sqrt
    pow.o(i.__hardfp_pow) refers to fabs.o(i.fabs) for fabs
    pow.o(i.__hardfp_pow) refers to dunder.o(i.__mathlib_dbl_invalid) for __mathlib_dbl_invalid
    pow.o(i.__hardfp_pow) refers to dunder.o(i.__mathlib_dbl_underflow) for __mathlib_dbl_underflow
    pow.o(i.__hardfp_pow) refers to daddsub_clz.o(x$fpl$dsub) for __aeabi_dsub
    pow.o(i.__hardfp_pow) refers to dmul.o(x$fpl$dmul) for __aeabi_dmul
    pow.o(i.__hardfp_pow) refers to daddsub_clz.o(x$fpl$drsb) for __aeabi_drsub
    pow.o(i.__hardfp_pow) refers to qnan.o(.constdata) for __mathlib_zero
    pow.o(i.__hardfp_pow) refers to daddsub_clz.o(x$fpl$dadd) for __aeabi_dadd
    pow.o(i.__hardfp_pow) refers to poly.o(i.__kernel_poly) for __kernel_poly
    pow.o(i.__hardfp_pow) refers to dflt_clz.o(x$fpl$dflt) for __aeabi_i2d
    pow.o(i.__hardfp_pow) refers to pow.o(.constdata) for .constdata
    pow.o(i.__hardfp_pow) refers to drleqf.o(x$fpl$drleqf) for __aeabi_cdrcmple
    pow.o(i.__hardfp_pow) refers to scalbn.o(x$fpl$scalbn) for __ARM_scalbn
    pow.o(i.__hardfp_pow) refers to fpclassify.o(i.__ARM_fpclassify) for __ARM_fpclassify
    pow.o(i.__softfp_pow) refers (Special) to usenofp.o(x$fpl$usenofp) for __I$use$fp
    pow.o(i.__softfp_pow) refers to pow.o(i.__hardfp_pow) for __hardfp_pow
    pow.o(i.pow) refers (Special) to usenofp.o(x$fpl$usenofp) for __I$use$fp
    pow.o(i.pow) refers to pow.o(i.__hardfp_pow) for __hardfp_pow
    pow.o(.constdata) refers (Special) to usenofp.o(x$fpl$usenofp) for __I$use$fp
    pow_x.o(i.____hardfp_pow$lsc) refers (Special) to usenofp.o(x$fpl$usenofp) for __I$use$fp
    pow_x.o(i.____hardfp_pow$lsc) refers to dunder.o(i.__mathlib_dbl_infnan2) for __mathlib_dbl_infnan2
    pow_x.o(i.____hardfp_pow$lsc) refers to _rserrno.o(.text) for __set_errno
    pow_x.o(i.____hardfp_pow$lsc) refers to basic.o(x$fpl$basic) for __aeabi_dneg
    pow_x.o(i.____hardfp_pow$lsc) refers to ddiv.o(x$fpl$ddiv) for __aeabi_ddiv
    pow_x.o(i.____hardfp_pow$lsc) refers to sqrt.o(i.sqrt) for sqrt
    pow_x.o(i.____hardfp_pow$lsc) refers to fabs.o(i.fabs) for fabs
    pow_x.o(i.____hardfp_pow$lsc) refers to dflt_clz.o(x$fpl$dflt) for __aeabi_i2d
    pow_x.o(i.____hardfp_pow$lsc) refers to daddsub_clz.o(x$fpl$dsub) for __aeabi_dsub
    pow_x.o(i.____hardfp_pow$lsc) refers to dmul.o(x$fpl$dmul) for __aeabi_dmul
    pow_x.o(i.____hardfp_pow$lsc) refers to daddsub_clz.o(x$fpl$drsb) for __aeabi_drsub
    pow_x.o(i.____hardfp_pow$lsc) refers to qnan.o(.constdata) for __mathlib_zero
    pow_x.o(i.____hardfp_pow$lsc) refers to daddsub_clz.o(x$fpl$dadd) for __aeabi_dadd
    pow_x.o(i.____hardfp_pow$lsc) refers to poly.o(i.__kernel_poly) for __kernel_poly
    pow_x.o(i.____hardfp_pow$lsc) refers to pow_x.o(.constdata) for .constdata
    pow_x.o(i.____hardfp_pow$lsc) refers to drleqf.o(x$fpl$drleqf) for __aeabi_cdrcmple
    pow_x.o(i.____hardfp_pow$lsc) refers to scalbn.o(x$fpl$scalbn) for __ARM_scalbn
    pow_x.o(i.____softfp_pow$lsc) refers (Special) to usenofp.o(x$fpl$usenofp) for __I$use$fp
    pow_x.o(i.____softfp_pow$lsc) refers to pow_x.o(i.____hardfp_pow$lsc) for ____hardfp_pow$lsc
    pow_x.o(i.__pow$lsc) refers (Special) to usenofp.o(x$fpl$usenofp) for __I$use$fp
    pow_x.o(i.__pow$lsc) refers to pow_x.o(i.____hardfp_pow$lsc) for ____hardfp_pow$lsc
    pow_x.o(.constdata) refers (Special) to usenofp.o(x$fpl$usenofp) for __I$use$fp
    sqrt.o(i.__hardfp_sqrt) refers (Special) to usenofp.o(x$fpl$usenofp) for __I$use$fp
    sqrt.o(i.__hardfp_sqrt) refers to dsqrt_umaal.o(x$fpl$dsqrt) for _dsqrt
    sqrt.o(i.__hardfp_sqrt) refers to _rserrno.o(.text) for __set_errno
    sqrt.o(i.__softfp_sqrt) refers (Special) to usenofp.o(x$fpl$usenofp) for __I$use$fp
    sqrt.o(i.__softfp_sqrt) refers to dsqrt_umaal.o(x$fpl$dsqrt) for _dsqrt
    sqrt.o(i.__softfp_sqrt) refers to _rserrno.o(.text) for __set_errno
    sqrt.o(i.sqrt) refers (Special) to usenofp.o(x$fpl$usenofp) for __I$use$fp
    sqrt.o(i.sqrt) refers to dsqrt_umaal.o(x$fpl$dsqrt) for _dsqrt
    sqrt.o(i.sqrt) refers to _rserrno.o(.text) for __set_errno
    sqrt_x.o(i.____hardfp_sqrt$lsc) refers (Special) to usenofp.o(x$fpl$usenofp) for __I$use$fp
    sqrt_x.o(i.____hardfp_sqrt$lsc) refers to dleqf.o(x$fpl$dleqf) for __aeabi_cdcmple
    sqrt_x.o(i.____hardfp_sqrt$lsc) refers to _rserrno.o(.text) for __set_errno
    sqrt_x.o(i.____hardfp_sqrt$lsc) refers to dsqrt_umaal.o(x$fpl$dsqrt) for _dsqrt
    sqrt_x.o(i.____softfp_sqrt$lsc) refers (Special) to usenofp.o(x$fpl$usenofp) for __I$use$fp
    sqrt_x.o(i.____softfp_sqrt$lsc) refers to dleqf.o(x$fpl$dleqf) for __aeabi_cdcmple
    sqrt_x.o(i.____softfp_sqrt$lsc) refers to _rserrno.o(.text) for __set_errno
    sqrt_x.o(i.____softfp_sqrt$lsc) refers to dsqrt_umaal.o(x$fpl$dsqrt) for _dsqrt
    sqrt_x.o(i.__sqrt$lsc) refers (Special) to usenofp.o(x$fpl$usenofp) for __I$use$fp
    sqrt_x.o(i.__sqrt$lsc) refers to dleqf.o(x$fpl$dleqf) for __aeabi_cdcmple
    sqrt_x.o(i.__sqrt$lsc) refers to _rserrno.o(.text) for __set_errno
    sqrt_x.o(i.__sqrt$lsc) refers to dsqrt_umaal.o(x$fpl$dsqrt) for _dsqrt
    __rtentry.o(.ARM.Collect$$rtentry$$00000000) refers (Special) to __rtentry2.o(.ARM.Collect$$rtentry$$0000000A) for __rt_entry_li
    __rtentry.o(.ARM.Collect$$rtentry$$00000000) refers (Special) to __rtentry2.o(.ARM.Collect$$rtentry$$0000000D) for __rt_entry_main
    __rtentry.o(.ARM.Collect$$rtentry$$00000000) refers (Special) to __rtentry2.o(.ARM.Collect$$rtentry$$0000000C) for __rt_entry_postli_1
    __rtentry.o(.ARM.Collect$$rtentry$$00000000) refers (Special) to __rtentry2.o(.ARM.Collect$$rtentry$$00000009) for __rt_entry_postsh_1
    __rtentry.o(.ARM.Collect$$rtentry$$00000000) refers (Special) to __rtentry2.o(.ARM.Collect$$rtentry$$00000002) for __rt_entry_presh_1
    __rtentry.o(.ARM.Collect$$rtentry$$00000000) refers (Special) to __rtentry4.o(.ARM.Collect$$rtentry$$00000004) for __rt_entry_sh
    _rserrno.o(.text) refers to rt_errno_addr_intlibspace.o(.text) for __aeabi_errno_addr
    _printf_fp_dec.o(.text) refers (Special) to usenofp.o(x$fpl$usenofp) for __I$use$fp
    _printf_fp_dec.o(.text) refers (Special) to lc_numeric_c.o(locale$$code) for _get_lc_numeric
    _printf_fp_dec.o(.text) refers to bigflt0.o(.text) for _btod_etento
    _printf_fp_dec.o(.text) refers to btod.o(CL$$btod_d2e) for _btod_d2e
    _printf_fp_dec.o(.text) refers to btod.o(CL$$btod_ediv) for _btod_ediv
    _printf_fp_dec.o(.text) refers to btod.o(CL$$btod_emul) for _btod_emul
    _printf_fp_dec.o(.text) refers to lludiv10.o(.text) for _ll_udiv10
    _printf_fp_dec.o(.text) refers to fpclassify.o(i.__ARM_fpclassify) for __ARM_fpclassify
    _printf_fp_dec.o(.text) refers to _printf_fp_infnan.o(.text) for _printf_fp_infnan
    _printf_fp_dec.o(.text) refers to rt_locale_intlibspace.o(.text) for __rt_locale
    _printf_char.o(.text) refers (Weak) to _printf_str.o(.text) for _printf_str
    _printf_char_file.o(.text) refers to _printf_char_common.o(.text) for _printf_char_common
    _printf_char_file.o(.text) refers to retarget.o(i.ferror) for ferror
    _printf_char_file.o(.text) refers to retarget.o(i.fputc) for fputc
    basic.o(x$fpl$basic) refers (Special) to usenofp.o(x$fpl$usenofp) for __I$use$fp
    dleqf.o(x$fpl$dleqf) refers (Special) to usenofp.o(x$fpl$usenofp) for __I$use$fp
    dleqf.o(x$fpl$dleqf) refers to dnaninf.o(x$fpl$dnaninf) for __fpl_dnaninf
    dleqf.o(x$fpl$dleqf) refers to dcmpi.o(x$fpl$dcmpinf) for __fpl_dcmp_Inf
    dnaninf.o(x$fpl$dnaninf) refers (Special) to usenofp.o(x$fpl$usenofp) for __I$use$fp
    dretinf.o(x$fpl$dretinf) refers (Special) to usenofp.o(x$fpl$usenofp) for __I$use$fp
    drleqf.o(x$fpl$drleqf) refers (Special) to usenofp.o(x$fpl$usenofp) for __I$use$fp
    drleqf.o(x$fpl$drleqf) refers to dleqf.o(x$fpl$dleqf) for __fpl_dcmple_InfNaN
    dsqrt_umaal.o(x$fpl$dsqrt) refers (Special) to usenofp.o(x$fpl$usenofp) for __I$use$fp
    dsqrt_umaal.o(x$fpl$dsqrt) refers to dnaninf.o(x$fpl$dnaninf) for __fpl_dnaninf
    fnaninf.o(x$fpl$fnaninf) refers (Special) to usenofp.o(x$fpl$usenofp) for __I$use$fp
    fretinf.o(x$fpl$fretinf) refers (Special) to usenofp.o(x$fpl$usenofp) for __I$use$fp
    scalbn.o(x$fpl$scalbn) refers (Special) to usenofp.o(x$fpl$usenofp) for __I$use$fp
    scalbn.o(x$fpl$scalbn) refers to dcheck1.o(x$fpl$dcheck1) for __fpl_dcheck_NaN1
    dunder.o(i.__mathlib_dbl_divzero) refers to ddiv.o(x$fpl$ddiv) for __aeabi_ddiv
    dunder.o(i.__mathlib_dbl_infnan) refers to daddsub_clz.o(x$fpl$dadd) for __aeabi_dadd
    dunder.o(i.__mathlib_dbl_infnan2) refers to daddsub_clz.o(x$fpl$dadd) for __aeabi_dadd
    dunder.o(i.__mathlib_dbl_invalid) refers to ddiv.o(x$fpl$ddiv) for __aeabi_ddiv
    dunder.o(i.__mathlib_dbl_overflow) refers to dmul.o(x$fpl$dmul) for __aeabi_dmul
    dunder.o(i.__mathlib_dbl_posinfnan) refers to dmul.o(x$fpl$dmul) for __aeabi_dmul
    dunder.o(i.__mathlib_dbl_underflow) refers to dmul.o(x$fpl$dmul) for __aeabi_dmul
    fabs.o(i.__hardfp_fabs) refers (Special) to usenofp.o(x$fpl$usenofp) for __I$use$fp
    fabs.o(i.__softfp_fabs) refers (Special) to usenofp.o(x$fpl$usenofp) for __I$use$fp
    fabs.o(i.fabs) refers (Special) to usenofp.o(x$fpl$usenofp) for __I$use$fp
    fpclassify.o(i.__ARM_fpclassify) refers (Special) to usenofp.o(x$fpl$usenofp) for __I$use$fp
    poly.o(i.__kernel_poly) refers (Special) to usenofp.o(x$fpl$usenofp) for __I$use$fp
    poly.o(i.__kernel_poly) refers to dmul.o(x$fpl$dmul) for __aeabi_dmul
    poly.o(i.__kernel_poly) refers to daddsub_clz.o(x$fpl$dadd) for __aeabi_dadd
    qnan.o(.constdata) refers (Special) to usenofp.o(x$fpl$usenofp) for __I$use$fp
    __rtentry2.o(.ARM.Collect$$rtentry$$00000008) refers to boardinit2.o(.text) for _platform_post_stackheap_init
    __rtentry2.o(.ARM.Collect$$rtentry$$0000000A) refers to libinit.o(.ARM.Collect$$libinit$$00000000) for __rt_lib_init
    __rtentry2.o(.ARM.Collect$$rtentry$$0000000B) refers to boardinit3.o(.text) for _platform_post_lib_init
    __rtentry2.o(.ARM.Collect$$rtentry$$0000000D) refers to main.o(i.main) for main
    __rtentry2.o(.ARM.Collect$$rtentry$$0000000D) refers to exit.o(.text) for exit
    __rtentry2.o(.ARM.exidx) refers to __rtentry2.o(.ARM.Collect$$rtentry$$00000001) for .ARM.Collect$$rtentry$$00000001
    __rtentry2.o(.ARM.exidx) refers to __rtentry2.o(.ARM.Collect$$rtentry$$00000008) for .ARM.Collect$$rtentry$$00000008
    __rtentry2.o(.ARM.exidx) refers to __rtentry2.o(.ARM.Collect$$rtentry$$0000000A) for .ARM.Collect$$rtentry$$0000000A
    __rtentry2.o(.ARM.exidx) refers to __rtentry2.o(.ARM.Collect$$rtentry$$0000000B) for .ARM.Collect$$rtentry$$0000000B
    __rtentry2.o(.ARM.exidx) refers to __rtentry2.o(.ARM.Collect$$rtentry$$0000000D) for .ARM.Collect$$rtentry$$0000000D
    __rtentry4.o(.ARM.Collect$$rtentry$$00000004) refers to sys_stackheap_outer.o(.text) for __user_setup_stackheap
    __rtentry4.o(.ARM.exidx) refers to __rtentry4.o(.ARM.Collect$$rtentry$$00000004) for .ARM.Collect$$rtentry$$00000004
    rt_locale.o(.text) refers to rt_locale.o(.bss) for __rt_locale_data
    rt_locale_intlibspace.o(.text) refers to libspace.o(.bss) for __libspace_start
    rt_errno_addr.o(.text) refers to rt_errno_addr.o(.bss) for __aeabi_errno_addr_data
    rt_errno_addr_intlibspace.o(.text) refers to libspace.o(.bss) for __libspace_start
    _printf_char_common.o(.text) refers to __printf.o(.text) for __printf
    bigflt0.o(.text) refers (Special) to usenofp.o(x$fpl$usenofp) for __I$use$fp
    bigflt0.o(.text) refers to btod.o(CL$$btod_emul) for _btod_emul
    bigflt0.o(.text) refers to btod.o(CL$$btod_ediv) for _btod_ediv
    bigflt0.o(.text) refers to bigflt0.o(.constdata) for .constdata
    bigflt0.o(.constdata) refers (Special) to usenofp.o(x$fpl$usenofp) for __I$use$fp
    btod.o(CL$$btod_d2e) refers (Special) to usenofp.o(x$fpl$usenofp) for __I$use$fp
    btod.o(CL$$btod_d2e) refers to btod.o(CL$$btod_d2e_norm_op1) for _d2e_norm_op1
    btod.o(CL$$btod_d2e_norm_op1) refers (Special) to usenofp.o(x$fpl$usenofp) for __I$use$fp
    btod.o(CL$$btod_d2e_norm_op1) refers to btod.o(CL$$btod_d2e_denorm_low) for _d2e_denorm_low
    btod.o(CL$$btod_d2e_denorm_low) refers (Special) to usenofp.o(x$fpl$usenofp) for __I$use$fp
    btod.o(CL$$btod_emul) refers (Special) to usenofp.o(x$fpl$usenofp) for __I$use$fp
    btod.o(CL$$btod_emul) refers to btod.o(CL$$btod_mult_common) for __btod_mult_common
    btod.o(CL$$btod_emul) refers to btod.o(CL$$btod_e2e) for _e2e
    btod.o(CL$$btod_ediv) refers (Special) to usenofp.o(x$fpl$usenofp) for __I$use$fp
    btod.o(CL$$btod_ediv) refers to btod.o(CL$$btod_div_common) for __btod_div_common
    btod.o(CL$$btod_ediv) refers to btod.o(CL$$btod_e2e) for _e2e
    btod.o(CL$$btod_emuld) refers (Special) to usenofp.o(x$fpl$usenofp) for __I$use$fp
    btod.o(CL$$btod_emuld) refers to btod.o(CL$$btod_mult_common) for __btod_mult_common
    btod.o(CL$$btod_emuld) refers to btod.o(CL$$btod_e2d) for _e2d
    btod.o(CL$$btod_edivd) refers (Special) to usenofp.o(x$fpl$usenofp) for __I$use$fp
    btod.o(CL$$btod_edivd) refers to btod.o(CL$$btod_div_common) for __btod_div_common
    btod.o(CL$$btod_edivd) refers to btod.o(CL$$btod_e2d) for _e2d
    btod.o(CL$$btod_e2e) refers (Special) to usenofp.o(x$fpl$usenofp) for __I$use$fp
    btod.o(CL$$btod_e2d) refers (Special) to usenofp.o(x$fpl$usenofp) for __I$use$fp
    btod.o(CL$$btod_e2d) refers to btod.o(CL$$btod_e2e) for _e2e
    btod.o(CL$$btod_mult_common) refers (Special) to usenofp.o(x$fpl$usenofp) for __I$use$fp
    btod.o(CL$$btod_div_common) refers (Special) to usenofp.o(x$fpl$usenofp) for __I$use$fp
    lc_numeric_c.o(locale$$data) refers (Special) to libinit2.o(.ARM.Collect$$libinit$$00000016) for __rt_lib_init_lc_numeric_2
    lc_numeric_c.o(locale$$code) refers (Special) to libinit2.o(.ARM.Collect$$libinit$$00000016) for __rt_lib_init_lc_numeric_2
    lc_numeric_c.o(locale$$code) refers to strcmpv7m.o(.text) for strcmp
    lc_numeric_c.o(locale$$code) refers to lc_numeric_c.o(locale$$data) for __lcnum_c_name
    dcheck1.o(x$fpl$dcheck1) refers (Special) to usenofp.o(x$fpl$usenofp) for __I$use$fp
    dcheck1.o(x$fpl$dcheck1) refers to retnan.o(x$fpl$retnan) for __fpl_return_NaN
    dcmpi.o(x$fpl$dcmpinf) refers (Special) to usenofp.o(x$fpl$usenofp) for __I$use$fp
    istatus.o(x$fpl$ieeestatus) refers (Special) to usenofp.o(x$fpl$usenofp) for __I$use$fp
    libspace.o(.text) refers to libspace.o(.bss) for __libspace_start
    sys_stackheap_outer.o(.text) refers to libspace.o(.text) for __user_perproc_libspace
    sys_stackheap_outer.o(.text) refers to startup_rvmdk.o(.text) for __user_initial_stackheap
    exit.o(.text) refers to rtexit.o(.ARM.Collect$$rtexit$$00000000) for __rt_exit
    libinit.o(.ARM.Collect$$libinit$$00000000) refers (Special) to libinit2.o(.ARM.Collect$$libinit$$0000002E) for __rt_lib_init_alloca_1
    libinit.o(.ARM.Collect$$libinit$$00000000) refers (Special) to libinit2.o(.ARM.Collect$$libinit$$0000002C) for __rt_lib_init_argv_1
    libinit.o(.ARM.Collect$$libinit$$00000000) refers (Special) to libinit2.o(.ARM.Collect$$libinit$$0000001B) for __rt_lib_init_atexit_1
    libinit.o(.ARM.Collect$$libinit$$00000000) refers (Special) to libinit2.o(.ARM.Collect$$libinit$$00000021) for __rt_lib_init_clock_1
    libinit.o(.ARM.Collect$$libinit$$00000000) refers (Special) to libinit2.o(.ARM.Collect$$libinit$$00000032) for __rt_lib_init_cpp_1
    libinit.o(.ARM.Collect$$libinit$$00000000) refers (Special) to libinit2.o(.ARM.Collect$$libinit$$00000030) for __rt_lib_init_exceptions_1
    libinit.o(.ARM.Collect$$libinit$$00000000) refers (Special) to libinit2.o(.ARM.Collect$$libinit$$00000001) for __rt_lib_init_fp_1
    libinit.o(.ARM.Collect$$libinit$$00000000) refers (Special) to libinit2.o(.ARM.Collect$$libinit$$0000001F) for __rt_lib_init_fp_trap_1
    libinit.o(.ARM.Collect$$libinit$$00000000) refers (Special) to libinit2.o(.ARM.Collect$$libinit$$00000023) for __rt_lib_init_getenv_1
    libinit.o(.ARM.Collect$$libinit$$00000000) refers (Special) to libinit2.o(.ARM.Collect$$libinit$$0000000A) for __rt_lib_init_heap_1
    libinit.o(.ARM.Collect$$libinit$$00000000) refers (Special) to libinit2.o(.ARM.Collect$$libinit$$00000011) for __rt_lib_init_lc_collate_1
    libinit.o(.ARM.Collect$$libinit$$00000000) refers (Special) to libinit2.o(.ARM.Collect$$libinit$$00000013) for __rt_lib_init_lc_ctype_1
    libinit.o(.ARM.Collect$$libinit$$00000000) refers (Special) to libinit2.o(.ARM.Collect$$libinit$$00000015) for __rt_lib_init_lc_monetary_1
    libinit.o(.ARM.Collect$$libinit$$00000000) refers (Special) to libinit2.o(.ARM.Collect$$libinit$$00000017) for __rt_lib_init_lc_numeric_1
    libinit.o(.ARM.Collect$$libinit$$00000000) refers (Special) to libinit2.o(.ARM.Collect$$libinit$$00000019) for __rt_lib_init_lc_time_1
    libinit.o(.ARM.Collect$$libinit$$00000000) refers (Special) to libinit2.o(.ARM.Collect$$libinit$$00000004) for __rt_lib_init_preinit_1
    libinit.o(.ARM.Collect$$libinit$$00000000) refers (Special) to libinit2.o(.ARM.Collect$$libinit$$0000000E) for __rt_lib_init_rand_1
    libinit.o(.ARM.Collect$$libinit$$00000000) refers (Special) to libinit2.o(.ARM.Collect$$libinit$$00000033) for __rt_lib_init_return
    libinit.o(.ARM.Collect$$libinit$$00000000) refers (Special) to libinit2.o(.ARM.Collect$$libinit$$0000001D) for __rt_lib_init_signal_1
    libinit.o(.ARM.Collect$$libinit$$00000000) refers (Special) to libinit2.o(.ARM.Collect$$libinit$$00000025) for __rt_lib_init_stdio_1
    libinit.o(.ARM.Collect$$libinit$$00000000) refers (Special) to libinit2.o(.ARM.Collect$$libinit$$0000000C) for __rt_lib_init_user_alloc_1
    libinit2.o(.ARM.Collect$$libinit$$00000001) refers to fpinit.o(x$fpl$fpinit) for _fp_init
    libinit2.o(.ARM.Collect$$libinit$$0000000F) refers (Weak) to rt_locale_intlibspace.o(.text) for __rt_locale
    libinit2.o(.ARM.Collect$$libinit$$00000010) refers to libinit2.o(.ARM.Collect$$libinit$$0000000F) for .ARM.Collect$$libinit$$0000000F
    libinit2.o(.ARM.Collect$$libinit$$00000012) refers to libinit2.o(.ARM.Collect$$libinit$$0000000F) for .ARM.Collect$$libinit$$0000000F
    libinit2.o(.ARM.Collect$$libinit$$00000014) refers to libinit2.o(.ARM.Collect$$libinit$$0000000F) for .ARM.Collect$$libinit$$0000000F
    libinit2.o(.ARM.Collect$$libinit$$00000016) refers to libinit2.o(.ARM.Collect$$libinit$$0000000F) for .ARM.Collect$$libinit$$0000000F
    libinit2.o(.ARM.Collect$$libinit$$00000016) refers (Weak) to lc_numeric_c.o(locale$$code) for _get_lc_numeric
    libinit2.o(.ARM.Collect$$libinit$$00000018) refers to libinit2.o(.ARM.Collect$$libinit$$0000000F) for .ARM.Collect$$libinit$$0000000F
    libinit2.o(.ARM.Collect$$libinit$$00000026) refers to argv_veneer.o(.emb_text) for __ARM_argv_veneer
    libinit2.o(.ARM.Collect$$libinit$$00000027) refers to argv_veneer.o(.emb_text) for __ARM_argv_veneer
    retnan.o(x$fpl$retnan) refers (Special) to usenofp.o(x$fpl$usenofp) for __I$use$fp
    retnan.o(x$fpl$retnan) refers to trapv.o(x$fpl$trapveneer) for __fpl_cmpreturn
    rtexit.o(.ARM.Collect$$rtexit$$00000000) refers (Special) to rtexit2.o(.ARM.Collect$$rtexit$$00000004) for __rt_exit_exit
    rtexit.o(.ARM.Collect$$rtexit$$00000000) refers (Special) to rtexit2.o(.ARM.Collect$$rtexit$$00000003) for __rt_exit_ls
    rtexit.o(.ARM.Collect$$rtexit$$00000000) refers (Special) to rtexit2.o(.ARM.Collect$$rtexit$$00000002) for __rt_exit_prels_1
    rtexit.o(.ARM.exidx) refers (Special) to rtexit2.o(.ARM.Collect$$rtexit$$00000004) for __rt_exit_exit
    rtexit.o(.ARM.exidx) refers (Special) to rtexit2.o(.ARM.Collect$$rtexit$$00000003) for __rt_exit_ls
    rtexit.o(.ARM.exidx) refers (Special) to rtexit2.o(.ARM.Collect$$rtexit$$00000002) for __rt_exit_prels_1
    rtexit.o(.ARM.exidx) refers to rtexit.o(.ARM.Collect$$rtexit$$00000000) for .ARM.Collect$$rtexit$$00000000
    argv_veneer.o(.emb_text) refers to no_argv.o(.text) for __ARM_get_argv
    trapv.o(x$fpl$trapveneer) refers (Special) to usenofp.o(x$fpl$usenofp) for __I$use$fp
    rtexit2.o(.ARM.Collect$$rtexit$$00000003) refers to libshutdown.o(.ARM.Collect$$libshutdown$$00000000) for __rt_lib_shutdown
    rtexit2.o(.ARM.Collect$$rtexit$$00000004) refers to retarget.o(i._sys_exit) for _sys_exit
    rtexit2.o(.ARM.exidx) refers to rtexit2.o(.ARM.Collect$$rtexit$$00000001) for .ARM.Collect$$rtexit$$00000001
    rtexit2.o(.ARM.exidx) refers to rtexit2.o(.ARM.Collect$$rtexit$$00000003) for .ARM.Collect$$rtexit$$00000003
    rtexit2.o(.ARM.exidx) refers to rtexit2.o(.ARM.Collect$$rtexit$$00000004) for .ARM.Collect$$rtexit$$00000004
    _get_argv_nomalloc.o(.text) refers (Special) to hrguard.o(.text) for __heap_region$guard
    _get_argv_nomalloc.o(.text) refers to defsig_rtmem_outer.o(.text) for __rt_SIGRTMEM
    _get_argv_nomalloc.o(.text) refers to sys_command.o(.text) for _sys_command_string
    sys_command.o(.text) refers (Special) to use_no_semi.o(.text) for __I$use$semihosting
    sys_command.o(.text) refers (Special) to indicate_semi.o(.text) for __semihosting_library_function
    defsig_rtmem_outer.o(.text) refers to defsig_rtmem_inner.o(.text) for __rt_SIGRTMEM_inner
    defsig_rtmem_outer.o(.text) refers to defsig_exit.o(.text) for __sig_exit
    defsig_rtmem_formal.o(.text) refers to rt_raise.o(.text) for __rt_raise
    libshutdown.o(.ARM.Collect$$libshutdown$$00000000) refers (Special) to libshutdown2.o(.ARM.Collect$$libshutdown$$00000006) for __rt_lib_shutdown_fp_trap_1
    libshutdown.o(.ARM.Collect$$libshutdown$$00000000) refers (Special) to libshutdown2.o(.ARM.Collect$$libshutdown$$0000000E) for __rt_lib_shutdown_heap_1
    libshutdown.o(.ARM.Collect$$libshutdown$$00000000) refers (Special) to libshutdown2.o(.ARM.Collect$$libshutdown$$0000000F) for __rt_lib_shutdown_return
    libshutdown.o(.ARM.Collect$$libshutdown$$00000000) refers (Special) to libshutdown2.o(.ARM.Collect$$libshutdown$$00000009) for __rt_lib_shutdown_signal_1
    libshutdown.o(.ARM.Collect$$libshutdown$$00000000) refers (Special) to libshutdown2.o(.ARM.Collect$$libshutdown$$00000003) for __rt_lib_shutdown_stdio_1
    libshutdown.o(.ARM.Collect$$libshutdown$$00000000) refers (Special) to libshutdown2.o(.ARM.Collect$$libshutdown$$0000000B) for __rt_lib_shutdown_user_alloc_1
    rt_raise.o(.text) refers to __raise.o(.text) for __raise
    rt_raise.o(.text) refers to retarget.o(i._sys_exit) for _sys_exit
    defsig_exit.o(.text) refers to retarget.o(i._sys_exit) for _sys_exit
    defsig_rtmem_inner.o(.text) refers to defsig_general.o(.text) for __default_signal_display
    __raise.o(.text) refers to defsig.o(CL$$defsig) for __default_signal_handler
    defsig_general.o(.text) refers to retarget.o(i._ttywrch) for _ttywrch
    defsig.o(CL$$defsig) refers to defsig_rtmem_inner.o(.text) for __rt_SIGRTMEM_inner
    defsig_abrt_inner.o(.text) refers to defsig_general.o(.text) for __default_signal_display
    defsig_fpe_inner.o(.text) refers to defsig_general.o(.text) for __default_signal_display
    defsig_rtred_inner.o(.text) refers to defsig_general.o(.text) for __default_signal_display
    defsig_stak_inner.o(.text) refers to defsig_general.o(.text) for __default_signal_display
    defsig_pvfn_inner.o(.text) refers to defsig_general.o(.text) for __default_signal_display
    defsig_cppl_inner.o(.text) refers to defsig_general.o(.text) for __default_signal_display
    defsig_segv_inner.o(.text) refers to defsig_general.o(.text) for __default_signal_display
    defsig_other.o(.text) refers to defsig_general.o(.text) for __default_signal_display


==============================================================================

Removing Unused input sections from the image.

    Removing gameplay.o(i.QueryGamePlay), (12 bytes).
    Removing pwm.o(i.FlickerFlickBall), (10 bytes).
    Removing pwm.o(i.FlickerReset), (10 bytes).
    Removing pwm.o(i.FlickerSetStartPosition), (10 bytes).
    Removing pwm.o(i.HopperRelease), (10 bytes).
    Removing pwm.o(i.HopperSet), (10 bytes).
    Removing driving.o(i.QueryDriving), (12 bytes).
    Removing shooting.o(i.QueryShooting), (12 bytes).
    Removing obstacle.o(i.QueryObstacle), (12 bytes).
    Removing spitemplate.o(i.InitDRS), (28 bytes).
    Removing spitemplate.o(i.QueryDRS), (12 bytes).
    Removing es_deferrecall.o(i.ES_RecallEvents), (44 bytes).
    Removing es_framework.o(i.ES_PostAll), (72 bytes).
    Removing es_framework.o(i.ES_PostToServiceLIFO), (48 bytes).
    Removing es_port.o(i.ConsoleInit), (80 bytes).
    Removing es_port.o(i._HW_GetTickCount), (12 bytes).
    Removing es_queue.o(i.ES_EnQueueLIFO), (72 bytes).
    Removing es_queue.o(i.ES_IsQueueEmpty), (12 bytes).
    Removing es_timers_1.o(i.ES_Timer_GetTime), (4 bytes).
    Removing es_timers_1.o(i.ES_Timer_SetTimer), (40 bytes).
    Removing retarget.o(i._ttywrch), (6 bytes).
    Removing uartstdio.o(i.UARTgets), (132 bytes).
    Removing uartstdio.o(i.UARTprintf), (18 bytes).
    Removing uartstdio.o(i.UARTvprintf), (436 bytes).
    Removing uartstdio.o(i.UARTwrite), (60 bytes).
    Removing gpio.o(i.GPIOADCTriggerDisable), (14 bytes).
    Removing gpio.o(i.GPIOADCTriggerEnable), (14 bytes).
    Removing gpio.o(i.GPIODMATriggerDisable), (14 bytes).
    Removing gpio.o(i.GPIODMATriggerEnable), (14 bytes).
    Removing gpio.o(i.GPIODirModeGet), (34 bytes).
    Removing gpio.o(i.GPIOIntClear), (6 bytes).
    Removing gpio.o(i.GPIOIntDisable), (14 bytes).
    Removing gpio.o(i.GPIOIntEnable), (14 bytes).
    Removing gpio.o(i.GPIOIntRegister), (88 bytes).
    Removing gpio.o(i.GPIOIntStatus), (14 bytes).
    Removing gpio.o(i.GPIOIntTypeGet), (68 bytes).
    Removing gpio.o(i.GPIOIntTypeSet), (80 bytes).
    Removing gpio.o(i.GPIOIntUnregister), (88 bytes).
    Removing gpio.o(i.GPIOPadConfigGet), (204 bytes).
    Removing gpio.o(i.GPIOPinRead), (6 bytes).
    Removing gpio.o(i.GPIOPinTypeADC), (28 bytes).
    Removing gpio.o(i.GPIOPinTypeCAN), (28 bytes).
    Removing gpio.o(i.GPIOPinTypeCIR), (28 bytes).
    Removing gpio.o(i.GPIOPinTypeComparator), (28 bytes).
    Removing gpio.o(i.GPIOPinTypeEPI), (28 bytes).
    Removing gpio.o(i.GPIOPinTypeEthernetLED), (28 bytes).
    Removing gpio.o(i.GPIOPinTypeEthernetMII), (28 bytes).
    Removing gpio.o(i.GPIOPinTypeGPIOInput), (28 bytes).
    Removing gpio.o(i.GPIOPinTypeGPIOOutput), (28 bytes).
    Removing gpio.o(i.GPIOPinTypeGPIOOutputOD), (28 bytes).
    Removing gpio.o(i.GPIOPinTypeI2C), (28 bytes).
    Removing gpio.o(i.GPIOPinTypeI2CSCL), (28 bytes).
    Removing gpio.o(i.GPIOPinTypeKBColumn), (28 bytes).
    Removing gpio.o(i.GPIOPinTypeKBRow), (28 bytes).
    Removing gpio.o(i.GPIOPinTypeLCD), (28 bytes).
    Removing gpio.o(i.GPIOPinTypeLEDSeq), (28 bytes).
    Removing gpio.o(i.GPIOPinTypeLPC), (28 bytes).
    Removing gpio.o(i.GPIOPinTypePECIRx), (28 bytes).
    Removing gpio.o(i.GPIOPinTypePECITx), (28 bytes).
    Removing gpio.o(i.GPIOPinTypePWM), (28 bytes).
    Removing gpio.o(i.GPIOPinTypeQEI), (28 bytes).
    Removing gpio.o(i.GPIOPinTypeSSI), (28 bytes).
    Removing gpio.o(i.GPIOPinTypeTimer), (28 bytes).
    Removing gpio.o(i.GPIOPinTypeUSBAnalog), (28 bytes).
    Removing gpio.o(i.GPIOPinTypeUSBDigital), (28 bytes).
    Removing gpio.o(i.GPIOPinTypeWakeHigh), (30 bytes).
    Removing gpio.o(i.GPIOPinTypeWakeLow), (30 bytes).
    Removing gpio.o(i.GPIOPinWakeStatus), (6 bytes).
    Removing gpio.o(i.GPIOPinWrite), (6 bytes).
    Removing interrupt.o(i.IntDisable), (100 bytes).
    Removing interrupt.o(i.IntEnable), (100 bytes).
    Removing interrupt.o(i.IntIsEnabled), (96 bytes).
    Removing interrupt.o(i.IntMasterDisable), (14 bytes).
    Removing interrupt.o(i.IntPendClear), (68 bytes).
    Removing interrupt.o(i.IntPendSet), (84 bytes).
    Removing interrupt.o(i.IntPriorityGet), (28 bytes).
    Removing interrupt.o(i.IntPriorityGroupingGet), (36 bytes).
    Removing interrupt.o(i.IntPriorityGroupingSet), (28 bytes).
    Removing interrupt.o(i.IntPriorityMaskGet), (4 bytes).
    Removing interrupt.o(i.IntPriorityMaskSet), (4 bytes).
    Removing interrupt.o(i.IntPrioritySet), (40 bytes).
    Removing interrupt.o(i.IntRegister), (52 bytes).
    Removing interrupt.o(i.IntTrigger), (12 bytes).
    Removing interrupt.o(i.IntUnregister), (20 bytes).
    Removing interrupt.o(i._IntDefaultHandler), (2 bytes).
    Removing interrupt.o(.constdata), (268 bytes).
    Removing interrupt.o(vtable), (620 bytes).
    Removing sysctl.o(i.SysCtlAltClkConfig), (12 bytes).
    Removing sysctl.o(i.SysCtlClockFreqSet), (712 bytes).
    Removing sysctl.o(i.SysCtlClockGet), (356 bytes).
    Removing sysctl.o(i.SysCtlClockOutConfig), (16 bytes).
    Removing sysctl.o(i.SysCtlDeepSleep), (32 bytes).
    Removing sysctl.o(i.SysCtlDeepSleepClockConfigSet), (112 bytes).
    Removing sysctl.o(i.SysCtlDeepSleepClockSet), (12 bytes).
    Removing sysctl.o(i.SysCtlDeepSleepPowerSet), (12 bytes).
    Removing sysctl.o(i.SysCtlFlashSectorSizeGet), (56 bytes).
    Removing sysctl.o(i.SysCtlFlashSizeGet), (56 bytes).
    Removing sysctl.o(i.SysCtlGPIOAHBDisable), (28 bytes).
    Removing sysctl.o(i.SysCtlGPIOAHBEnable), (24 bytes).
    Removing sysctl.o(i.SysCtlIntClear), (12 bytes).
    Removing sysctl.o(i.SysCtlIntDisable), (16 bytes).
    Removing sysctl.o(i.SysCtlIntEnable), (16 bytes).
    Removing sysctl.o(i.SysCtlIntRegister), (20 bytes).
    Removing sysctl.o(i.SysCtlIntStatus), (16 bytes).
    Removing sysctl.o(i.SysCtlIntUnregister), (18 bytes).
    Removing sysctl.o(i.SysCtlLDODeepSleepGet), (12 bytes).
    Removing sysctl.o(i.SysCtlLDODeepSleepSet), (12 bytes).
    Removing sysctl.o(i.SysCtlLDOSleepGet), (12 bytes).
    Removing sysctl.o(i.SysCtlLDOSleepSet), (12 bytes).
    Removing sysctl.o(i.SysCtlMOSCConfigSet), (12 bytes).
    Removing sysctl.o(i.SysCtlNMIClear), (16 bytes).
    Removing sysctl.o(i.SysCtlNMIStatus), (12 bytes).
    Removing sysctl.o(i.SysCtlPIOSCCalibrate), (76 bytes).
    Removing sysctl.o(i.SysCtlPWMClockGet), (24 bytes).
    Removing sysctl.o(i.SysCtlPWMClockSet), (20 bytes).
    Removing sysctl.o(i.SysCtlPeripheralClockGating), (68 bytes).
    Removing sysctl.o(i.SysCtlPeripheralDeepSleepDisable), (40 bytes).
    Removing sysctl.o(i.SysCtlPeripheralDeepSleepEnable), (40 bytes).
    Removing sysctl.o(i.SysCtlPeripheralDisable), (40 bytes).
    Removing sysctl.o(i.SysCtlPeripheralPowerOff), (40 bytes).
    Removing sysctl.o(i.SysCtlPeripheralPowerOn), (40 bytes).
    Removing sysctl.o(i.SysCtlPeripheralPresent), (44 bytes).
    Removing sysctl.o(i.SysCtlPeripheralReady), (44 bytes).
    Removing sysctl.o(i.SysCtlPeripheralReset), (60 bytes).
    Removing sysctl.o(i.SysCtlPeripheralSleepDisable), (40 bytes).
    Removing sysctl.o(i.SysCtlPeripheralSleepEnable), (40 bytes).
    Removing sysctl.o(i.SysCtlReset), (16 bytes).
    Removing sysctl.o(i.SysCtlResetBehaviorGet), (12 bytes).
    Removing sysctl.o(i.SysCtlResetBehaviorSet), (12 bytes).
    Removing sysctl.o(i.SysCtlResetCauseClear), (16 bytes).
    Removing sysctl.o(i.SysCtlResetCauseGet), (12 bytes).
    Removing sysctl.o(i.SysCtlSRAMSizeGet), (16 bytes).
    Removing sysctl.o(i.SysCtlSleep), (4 bytes).
    Removing sysctl.o(i.SysCtlSleepPowerSet), (12 bytes).
    Removing sysctl.o(i.SysCtlUSBPLLDisable), (16 bytes).
    Removing sysctl.o(i.SysCtlUSBPLLEnable), (16 bytes).
    Removing sysctl.o(i.SysCtlVoltageEventClear), (16 bytes).
    Removing sysctl.o(i.SysCtlVoltageEventConfig), (12 bytes).
    Removing sysctl.o(i.SysCtlVoltageEventStatus), (12 bytes).
    Removing sysctl.o(.constdata), (452 bytes).
    Removing systick.o(i.SysTickDisable), (14 bytes).
    Removing systick.o(i.SysTickIntDisable), (14 bytes).
    Removing systick.o(i.SysTickIntRegister), (24 bytes).
    Removing systick.o(i.SysTickIntUnregister), (18 bytes).
    Removing systick.o(i.SysTickPeriodGet), (10 bytes).
    Removing systick.o(i.SysTickValueGet), (8 bytes).
    Removing uart.o(i.UART9BitAddrSend), (38 bytes).
    Removing uart.o(i.UART9BitAddrSet), (10 bytes).
    Removing uart.o(i.UART9BitDisable), (14 bytes).
    Removing uart.o(i.UART9BitEnable), (14 bytes).
    Removing uart.o(i.UARTBreakCtl), (18 bytes).
    Removing uart.o(i.UARTBusy), (8 bytes).
    Removing uart.o(i.UARTCharGet), (12 bytes).
    Removing uart.o(i.UARTCharGetNonBlocking), (16 bytes).
    Removing uart.o(i.UARTCharPutNonBlocking), (16 bytes).
    Removing uart.o(i.UARTCharsAvail), (10 bytes).
    Removing uart.o(i.UARTClockSourceGet), (6 bytes).
    Removing uart.o(i.UARTConfigGetExpClk), (46 bytes).
    Removing uart.o(i.UARTConfigSetExpClk), (110 bytes).
    Removing uart.o(i.UARTDMADisable), (10 bytes).
    Removing uart.o(i.UARTDMAEnable), (8 bytes).
    Removing uart.o(i.UARTDisable), (30 bytes).
    Removing uart.o(i.UARTDisableSIR), (10 bytes).
    Removing uart.o(i.UARTEnable), (20 bytes).
    Removing uart.o(i.UARTEnableSIR), (18 bytes).
    Removing uart.o(i.UARTFIFODisable), (10 bytes).
    Removing uart.o(i.UARTFIFOEnable), (10 bytes).
    Removing uart.o(i.UARTFIFOLevelGet), (16 bytes).
    Removing uart.o(i.UARTFIFOLevelSet), (6 bytes).
    Removing uart.o(i.UARTFlowControlGet), (8 bytes).
    Removing uart.o(i.UARTFlowControlSet), (12 bytes).
    Removing uart.o(i.UARTIntClear), (4 bytes).
    Removing uart.o(i.UARTIntDisable), (10 bytes).
    Removing uart.o(i.UARTIntEnable), (8 bytes).
    Removing uart.o(i.UARTIntRegister), (88 bytes).
    Removing uart.o(i.UARTIntStatus), (10 bytes).
    Removing uart.o(i.UARTIntUnregister), (88 bytes).
    Removing uart.o(i.UARTModemControlClear), (14 bytes).
    Removing uart.o(i.UARTModemControlGet), (8 bytes).
    Removing uart.o(i.UARTModemControlSet), (12 bytes).
    Removing uart.o(i.UARTModemStatusGet), (10 bytes).
    Removing uart.o(i.UARTParityModeGet), (8 bytes).
    Removing uart.o(i.UARTParityModeSet), (12 bytes).
    Removing uart.o(i.UARTRxErrorClear), (6 bytes).
    Removing uart.o(i.UARTRxErrorGet), (8 bytes).
    Removing uart.o(i.UARTSmartCardDisable), (10 bytes).
    Removing uart.o(i.UARTSmartCardEnable), (22 bytes).
    Removing uart.o(i.UARTSpaceAvail), (10 bytes).
    Removing uart.o(i.UARTTxIntModeGet), (8 bytes).
    Removing uart.o(i.UARTTxIntModeSet), (12 bytes).
    Removing uart.o(.constdata), (128 bytes).

191 unused section(s) (total 8088 bytes) removed from the image.

==============================================================================

Memory Map of the image

  Image Entry point : 0x00000000

  Load Region LR_IROM1 (Base: 0x00000000, Size: 0x00006cd4, Max: 0x00040000, ABSOLUTE)

    Execution Region ER_IROM1 (Base: 0x00000000, Size: 0x00006c54, Max: 0x00040000, ABSOLUTE)

    Base Addr    Size         Type   Attr      Idx    E Section Name        Object

    0x00000000   0x00000288   Code   RO          580  * RESET               startup_rvmdk.o
    0x00000288   0x00000008   Code   RO         2187  * !!!main             c_w.l(__main.o)
    0x00000290   0x00000000   Code   RO         2180    .ARM.Collect$$_printf_percent$$00000000  c_w.l(_printf_percent.o)
    0x00000290   0x00000006   Code   RO         2179    .ARM.Collect$$_printf_percent$$00000003  c_w.l(_printf_f.o)
    0x00000296   0x00000006   Code   RO         2178    .ARM.Collect$$_printf_percent$$00000009  c_w.l(_printf_d.o)
    0x0000029c   0x00000006   Code   RO         2177    .ARM.Collect$$_printf_percent$$00000014  c_w.l(_printf_s.o)
    0x000002a2   0x00000004   Code   RO         2268    .ARM.Collect$$_printf_percent$$00000017  c_w.l(_printf_percent_end.o)
    0x000002a6   0x00000002   Code   RO         2394    .ARM.Collect$$libinit$$00000000  c_w.l(libinit.o)
    0x000002a8   0x00000004   Code   RO         2395    .ARM.Collect$$libinit$$00000001  c_w.l(libinit2.o)
    0x000002ac   0x00000000   Code   RO         2398    .ARM.Collect$$libinit$$00000004  c_w.l(libinit2.o)
    0x000002ac   0x00000000   Code   RO         2401    .ARM.Collect$$libinit$$0000000A  c_w.l(libinit2.o)
    0x000002ac   0x00000000   Code   RO         2403    .ARM.Collect$$libinit$$0000000C  c_w.l(libinit2.o)
    0x000002ac   0x00000000   Code   RO         2405    .ARM.Collect$$libinit$$0000000E  c_w.l(libinit2.o)
    0x000002ac   0x00000006   Code   RO         2406    .ARM.Collect$$libinit$$0000000F  c_w.l(libinit2.o)
    0x000002b2   0x00000000   Code   RO         2408    .ARM.Collect$$libinit$$00000011  c_w.l(libinit2.o)
    0x000002b2   0x00000000   Code   RO         2410    .ARM.Collect$$libinit$$00000013  c_w.l(libinit2.o)
    0x000002b2   0x00000000   Code   RO         2412    .ARM.Collect$$libinit$$00000015  c_w.l(libinit2.o)
    0x000002b2   0x0000000a   Code   RO         2413    .ARM.Collect$$libinit$$00000016  c_w.l(libinit2.o)
    0x000002bc   0x00000000   Code   RO         2414    .ARM.Collect$$libinit$$00000017  c_w.l(libinit2.o)
    0x000002bc   0x00000000   Code   RO         2416    .ARM.Collect$$libinit$$00000019  c_w.l(libinit2.o)
    0x000002bc   0x00000000   Code   RO         2418    .ARM.Collect$$libinit$$0000001B  c_w.l(libinit2.o)
    0x000002bc   0x00000000   Code   RO         2420    .ARM.Collect$$libinit$$0000001D  c_w.l(libinit2.o)
    0x000002bc   0x00000000   Code   RO         2422    .ARM.Collect$$libinit$$0000001F  c_w.l(libinit2.o)
    0x000002bc   0x00000000   Code   RO         2424    .ARM.Collect$$libinit$$00000021  c_w.l(libinit2.o)
    0x000002bc   0x00000000   Code   RO         2426    .ARM.Collect$$libinit$$00000023  c_w.l(libinit2.o)
    0x000002bc   0x00000000   Code   RO         2428    .ARM.Collect$$libinit$$00000025  c_w.l(libinit2.o)
    0x000002bc   0x00000000   Code   RO         2432    .ARM.Collect$$libinit$$0000002C  c_w.l(libinit2.o)
    0x000002bc   0x00000000   Code   RO         2434    .ARM.Collect$$libinit$$0000002E  c_w.l(libinit2.o)
    0x000002bc   0x00000000   Code   RO         2436    .ARM.Collect$$libinit$$00000030  c_w.l(libinit2.o)
    0x000002bc   0x00000000   Code   RO         2438    .ARM.Collect$$libinit$$00000032  c_w.l(libinit2.o)
    0x000002bc   0x00000002   Code   RO         2439    .ARM.Collect$$libinit$$00000033  c_w.l(libinit2.o)
    0x000002be   0x00000002   Code   RO         2471    .ARM.Collect$$libshutdown$$00000000  c_w.l(libshutdown.o)
    0x000002c0   0x00000000   Code   RO         2481    .ARM.Collect$$libshutdown$$00000003  c_w.l(libshutdown2.o)
    0x000002c0   0x00000000   Code   RO         2484    .ARM.Collect$$libshutdown$$00000006  c_w.l(libshutdown2.o)
    0x000002c0   0x00000000   Code   RO         2487    .ARM.Collect$$libshutdown$$00000009  c_w.l(libshutdown2.o)
    0x000002c0   0x00000000   Code   RO         2489    .ARM.Collect$$libshutdown$$0000000B  c_w.l(libshutdown2.o)
    0x000002c0   0x00000000   Code   RO         2492    .ARM.Collect$$libshutdown$$0000000E  c_w.l(libshutdown2.o)
    0x000002c0   0x00000002   Code   RO         2493    .ARM.Collect$$libshutdown$$0000000F  c_w.l(libshutdown2.o)
    0x000002c2   0x00000000   Code   RO         2257    .ARM.Collect$$rtentry$$00000000  c_w.l(__rtentry.o)
    0x000002c2   0x00000000   Code   RO         2314    .ARM.Collect$$rtentry$$00000002  c_w.l(__rtentry2.o)
    0x000002c2   0x00000006   Code   RO         2326    .ARM.Collect$$rtentry$$00000004  c_w.l(__rtentry4.o)
    0x000002c8   0x00000000   Code   RO         2316    .ARM.Collect$$rtentry$$00000009  c_w.l(__rtentry2.o)
    0x000002c8   0x00000004   Code   RO         2317    .ARM.Collect$$rtentry$$0000000A  c_w.l(__rtentry2.o)
    0x000002cc   0x00000000   Code   RO         2319    .ARM.Collect$$rtentry$$0000000C  c_w.l(__rtentry2.o)
    0x000002cc   0x00000008   Code   RO         2320    .ARM.Collect$$rtentry$$0000000D  c_w.l(__rtentry2.o)
    0x000002d4   0x00000002   Code   RO         2442    .ARM.Collect$$rtexit$$00000000  c_w.l(rtexit.o)
    0x000002d6   0x00000000   Code   RO         2451    .ARM.Collect$$rtexit$$00000002  c_w.l(rtexit2.o)
    0x000002d6   0x00000004   Code   RO         2452    .ARM.Collect$$rtexit$$00000003  c_w.l(rtexit2.o)
    0x000002da   0x00000006   Code   RO         2453    .ARM.Collect$$rtexit$$00000004  c_w.l(rtexit2.o)
    0x000002e0   0x00000006   Code   RO         1439    .emb_text           driverlib.lib(sysctl.o)
    0x000002e6   0x00000002   PAD
    0x000002e8   0x00000026   Code   RO         2133    .emb_text           driverlib.lib(cpu.o)
    0x0000030e   0x00000002   PAD
    0x00000310   0x00000018   Code   RO          581    .text               startup_rvmdk.o
    0x00000328   0x00000002   Code   RO         2145    .text               c_w.l(use_no_semi.o)
    0x0000032a   0x00000002   PAD
    0x0000032c   0x00000018   Code   RO         2149    .text               c_w.l(noretval__2printf.o)
    0x00000344   0x00000068   Code   RO         2151    .text               c_w.l(__printf.o)
    0x000003ac   0x00000052   Code   RO         2153    .text               c_w.l(_printf_str.o)
    0x000003fe   0x00000002   PAD
    0x00000400   0x00000078   Code   RO         2155    .text               c_w.l(_printf_dec.o)
    0x00000478   0x00000004   Code   RO         2181    .text               c_w.l(getc.o)
    0x0000047c   0x0000002c   Code   RO         2183    .text               c_w.l(puts.o)
    0x000004a8   0x00000006   Code   RO         2185    .text               c_w.l(heapauxi.o)
    0x000004ae   0x00000016   Code   RO         2258    .text               c_w.l(_rserrno.o)
    0x000004c4   0x000000b2   Code   RO         2260    .text               c_w.l(_printf_intcommon.o)
    0x00000576   0x0000041a   Code   RO         2262    .text               c_w.l(_printf_fp_dec.o)
    0x00000990   0x0000002c   Code   RO         2264    .text               c_w.l(_printf_char.o)
    0x000009bc   0x00000024   Code   RO         2266    .text               c_w.l(_printf_char_file.o)
    0x000009e0   0x00000008   Code   RO         2331    .text               c_w.l(rt_locale_intlibspace.o)
    0x000009e8   0x00000008   Code   RO         2336    .text               c_w.l(rt_errno_addr_intlibspace.o)
    0x000009f0   0x0000008a   Code   RO         2338    .text               c_w.l(lludiv10.o)
    0x00000a7a   0x00000002   PAD
    0x00000a7c   0x00000030   Code   RO         2340    .text               c_w.l(_printf_char_common.o)
    0x00000aac   0x00000080   Code   RO         2342    .text               c_w.l(_printf_fp_infnan.o)
    0x00000b2c   0x000000dc   Code   RO         2344    .text               c_w.l(bigflt0.o)
    0x00000c08   0x00000008   Code   RO         2378    .text               c_w.l(libspace.o)
    0x00000c10   0x0000004a   Code   RO         2381    .text               c_w.l(sys_stackheap_outer.o)
    0x00000c5a   0x0000000c   Code   RO         2385    .text               c_w.l(exit.o)
    0x00000c66   0x00000002   PAD
    0x00000c68   0x00000080   Code   RO         2387    .text               c_w.l(strcmpv7m.o)
    0x00000ce8   0x0000003e   Code   RO         2347    CL$$btod_d2e        c_w.l(btod.o)
    0x00000d26   0x00000046   Code   RO         2349    CL$$btod_d2e_denorm_low  c_w.l(btod.o)
    0x00000d6c   0x00000060   Code   RO         2348    CL$$btod_d2e_norm_op1  c_w.l(btod.o)
    0x00000dcc   0x00000338   Code   RO         2357    CL$$btod_div_common  c_w.l(btod.o)
    0x00001104   0x000000c6   Code   RO         2354    CL$$btod_e2e        c_w.l(btod.o)
    0x000011ca   0x00000028   Code   RO         2351    CL$$btod_ediv       c_w.l(btod.o)
    0x000011f2   0x00000028   Code   RO         2350    CL$$btod_emul       c_w.l(btod.o)
    0x0000121a   0x00000244   Code   RO         2356    CL$$btod_mult_common  c_w.l(btod.o)
    0x0000145e   0x00000008   Code   RO          715    i.CPUgetPRIMASK_cpsid  es_port.o
    0x00001466   0x00000006   Code   RO          721    i.CPUsetPRIMASK     es_port.o
    0x0000146c   0x000004a0   Code   RO           86    i.Check4Keystroke   eventcheckers.o
    0x0000190c   0x000000a0   Code   RO          474    i.CheckDRSEvents    spitemplate.o
    0x000019ac   0x0000004c   Code   RO          108    i.CheckVal          drive.o
    0x000019f8   0x0000029c   Code   RO          475    i.DRSSaveData       spitemplate.o
    0x00001c94   0x000002c0   Code   RO          109    i.DriveTo           drive.o
    0x00001f54   0x000000e8   Code   RO          340    i.DuringAtPositionState  driving.o
    0x0000203c   0x00000088   Code   RO          536    i.DuringDrivingStateSM  runninggame.o
    0x000020c4   0x000000ec   Code   RO          395    i.DuringFindBeaconState  shooting.o
    0x000021b0   0x000000a0   Code   RO          396    i.DuringFireState   shooting.o
    0x00002250   0x00000074   Code   RO          193    i.DuringMaster      master.o
    0x000022c4   0x00000080   Code   RO          341    i.DuringMovingState  driving.o
    0x00002344   0x0000008c   Code   RO          537    i.DuringObstacleStateSM  runninggame.o
    0x000023d0   0x000000a4   Code   RO          437    i.DuringOnLineState  obstacle.o
    0x00002474   0x000000f8   Code   RO          238    i.DuringPauseState  gameplay.o
    0x0000256c   0x000000a0   Code   RO          438    i.DuringReturnToFieldState  obstacle.o
    0x0000260c   0x000000bc   Code   RO          397    i.DuringReturnToTapeState  shooting.o
    0x000026c8   0x0000009c   Code   RO          239    i.DuringRunningGameStateGP  gameplay.o
    0x00002764   0x0000008c   Code   RO          538    i.DuringShootingStateSM  runninggame.o
    0x000027f0   0x000000b0   Code   RO          240    i.DuringWaitForStartState  gameplay.o
    0x000028a0   0x0000003c   Code   RO          476    i.EOTResponse       spitemplate.o
    0x000028dc   0x00000028   Code   RO          587    i.ES_CheckUserEvents  es_checkevents.o
    0x00002904   0x00000054   Code   RO          746    i.ES_DeQueue        es_queue.o
    0x00002958   0x00000048   Code   RO          747    i.ES_EnQueueFIFO    es_queue.o
    0x000029a0   0x00000034   Code   RO          664    i.ES_GetMSBitSet    es_lookuptables.o
    0x000029d4   0x00000010   Code   RO          749    i.ES_InitQueue      es_queue.o
    0x000029e4   0x0000004c   Code   RO          619    i.ES_Initialize     es_framework.o
    0x00002a30   0x00000030   Code   RO          621    i.ES_PostToService  es_framework.o
    0x00002a60   0x00000060   Code   RO          623    i.ES_Run            es_framework.o
    0x00002ac0   0x00000004   Code   RO          789    i.ES_Timer_Init     es_timers_1.o
    0x00002ac4   0x0000003c   Code   RO          790    i.ES_Timer_InitTimer  es_timers_1.o
    0x00002b00   0x00000030   Code   RO          792    i.ES_Timer_StartTimer  es_timers_1.o
    0x00002b30   0x00000024   Code   RO          793    i.ES_Timer_StopTimer  es_timers_1.o
    0x00002b54   0x0000006c   Code   RO          794    i.ES_Timer_Tick_Resp  es_timers_1.o
    0x00002bc0   0x0000001c   Code   RO          795    i.ES_Timer_isActive  es_timers_1.o
    0x00002bdc   0x00000040   Code   RO          342    i.FindDecisionZone  driving.o
    0x00002c1c   0x000000f8   Code   RO          343    i.FindNextPoint     driving.o
    0x00002d14   0x000000a8   Code   RO          110    i.FindNextSection   drive.o
    0x00002dbc   0x000000a8   Code   RO          344    i.FindStraightSection  driving.o
    0x00002e64   0x00000028   Code   RO         1002    i.GPIODirModeSet    driverlib.lib(gpio.o)
    0x00002e8c   0x0000013a   Code   RO         1012    i.GPIOPadConfigSet  driverlib.lib(gpio.o)
    0x00002fc6   0x00000002   PAD
    0x00002fc8   0x00000048   Code   RO         1013    i.GPIOPinConfigure  driverlib.lib(gpio.o)
    0x00003010   0x0000001c   Code   RO         1038    i.GPIOPinTypeUART   driverlib.lib(gpio.o)
    0x0000302c   0x00000024   Code   RO          194    i.InitMaster        master.o
    0x00003050   0x00000158   Code   RO          286    i.InitPWM           pwm.o
    0x000031a8   0x0000000e   Code   RO         1327    i.IntMasterEnable   driverlib.lib(interrupt.o)
    0x000031b6   0x00000002   PAD
    0x000031b8   0x00000010   Code   RO          478    i.PostDRS           spitemplate.o
    0x000031c8   0x00000010   Code   RO          195    i.PostMaster        master.o
    0x000031d8   0x00000018   Code   RO          480    i.QueryMyKart       spitemplate.o
    0x000031f0   0x0000000c   Code   RO          539    i.QueryRunningGame  runninggame.o
    0x000031fc   0x0000018c   Code   RO          481    i.RunDRS            spitemplate.o
    0x00003388   0x00000218   Code   RO          111    i.RunDrive          drive.o
    0x000035a0   0x00000328   Code   RO          346    i.RunDriving        driving.o
    0x000038c8   0x0000010c   Code   RO          242    i.RunGamePlay       gameplay.o
    0x000039d4   0x0000000e   Code   RO          196    i.RunMaster         master.o
    0x000039e2   0x00000002   PAD
    0x000039e4   0x000002c4   Code   RO          440    i.RunObstacle       obstacle.o
    0x00003ca8   0x000000c4   Code   RO          540    i.RunRunningGame    runninggame.o
    0x00003d6c   0x00000114   Code   RO          399    i.RunShooting       shooting.o
    0x00003e80   0x000000c0   Code   RO          287    i.SetPWMDuty        pwm.o
    0x00003f40   0x000000d0   Code   RO          288    i.SetPWMWidth       pwm.o
    0x00004010   0x0000015c   Code   RO          482    i.StartDRS          spitemplate.o
    0x0000416c   0x0000002c   Code   RO          112    i.StartDrive        drive.o
    0x00004198   0x00000034   Code   RO          347    i.StartDriving      driving.o
    0x000041cc   0x0000001c   Code   RO          243    i.StartGamePlay     gameplay.o
    0x000041e8   0x00000022   Code   RO          197    i.StartMaster       master.o
    0x0000420a   0x00000002   PAD
    0x0000420c   0x00000010   Code   RO          441    i.StartObstacle     obstacle.o
    0x0000421c   0x00000034   Code   RO          541    i.StartRunningGame  runninggame.o
    0x00004250   0x00000010   Code   RO          400    i.StartShooting     shooting.o
    0x00004260   0x00000120   Code   RO         1444    i.SysCtlClockSet    driverlib.lib(sysctl.o)
    0x00004380   0x00000028   Code   RO         1473    i.SysCtlPeripheralEnable  driverlib.lib(sysctl.o)
    0x000043a8   0x0000000e   Code   RO         1782    i.SysTickEnable     driverlib.lib(systick.o)
    0x000043b6   0x0000000e   Code   RO         1784    i.SysTickIntEnable  driverlib.lib(systick.o)
    0x000043c4   0x00000014   Code   RO          681    i.SysTickIntHandler  es_port.o
    0x000043d8   0x0000000a   Code   RO         1788    i.SysTickPeriodSet  driverlib.lib(systick.o)
    0x000043e2   0x00000004   Code   RO          899    i.TERMIO_GetChar    termio.o
    0x000043e6   0x00000002   PAD
    0x000043e8   0x00000050   Code   RO          900    i.TERMIO_Init       termio.o
    0x00004438   0x0000000c   Code   RO          901    i.TERMIO_PutChar    termio.o
    0x00004444   0x0000015c   Code   RO          113    i.TurnTheta         drive.o
    0x000045a0   0x0000000c   Code   RO         1852    i.UARTCharPut       driverlib.lib(uart.o)
    0x000045ac   0x00000006   Code   RO         1856    i.UARTClockSourceSet  driverlib.lib(uart.o)
    0x000045b2   0x00000002   PAD
    0x000045b4   0x0000005c   Code   RO          942    i.UARTStdioConfig   uartstdio.o
    0x00004610   0x00000018   Code   RO          943    i.UARTgetc          uartstdio.o
    0x00004628   0x00000020   Code   RO          683    i._HW_Process_Pending_Ints  es_port.o
    0x00004648   0x00000016   Code   RO          684    i._HW_Timer_Init    es_port.o
    0x0000465e   0x00000030   Code   RO         2308    i.__ARM_fpclassify  m_wm.l(fpclassify.o)
    0x0000468e   0x00000002   PAD
    0x00004690   0x000002d8   Code   RO         2217    i.__hardfp_atan     m_wm.l(atan.o)
    0x00004968   0x00000c38   Code   RO         2231    i.__hardfp_pow      m_wm.l(pow.o)
    0x000055a0   0x0000007a   Code   RO         2245    i.__hardfp_sqrt     m_wm.l(sqrt.o)
    0x0000561a   0x000000f8   Code   RO         2310    i.__kernel_poly     m_wm.l(poly.o)
    0x00005712   0x00000006   PAD
    0x00005718   0x00000030   Code   RO         2288    i.__mathlib_dbl_divzero  m_wm.l(dunder.o)
    0x00005748   0x00000014   Code   RO         2289    i.__mathlib_dbl_infnan  m_wm.l(dunder.o)
    0x0000575c   0x00000014   Code   RO         2290    i.__mathlib_dbl_infnan2  m_wm.l(dunder.o)
    0x00005770   0x00000020   Code   RO         2291    i.__mathlib_dbl_invalid  m_wm.l(dunder.o)
    0x00005790   0x00000020   Code   RO         2292    i.__mathlib_dbl_overflow  m_wm.l(dunder.o)
    0x000057b0   0x00000020   Code   RO         2294    i.__mathlib_dbl_underflow  m_wm.l(dunder.o)
    0x000057d0   0x00000002   Code   RO          846    i._sys_exit         retarget.o
    0x000057d2   0x00000018   Code   RO         2304    i.fabs              m_wm.l(fabs.o)
    0x000057ea   0x00000006   Code   RO          848    i.ferror            retarget.o
    0x000057f0   0x00000004   Code   RO          849    i.fgetc             retarget.o
    0x000057f4   0x0000000e   Code   RO          850    i.fputc             retarget.o
    0x00005802   0x00000002   PAD
    0x00005804   0x00000014   Code   RO          902    i.kbhit             termio.o
    0x00005818   0x000000f4   Code   RO            1    i.main              main.o
    0x0000590c   0x0000006e   Code   RO         2247    i.sqrt              m_wm.l(sqrt.o)
    0x0000597a   0x00000002   PAD
    0x0000597c   0x0000002c   Code   RO         2370    locale$$code        c_w.l(lc_numeric_c.o)
    0x000059a8   0x00000018   Code   RO         2269    x$fpl$basic         fz_wm.l(basic.o)
    0x000059c0   0x00000062   Code   RO         2189    x$fpl$d2f           fz_wm.l(d2f.o)
    0x00005a22   0x00000002   PAD
    0x00005a24   0x00000150   Code   RO         2191    x$fpl$dadd          fz_wm.l(daddsub_clz.o)
    0x00005b74   0x00000010   Code   RO         2372    x$fpl$dcheck1       fz_wm.l(dcheck1.o)
    0x00005b84   0x00000018   Code   RO         2374    x$fpl$dcmpinf       fz_wm.l(dcmpi.o)
    0x00005b9c   0x000002b0   Code   RO         2198    x$fpl$ddiv          fz_wm.l(ddiv.o)
    0x00005e4c   0x0000005e   Code   RO         2201    x$fpl$dfix          fz_wm.l(dfix.o)
    0x00005eaa   0x0000002e   Code   RO         2206    x$fpl$dflt          fz_wm.l(dflt_clz.o)
    0x00005ed8   0x00000078   Code   RO         2271    x$fpl$dleqf         fz_wm.l(dleqf.o)
    0x00005f50   0x00000154   Code   RO         2211    x$fpl$dmul          fz_wm.l(dmul.o)
    0x000060a4   0x0000009c   Code   RO         2273    x$fpl$dnaninf       fz_wm.l(dnaninf.o)
    0x00006140   0x0000000c   Code   RO         2275    x$fpl$dretinf       fz_wm.l(dretinf.o)
    0x0000614c   0x0000006c   Code   RO         2277    x$fpl$drleqf        fz_wm.l(drleqf.o)
    0x000061b8   0x00000016   Code   RO         2192    x$fpl$drsb          fz_wm.l(daddsub_clz.o)
    0x000061ce   0x00000002   PAD
    0x000061d0   0x00000198   Code   RO         2279    x$fpl$dsqrt         fz_wm.l(dsqrt_umaal.o)
    0x00006368   0x000001d4   Code   RO         2193    x$fpl$dsub          fz_wm.l(daddsub_clz.o)
    0x0000653c   0x00000056   Code   RO         2213    x$fpl$f2d           fz_wm.l(f2d.o)
    0x00006592   0x0000008c   Code   RO         2281    x$fpl$fnaninf       fz_wm.l(fnaninf.o)
    0x0000661e   0x0000000a   Code   RO         2446    x$fpl$fpinit        fz_wm.l(fpinit.o)
    0x00006628   0x0000000a   Code   RO         2283    x$fpl$fretinf       fz_wm.l(fretinf.o)
    0x00006632   0x00000004   Code   RO         2215    x$fpl$printf1       fz_wm.l(printf1.o)
    0x00006636   0x00000064   Code   RO         2440    x$fpl$retnan        fz_wm.l(retnan.o)
    0x0000669a   0x0000005c   Code   RO         2285    x$fpl$scalbn        fz_wm.l(scalbn.o)
    0x000066f6   0x00000030   Code   RO         2448    x$fpl$trapveneer    fz_wm.l(trapv.o)
    0x00006726   0x00000000   Code   RO         2287    x$fpl$usenofp       fz_wm.l(usenofp.o)
    0x00006726   0x00000002   PAD
    0x00006728   0x00000064   Data   RO           87    .constdata          eventcheckers.o
    0x0000678c   0x0000000c   Data   RO          114    .constdata          drive.o
    0x00006798   0x00000004   Data   RO          245    .constdata          gameplay.o
    0x0000679c   0x00000004   Data   RO          348    .constdata          driving.o
    0x000067a0   0x00000004   Data   RO          401    .constdata          shooting.o
    0x000067a4   0x00000004   Data   RO          442    .constdata          obstacle.o
    0x000067a8   0x00000008   Data   RO          484    .constdata          spitemplate.o
    0x000067b0   0x00000004   Data   RO          542    .constdata          runninggame.o
    0x000067b4   0x00000004   Data   RO          588    .constdata          es_checkevents.o
    0x000067b8   0x00000010   Data   RO          625    .constdata          es_framework.o
    0x000067c8   0x00000020   Data   RO          665    .constdata          es_lookuptables.o
    0x000067e8   0x0000000f   Data   RO          666    .constdata          es_lookuptables.o
    0x000067f7   0x00000001   PAD
    0x000067f8   0x00000040   Data   RO          797    .constdata          es_timers_1.o
    0x00006838   0x0000001c   Data   RO          948    .constdata          uartstdio.o
    0x00006854   0x00000210   Data   RO         1045    .constdata          driverlib.lib(gpio.o)
    0x00006a64   0x00000004   PAD
    0x00006a68   0x00000098   Data   RO         2220    .constdata          m_wm.l(atan.o)
    0x00006b00   0x00000088   Data   RO         2234    .constdata          m_wm.l(pow.o)
    0x00006b88   0x00000008   Data   RO         2312    .constdata          m_wm.l(qnan.o)
    0x00006b90   0x00000094   Data   RO         2345    .constdata          c_w.l(bigflt0.o)
    0x00006c24   0x00000011   Data   RO          949    .conststring        uartstdio.o
    0x00006c35   0x00000003   PAD
    0x00006c38   0x00000000   Data   RO         2516    Region$$Table       anon$$obj.o
    0x00006c38   0x0000001c   Data   RO         2369    locale$$data        c_w.l(lc_numeric_c.o)


    Execution Region RW_IRAM1 (Base: 0x20000000, Size: 0x000009a0, Max: 0x00008000, ABSOLUTE)

    Base Addr    Size         Type   Attr      Idx    E Section Name        Object

    0x20000000   0x00000018   Data   RW          115    .data               drive.o
    0x20000018   0x00000001   Data   RW          198    .data               master.o
    0x20000019   0x00000001   Data   RW          246    .data               gameplay.o
    0x2000001a   0x00000002   Data   RW          289    .data               pwm.o
    0x2000001c   0x00000026   Data   RW          349    .data               driving.o
    0x20000042   0x00000002   Data   RW          402    .data               shooting.o
    0x20000044   0x00000008   Data   RW          443    .data               obstacle.o
    0x2000004c   0x00000006   Data   RW          485    .data               spitemplate.o
    0x20000052   0x00000001   Data   RW          543    .data               runninggame.o
    0x20000053   0x00000001   PAD
    0x20000054   0x00000006   Data   RW          626    .data               es_framework.o
    0x2000005a   0x00000004   Data   RW          685    .data               es_port.o
    0x2000005e   0x00000002   PAD
    0x20000060   0x00000004   Data   RW          751    .data               es_queue.o
    0x20000064   0x0000000a   Data   RW          798    .data               es_timers_1.o
    0x2000006e   0x00000002   PAD
    0x20000070   0x00000004   Data   RW          851    .data               retarget.o
    0x20000074   0x00000004   Data   RW          852    .data               retarget.o
    0x20000078   0x00000008   Data   RW          950    .data               uartstdio.o
    0x20000080   0x00000009   Zero   RW          244    .bss                gameplay.o
    0x20000089   0x00000001   PAD
    0x2000008a   0x0000007e   Zero   RW          483    .bss                spitemplate.o
    0x20000108   0x00000018   Zero   RW          624    .bss                es_framework.o
    0x20000120   0x00000020   Zero   RW          796    .bss                es_timers_1.o
    0x20000140   0x00000060   Zero   RW         2379    .bss                c_w.l(libspace.o)
    0x200001a0   0x00000000   Zero   RW          579    HEAP                startup_rvmdk.o
    0x200001a0   0x00000800   Zero   RW          578    STACK               startup_rvmdk.o

