<html>
<body>
<pre>
<h1>µVision Build Log</h1>
<h2>Tool Versions:</h2>
IDE-Version: µVision V5.13.0.0
Copyright (C) 2014 ARM Ltd and ARM Germany GmbH. All rights reserved.
License Information: Denny Delp, Stanford, LIC=----
 
Tool Versions:
Toolchain:       MDK-Lite  Version: 5.13.0.0
Toolchain Path:  C:\Keil_v5\ARM\ARMCC\Bin
C Compiler:      Armcc.exe V5.05 update 1 (build 106)
Assembler:       Armasm.exe V5.05 update 1 (build 106)
Linker/Locator:  ArmLink.exe V5.05 update 1 (build 106)
Library Manager: ArmAr.exe V5.05 update 1 (build 106)
Hex Converter:   FromElf.exe V5.05 update 1 (build 106)
CPU DLL:         SARMCM3.DLL V5.13.0.0
Dialog DLL:      DCM.DLL V1.13.1.0
Target DLL:      lmidk-agdi.dll V???
Dialog DLL:      TCM.DLL V1.14.4.0
 
<h2>Project:</h2>
C:\Users\Denny\Dropbox\W15 ME218B\_ME218B (Group)\Project\Software_Design\FINAL_CODE (don't modify)\Checkpoint5\Master Code\MasterCode.uvprojx
Project File Date:  03/01/2015

<h2>Output:</h2>
Rebuild target 'BaseFrameworkTarget'
compiling main.c...
compiling EventCheckers.c...
Source\EventCheckers.c(198): warning:  #177-D: variable "currentX" was declared but never referenced
                uint16_t currentX = myKart.KartX;
Source\EventCheckers.c(199): warning:  #177-D: variable "currentY" was declared but never referenced
                uint16_t currentY = myKart.KartY;
Source\EventCheckers.c(260): warning:  #177-D: variable "lastCommandedTheta" was declared but never referenced
                uint16_t lastCommandedTheta = desiredTheta;
Source\EventCheckers.c: 3 warnings, 0 errors
compiling Drive.c...
Source\Drive.c(39): warning:  #550-D: variable "lastCommandedX" was set but never used
  static uint16_t lastCommandedX;
Source\Drive.c(40): warning:  #550-D: variable "lastCommandedY" was set but never used
  static uint16_t lastCommandedY;
Source\Drive.c(41): warning:  #550-D: variable "lastCommandedTheta" was set but never used
  static uint16_t lastCommandedTheta;
Source\Drive.c(44): warning:  #550-D: variable "nextSection" was set but never used
  static MapSection nextSection;
Source\Drive.c: 4 warnings, 0 errors
compiling Master.c...
compiling GamePlay.c...
compiling PWM.c...
Source\PWM.c(331): warning:  #940-D: missing return statement at end of non-void function "GetLastPWM"
  }
Source\PWM.c(352): warning:  #940-D: missing return statement at end of non-void function "GetLastDirection"
  }
Source\PWM.c: 2 warnings, 0 errors
compiling Driving.c...
compiling Shooting.c...
compiling Obstacle.c...
Source\Obstacle.c(496): warning:  #177-D: function "DuringDrivingToTeeterPointState" was declared but never referenced
  static ES_Event DuringDrivingToTeeterPointState( ES_Event Event)
Source\Obstacle.c(523): warning:  #177-D: function "DuringPauseAtTeeterState" was declared but never referenced
  static ES_Event DuringPauseAtTeeterState( ES_Event Event )
Source\Obstacle.c(62): warning:  #177-D: variable "rerun" was declared but never referenced
  static bool rerun = false;
Source\Obstacle.c: 3 warnings, 0 errors
compiling SPITemplate.c...
compiling RunningGame.c...
compiling BallShooter.c...
compiling DriveAlgorithm.c...
compiling Points.c...
compiling ADMulti.c...
assembling startup_rvmdk.S...
compiling ES_CheckEvents.c...
compiling ES_DeferRecall.c...
compiling ES_Framework.c...
compiling ES_LookupTables.c...
compiling ES_Port.c...
compiling ES_PostList.c...
Source\ES_PostList.c(27): warning:  #177-D: function "PostToList" was declared but never referenced
  static bool PostToList(  PostFunc_t *const*FuncList, uint8_t ListSize, ES_Event NewEvent);
Source\ES_PostList.c: 1 warning, 0 errors
compiling ES_Queue.c...
compiling ES_Timers.c...
compiling retarget.c...
compiling termio.c...
compiling uartstdio.c...
linking...
Program Size: Code=31040 RO-data=1496 RW-data=164 ZI-data=2348  
After Build - User command #1: fromelf --bin --output .\Outputs\BaseTarget.bin .\Outputs\BaseTarget.axf
".\Outputs\BaseTarget.axf" - 0 Error(s), 13 Warning(s).

<h2>Collection of Component include folders:</h2>
  C:\Users\Denny\Dropbox\W15 ME218B\_ME218B (Group)\Project\Software_Design\FINAL_CODE (don't modify)\Checkpoint5\Master Code\RTE
  C:\Keil_v5\ARM\PACK\Keil\TM4C_DFP\1.0.0\Device\Include\TM4C123

<h2>Collection of Component Files used:</h2>
</pre>
</body>
</html>
