<html>
<body>
<pre>
<h1>µVision Build Log</h1>
<h2>Tool Versions:</h2>
IDE-Version: µVision V5.13.0.0
Copyright (C) 2014 ARM Ltd and ARM Germany GmbH. All rights reserved.
License Information: Alex Yee, Stanford, LIC=----
 
Tool Versions:
Toolchain:       MDK-Lite  Version: 5.13.0.0
Toolchain Path:  C:\Keil_v5\ARM\ARMCC\Bin
C Compiler:      Armcc.exe V5.05 update 1 (build 106)
Assembler:       Armasm.exe V5.05 update 1 (build 106)
Linker/Locator:  ArmLink.exe V5.05 update 1 (build 106)
Library Manager: ArmAr.exe V5.05 update 1 (build 106)
Hex Converter:   FromElf.exe V5.05 update 1 (build 106)
CPU DLL:         SARMCM3.DLL V5.13.0.0
Dialog DLL:      DCM.DLL V1.13.1.0
Target DLL:      lmidk-agdi.dll V???
Dialog DLL:      TCM.DLL V1.14.4.0
 
<h2>Project:</h2>
C:\Users\Alex\Dropbox\ME218B\Project\Software_Design\FINAL_CODE (don't modify)\Checkpoint3\Checkpoint3.uvprojx
Project File Date:  02/21/2015

<h2>Output:</h2>
Build target 'BaseFrameworkTarget'
compiling main.c...
compiling EventCheckers.c...
compiling Drive.c...
Source\Drive.c(291): warning:  #1035-D: single-precision operand implicitly converted to double-precision
        driveTime = dist*3*ONE_SEC/PIXELS_PER_3SEC * 0.6;/*modulate by .6 to combat DRS delay*/
Source\Drive.c(70): warning:  #550-D: variable "lastTheta" was set but never used
  static uint16_t lastTheta;
Source\Drive.c: 2 warnings, 0 errors
compiling Master.c...
compiling GamePlay.c...
compiling PWM.c...
compiling Driving.c...
compiling Shooting.c...
compiling Obstacle.c...
compiling SPITemplate.c...
compiling RunningGame.c...
assembling startup_rvmdk.S...
compiling ES_CheckEvents.c...
compiling ES_DeferRecall.c...
compiling ES_Framework.c...
compiling ES_LookupTables.c...
compiling ES_Port.c...
compiling ES_PostList.c...
Source\ES_PostList.c(27): warning:  #177-D: function "PostToList" was declared but never referenced
  static bool PostToList(  PostFunc_t *const*FuncList, uint8_t ListSize, ES_Event NewEvent);
Source\ES_PostList.c: 1 warning, 0 errors
compiling ES_Queue.c...
compiling ES_Timers.c...
compiling retarget.c...
compiling termio.c...
compiling uartstdio.c...
linking...
Program Size: Code=26288 RO-data=1380 RW-data=128 ZI-data=2288  
After Build - User command #1: fromelf --bin --output .\Outputs\BaseTarget.bin .\Outputs\BaseTarget.axf
".\Outputs\BaseTarget.axf" - 0 Error(s), 3 Warning(s).

<h2>Collection of Component include folders:</h2>
  C:\Users\Alex\Dropbox\ME218B\Project\Software_Design\FINAL_CODE (don't modify)\Checkpoint3\RTE
  C:\Keil_v5\ARM\PACK\Keil\TM4C_DFP\1.0.0\Device\Include\TM4C123

<h2>Collection of Component Files used:</h2>
</pre>
</body>
</html>
