Component: ARM Compiler 5.05 update 1 (build 106) Tool: armlink [4d0efa]

==============================================================================

Section Cross References

    main.o(i.main) refers to _printf_percent.o(.ARM.Collect$$_printf_percent$$00000000) for _printf_percent
    main.o(i.main) refers to _printf_s.o(.ARM.Collect$$_printf_percent$$00000014) for _printf_s
    main.o(i.main) refers to _printf_str.o(.text) for _printf_str
    main.o(i.main) refers to sysctl.o(i.SysCtlClockSet) for SysCtlClockSet
    main.o(i.main) refers to termio.o(i.TERMIO_Init) for TERMIO_Init
    main.o(i.main) refers to noretval__2printf.o(.text) for __2printf
    main.o(i.main) refers to puts.o(.text) for puts
    main.o(i.main) refers to es_framework.o(i.ES_Initialize) for ES_Initialize
    main.o(i.main) refers to es_framework.o(i.ES_Run) for ES_Run
    eventcheckers.o(i.Check4Keystroke) refers to termio.o(i.kbhit) for kbhit
    eventcheckers.o(i.Check4Keystroke) refers to getc.o(.text) for getc
    eventcheckers.o(i.Check4Keystroke) refers to master.o(i.PostMaster) for PostMaster
    eventcheckers.o(i.Check4Keystroke) refers to noretval__2printf.o(.text) for __2printf
    eventcheckers.o(i.Check4Keystroke) refers to retarget.o(.data) for __stdin
    eventcheckers.o(i.Check4Keystroke) refers to eventcheckers.o(.constdata) for .constdata
    drive.o(i.Calculate) refers to _printf_percent.o(.ARM.Collect$$_printf_percent$$00000000) for _printf_percent
    drive.o(i.Calculate) refers to _printf_d.o(.ARM.Collect$$_printf_percent$$00000009) for _printf_d
    drive.o(i.Calculate) refers to _printf_dec.o(.text) for _printf_int_dec
    drive.o(i.Calculate) refers to _printf_f.o(.ARM.Collect$$_printf_percent$$00000003) for _printf_f
    drive.o(i.Calculate) refers to printf1.o(x$fpl$printf1) for _printf_fp_dec
    drive.o(i.Calculate) refers to noretval__2printf.o(.text) for __2printf
    drive.o(i.Calculate) refers to spitemplate.o(i.QueryMyKart) for QueryMyKart
    drive.o(i.Calculate) refers to f2d.o(x$fpl$f2d) for __aeabi_f2d
    drive.o(i.Calculate) refers to pow.o(i.__hardfp_pow) for __hardfp_pow
    drive.o(i.Calculate) refers to daddsub_clz.o(x$fpl$dadd) for __aeabi_dadd
    drive.o(i.Calculate) refers to sqrt.o(i.__hardfp_sqrt) for __hardfp_sqrt
    drive.o(i.Calculate) refers to d2f.o(x$fpl$d2f) for __aeabi_d2f
    drive.o(i.Calculate) refers to atan.o(i.__hardfp_atan) for __hardfp_atan
    drive.o(i.Calculate) refers to dmul.o(x$fpl$dmul) for __aeabi_dmul
    drive.o(i.Calculate) refers to ddiv.o(x$fpl$ddiv) for __aeabi_ddiv
    drive.o(i.Calculate) refers to dfix.o(x$fpl$dfix) for __aeabi_d2iz
    drive.o(i.Calculate) refers to points.o(i.FindSection) for FindSection
    drive.o(i.Calculate) refers to dflt_clz.o(x$fpl$dflt) for __aeabi_i2d
    drive.o(i.Calculate) refers to master.o(i.PostMaster) for PostMaster
    drive.o(i.Calculate) refers to drive.o(.data) for .data
    drive.o(i.Calculate) refers to drive.o(.constdata) for .constdata
    drive.o(i.CheckVal) refers to spitemplate.o(i.QueryMyKart) for QueryMyKart
    drive.o(i.DriveForward) refers to drivealgorithm.o(i.clearThetas) for clearThetas
    drive.o(i.DriveForward) refers to noretval__2printf.o(.text) for __2printf
    drive.o(i.DriveForward) refers to pwm.o(i.SetPWMDuty) for SetPWMDuty
    drive.o(i.DriveForward) refers to es_timers_1.o(i.ES_Timer_InitTimer) for ES_Timer_InitTimer
    drive.o(i.DriveForward) refers to master.o(i.PostMaster) for PostMaster
    drive.o(i.DriveForward) refers to drive.o(.data) for .data
    drive.o(i.DriveForward) refers to drive.o(.constdata) for .constdata
    drive.o(i.RunDrive) refers to spitemplate.o(i.QueryMyKart) for QueryMyKart
    drive.o(i.RunDrive) refers to pwm.o(i.SetPWMDuty) for SetPWMDuty
    drive.o(i.RunDrive) refers to es_timers_1.o(i.ES_Timer_StopTimer) for ES_Timer_StopTimer
    drive.o(i.RunDrive) refers to master.o(i.PostMaster) for PostMaster
    drive.o(i.RunDrive) refers to drive.o(.data) for .data
    drive.o(i.RunDrive) refers to drive.o(.constdata) for .constdata
    drive.o(i.StartDrive) refers to drive.o(i.RunDrive) for RunDrive
    drive.o(i.TurnTheta) refers to noretval__2printf.o(.text) for __2printf
    drive.o(i.TurnTheta) refers to master.o(i.PostMaster) for PostMaster
    drive.o(i.TurnTheta) refers to dflt_clz.o(x$fpl$dfltu) for __aeabi_ui2d
    drive.o(i.TurnTheta) refers to dmul.o(x$fpl$dmul) for __aeabi_dmul
    drive.o(i.TurnTheta) refers to dfixu.o(x$fpl$dfixu) for __aeabi_d2uiz
    drive.o(i.TurnTheta) refers to pwm.o(i.SetPWMDuty) for SetPWMDuty
    drive.o(i.TurnTheta) refers to es_timers_1.o(i.ES_Timer_InitTimer) for ES_Timer_InitTimer
    drive.o(i.TurnTheta) refers to drive.o(.data) for .data
    drive.o(i.TurnTheta) refers to drive.o(.constdata) for .constdata
    master.o(i.InitMaster) refers to pwm.o(i.InitPWM) for InitPWM
    master.o(i.InitMaster) refers to ballshooter.o(i.InitBallShooter) for InitBallShooter
[...]
    i.StartDRS                               0x00004d0c   Section        0  spitemplate.o(i.StartDRS)
    i.StartDrive                             0x00004f5c   Section        0  drive.o(i.StartDrive)
    i.StartDriving                           0x00004f80   Section        0  driving.o(i.StartDriving)
    i.StartGamePlay                          0x00004f90   Section        0  gameplay.o(i.StartGamePlay)
    i.StartMaster                            0x00004fac   Section        0  master.o(i.StartMaster)
    i.StartObstacle                          0x00004fd0   Section        0  obstacle.o(i.StartObstacle)
    i.StartRunningGame                       0x00004fe0   Section        0  runninggame.o(i.StartRunningGame)
    i.StartShooting                          0x00004ffc   Section        0  shooting.o(i.StartShooting)
    i.SysCtlClockSet                         0x0000500c   Section        0  sysctl.o(i.SysCtlClockSet)
    i.SysCtlPeripheralEnable                 0x0000512c   Section        0  sysctl.o(i.SysCtlPeripheralEnable)
    i.SysTickEnable                          0x00005154   Section        0  systick.o(i.SysTickEnable)
    i.SysTickIntEnable                       0x00005162   Section        0  systick.o(i.SysTickIntEnable)
    i.SysTickIntHandler                      0x00005170   Section        0  es_port.o(i.SysTickIntHandler)
    i.SysTickPeriodSet                       0x00005184   Section        0  systick.o(i.SysTickPeriodSet)
    i.TERMIO_GetChar                         0x0000518e   Section        0  termio.o(i.TERMIO_GetChar)
    i.TERMIO_Init                            0x00005194   Section        0  termio.o(i.TERMIO_Init)
    i.TERMIO_PutChar                         0x000051e4   Section        0  termio.o(i.TERMIO_PutChar)
    i.TurnTheta                              0x000051f0   Section        0  drive.o(i.TurnTheta)
    i.UARTCharPut                            0x000052fc   Section        0  uart.o(i.UARTCharPut)
    i.UARTClockSourceSet                     0x00005308   Section        0  uart.o(i.UARTClockSourceSet)
    i.UARTStdioConfig                        0x00005310   Section        0  uartstdio.o(i.UARTStdioConfig)
    i.UARTgetc                               0x0000536c   Section        0  uartstdio.o(i.UARTgetc)
    i._HW_Process_Pending_Ints               0x00005384   Section        0  es_port.o(i._HW_Process_Pending_Ints)
    i._HW_Timer_Init                         0x000053a4   Section        0  es_port.o(i._HW_Timer_Init)
    i.__ARM_fpclassify                       0x000053ba   Section        0  fpclassify.o(i.__ARM_fpclassify)
    i.__hardfp_atan                          0x000053f0   Section        0  atan.o(i.__hardfp_atan)
    i.__hardfp_pow                           0x000056c8   Section        0  pow.o(i.__hardfp_pow)
    i.__hardfp_sqrt                          0x00006300   Section        0  sqrt.o(i.__hardfp_sqrt)
    i.__kernel_poly                          0x0000637a   Section        0  poly.o(i.__kernel_poly)
    i.__mathlib_dbl_divzero                  0x00006478   Section        0  dunder.o(i.__mathlib_dbl_divzero)
    i.__mathlib_dbl_infnan                   0x000064a8   Section        0  dunder.o(i.__mathlib_dbl_infnan)
    i.__mathlib_dbl_infnan2                  0x000064bc   Section        0  dunder.o(i.__mathlib_dbl_infnan2)
    i.__mathlib_dbl_invalid                  0x000064d0   Section        0  dunder.o(i.__mathlib_dbl_invalid)
    i.__mathlib_dbl_overflow                 0x000064f0   Section        0  dunder.o(i.__mathlib_dbl_overflow)
    i.__mathlib_dbl_underflow                0x00006510   Section        0  dunder.o(i.__mathlib_dbl_underflow)
    i._sys_exit                              0x00006530   Section        0  retarget.o(i._sys_exit)
    i.addAngleEntry                          0x00006534   Section        0  drivealgorithm.o(i.addAngleEntry)
    i.clearThetas                            0x00006568   Section        0  drivealgorithm.o(i.clearThetas)
    i.fabs                                   0x00006574   Section        0  fabs.o(i.fabs)
    i.ferror                                 0x0000658c   Section        0  retarget.o(i.ferror)
    i.fgetc                                  0x00006592   Section        0  retarget.o(i.fgetc)
    i.fputc                                  0x00006596   Section        0  retarget.o(i.fputc)
    i.getDesiredTheta                        0x000065a4   Section        0  drivealgorithm.o(i.getDesiredTheta)
    i.kbhit                                  0x0000661c   Section        0  termio.o(i.kbhit)
    i.main                                   0x00006630   Section        0  main.o(i.main)
    i.sqrt                                   0x00006724   Section        0  sqrt.o(i.sqrt)
    locale$$code                             0x00006794   Section       44  lc_numeric_c.o(locale$$code)
    x$fpl$basic                              0x000067c0   Section       24  basic.o(x$fpl$basic)
    $v0                                      0x000067c0   Number         0  basic.o(x$fpl$basic)
    x$fpl$d2f                                0x000067d8   Section       98  d2f.o(x$fpl$d2f)
    $v0                                      0x000067d8   Number         0  d2f.o(x$fpl$d2f)
    x$fpl$dadd                               0x0000683c   Section      336  daddsub_clz.o(x$fpl$dadd)
    $v0                                      0x0000683c   Number         0  daddsub_clz.o(x$fpl$dadd)
    _dadd1                                   0x0000684d   Thumb Code     0  daddsub_clz.o(x$fpl$dadd)
    x$fpl$dcheck1                            0x0000698c   Section       16  dcheck1.o(x$fpl$dcheck1)
    $v0                                      0x0000698c   Number         0  dcheck1.o(x$fpl$dcheck1)
    x$fpl$dcmpinf                            0x0000699c   Section       24  dcmpi.o(x$fpl$dcmpinf)
    $v0                                      0x0000699c   Number         0  dcmpi.o(x$fpl$dcmpinf)
    x$fpl$ddiv                               0x000069b4   Section      688  ddiv.o(x$fpl$ddiv)
    $v0                                      0x000069b4   Number         0  ddiv.o(x$fpl$ddiv)
    ddiv_entry                               0x000069bb   Thumb Code     0  ddiv.o(x$fpl$ddiv)
    x$fpl$dfix                               0x00006c64   Section       94  dfix.o(x$fpl$dfix)
    $v0                                      0x00006c64   Number         0  dfix.o(x$fpl$dfix)
    x$fpl$dfixu                              0x00006cc4   Section       90  dfixu.o(x$fpl$dfixu)
    $v0                                      0x00006cc4   Number         0  dfixu.o(x$fpl$dfixu)
    x$fpl$dflt                               0x00006d1e   Section       46  dflt_clz.o(x$fpl$dflt)
    $v0                                      0x00006d1e   Number         0  dflt_clz.o(x$fpl$dflt)
    x$fpl$dfltu                              0x00006d4c   Section       38  dflt_clz.o(x$fpl$dfltu)
    $v0                                      0x00006d4c   Number         0  dflt_clz.o(x$fpl$dfltu)
    x$fpl$dleqf                              0x00006d74   Section      120  dleqf.o(x$fpl$dleqf)
    $v0                                      0x00006d74   Number         0  dleqf.o(x$fpl$dleqf)
    x$fpl$dmul                               0x00006dec   Section      340  dmul.o(x$fpl$dmul)
    $v0                                      0x00006dec   Number         0  dmul.o(x$fpl$dmul)
    x$fpl$dnaninf                            0x00006f40   Section      156  dnaninf.o(x$fpl$dnaninf)
    $v0                                      0x00006f40   Number         0  dnaninf.o(x$fpl$dnaninf)
    x$fpl$dretinf                            0x00006fdc   Section       12  dretinf.o(x$fpl$dretinf)
    $v0                                      0x00006fdc   Number         0  dretinf.o(x$fpl$dretinf)
    x$fpl$drleqf                             0x00006fe8   Section      108  drleqf.o(x$fpl$drleqf)
    $v0                                      0x00006fe8   Number         0  drleqf.o(x$fpl$drleqf)
    x$fpl$drsb                               0x00007054   Section       22  daddsub_clz.o(x$fpl$drsb)
    $v0                                      0x00007054   Number         0  daddsub_clz.o(x$fpl$drsb)
    x$fpl$dsqrt                              0x0000706c   Section      408  dsqrt_umaal.o(x$fpl$dsqrt)
    $v0                                      0x0000706c   Number         0  dsqrt_umaal.o(x$fpl$dsqrt)
    x$fpl$dsub                               0x00007204   Section      468  daddsub_clz.o(x$fpl$dsub)
    $v0                                      0x00007204   Number         0  daddsub_clz.o(x$fpl$dsub)
    _dsub1                                   0x00007215   Thumb Code     0  daddsub_clz.o(x$fpl$dsub)
    x$fpl$f2d                                0x000073d8   Section       86  f2d.o(x$fpl$f2d)
    $v0                                      0x000073d8   Number         0  f2d.o(x$fpl$f2d)
    x$fpl$fnaninf                            0x0000742e   Section      140  fnaninf.o(x$fpl$fnaninf)
    $v0                                      0x0000742e   Number         0  fnaninf.o(x$fpl$fnaninf)
    x$fpl$fpinit                             0x000074ba   Section       10  fpinit.o(x$fpl$fpinit)
    $v0                                      0x000074ba   Number         0  fpinit.o(x$fpl$fpinit)
    x$fpl$fretinf                            0x000074c4   Section       10  fretinf.o(x$fpl$fretinf)
    $v0                                      0x000074c4   Number         0  fretinf.o(x$fpl$fretinf)
    x$fpl$printf1                            0x000074ce   Section        4  printf1.o(x$fpl$printf1)
    $v0                                      0x000074ce   Number         0  printf1.o(x$fpl$printf1)
    x$fpl$retnan                             0x000074d2   Section      100  retnan.o(x$fpl$retnan)
    $v0                                      0x000074d2   Number         0  retnan.o(x$fpl$retnan)
    x$fpl$scalbn                             0x00007536   Section       92  scalbn.o(x$fpl$scalbn)
    $v0                                      0x00007536   Number         0  scalbn.o(x$fpl$scalbn)
    x$fpl$trapveneer                         0x00007592   Section       48  trapv.o(x$fpl$trapveneer)
    $v0                                      0x00007592   Number         0  trapv.o(x$fpl$trapveneer)
    x$fpl$usenofp                            0x000075c2   Section        0  usenofp.o(x$fpl$usenofp)
    .constdata                               0x000075c4   Section      100  eventcheckers.o(.constdata)
    .constdata                               0x00007628   Section       16  drive.o(.constdata)
    .constdata                               0x00007638   Section        4  gameplay.o(.constdata)
    .constdata                               0x0000763c   Section       12  driving.o(.constdata)
    .constdata                               0x00007648   Section       16  shooting.o(.constdata)
    .constdata                               0x00007658   Section       12  obstacle.o(.constdata)
    .constdata                               0x00007664   Section        8  spitemplate.o(.constdata)
    .constdata                               0x0000766c   Section        4  runninggame.o(.constdata)
    .constdata                               0x00007670   Section       48  admulti.o(.constdata)
    HowMany2Mask                             0x00007670   Data          16  admulti.o(.constdata)
    HowMany2Mux                              0x00007680   Data          16  admulti.o(.constdata)
    HowMany2CTL                              0x00007690   Data          16  admulti.o(.constdata)
    .constdata                               0x000076a0   Section        4  es_checkevents.o(.constdata)
    ES_EventList                             0x000076a0   Data           4  es_checkevents.o(.constdata)
    .constdata                               0x000076a4   Section       16  es_framework.o(.constdata)
    ServDescList                             0x000076a4   Data           8  es_framework.o(.constdata)
    EventQueues                              0x000076ac   Data           8  es_framework.o(.constdata)
    .constdata                               0x000076b4   Section       32  es_lookuptables.o(.constdata)
    .constdata                               0x000076d4   Section       15  es_lookuptables.o(.constdata)
    .constdata                               0x000076e4   Section       64  es_timers_1.o(.constdata)
    Timer2PostFunc                           0x000076e4   Data          64  es_timers_1.o(.constdata)
    .constdata                               0x00007724   Section       28  uartstdio.o(.constdata)
    g_pcHex                                  0x00007724   Data           4  uartstdio.o(.constdata)
    g_ui32UARTBase                           0x00007728   Data          12  uartstdio.o(.constdata)
    g_ui32UARTPeriph                         0x00007734   Data          12  uartstdio.o(.constdata)
    .constdata                               0x00007740   Section      528  gpio.o(.constdata)
    g_ppui32GPIOIntMapBlizzard               0x00007740   Data         192  gpio.o(.constdata)
    g_ppui32GPIOIntMapSnowflake              0x00007800   Data         192  gpio.o(.constdata)
    g_pui32GPIOBaseAddrs                     0x000078c0   Data         144  gpio.o(.constdata)
    .constdata                               0x00007950   Section      152  atan.o(.constdata)
    atanhi                                   0x00007950   Data          32  atan.o(.constdata)
    atanlo                                   0x00007970   Data          32  atan.o(.constdata)
    aTodd                                    0x00007990   Data          40  atan.o(.constdata)
    aTeven                                   0x000079b8   Data          48  atan.o(.constdata)
    .constdata                               0x000079e8   Section      136  pow.o(.constdata)
    bp                                       0x000079e8   Data          16  pow.o(.constdata)
    dp_h                                     0x000079f8   Data          16  pow.o(.constdata)
    dp_l                                     0x00007a08   Data          16  pow.o(.constdata)
    L                                        0x00007a18   Data          48  pow.o(.constdata)
    P                                        0x00007a48   Data          40  pow.o(.constdata)
    .constdata                               0x00007a70   Section        8  qnan.o(.constdata)
    .constdata                               0x00007a78   Section      148  bigflt0.o(.constdata)
    tenpwrs_x                                0x00007a78   Data          60  bigflt0.o(.constdata)
    tenpwrs_i                                0x00007ab4   Data          64  bigflt0.o(.constdata)
    .conststring                             0x00007b0c   Section       17  uartstdio.o(.conststring)
    locale$$data                             0x00007b40   Section       28  lc_numeric_c.o(locale$$data)
    __lcnum_c_name                           0x00007b44   Data           2  lc_numeric_c.o(locale$$data)
    __lcnum_c_start                          0x00007b4c   Data           0  lc_numeric_c.o(locale$$data)
    __lcnum_c_point                          0x00007b58   Data           0  lc_numeric_c.o(locale$$data)
    __lcnum_c_thousands                      0x00007b5a   Data           0  lc_numeric_c.o(locale$$data)
    __lcnum_c_grouping                       0x00007b5b   Data           0  lc_numeric_c.o(locale$$data)
    __lcnum_c_end                            0x00007b5c   Data           0  lc_numeric_c.o(locale$$data)
    .data                                    0x20000000   Section       20  drive.o(.data)
    counterClockwiseRotate                   0x20000000   Data           1  drive.o(.data)
    thetaTime                                0x20000002   Data           2  drive.o(.data)
    turningTheta                             0x20000004   Data           2  drive.o(.data)
    dist                                     0x20000008   Data           4  drive.o(.data)
    driveTime                                0x2000000c   Data           4  drive.o(.data)
    currentPoint                             0x20000010   Data           4  drive.o(.data)
    .data                                    0x20000014   Section        1  master.o(.data)
    MyPriority                               0x20000014   Data           1  master.o(.data)
    .data                                    0x20000018   Section       12  gameplay.o(.data)
    CurrentState                             0x20000018   Data           1  gameplay.o(.data)
    lastPWM_Starboard                        0x20000019   Data           1  gameplay.o(.data)
    lastPWM_Port                             0x2000001a   Data           1  gameplay.o(.data)
    dirStar                                  0x2000001c   Data           4  gameplay.o(.data)
    dirPort                                  0x20000020   Data           4  gameplay.o(.data)
    .data                                    0x20000024   Section        6  pwm.o(.data)
    zeroStatus                               0x20000028   Data           1  pwm.o(.data)
    zeroStatus                               0x20000029   Data           1  pwm.o(.data)
    .data                                    0x2000002a   Section       36  driving.o(.data)
    notShot                                  0x2000002a   Data           1  driving.o(.data)
    notObs                                   0x2000002b   Data           1  driving.o(.data)
    CurrentState                             0x2000002c   Data           1  driving.o(.data)
    .data                                    0x20000050   Section       20  shooting.o(.data)
    SearchBeacon                             0x20000050   Data           1  shooting.o(.data)
    CurrentState                             0x20000051   Data           1  shooting.o(.data)
    LastCapture                              0x20000058   Data           4  shooting.o(.data)
    BeaconPeriod                             0x2000005c   Data           4  shooting.o(.data)
    .data                                    0x20000064   Section        6  obstacle.o(.data)
    CurrentState                             0x20000064   Data           1  obstacle.o(.data)
    .data                                    0x2000006a   Section        6  spitemplate.o(.data)
    MyPriority                               0x2000006a   Data           1  spitemplate.o(.data)
    CurrentState                             0x2000006b   Data           1  spitemplate.o(.data)
    CurrentQuery                             0x2000006c   Data           1  spitemplate.o(.data)
    LastQuery                                0x2000006d   Data           1  spitemplate.o(.data)
    EOTResponseFlag                          0x2000006e   Data           1  spitemplate.o(.data)
    MY_KART                                  0x2000006f   Data           1  spitemplate.o(.data)
    .data                                    0x20000070   Section        1  runninggame.o(.data)
    CurrentState                             0x20000070   Data           1  runninggame.o(.data)
    .data                                    0x20000071   Section        1  ballshooter.o(.data)
    BallShootState                           0x20000071   Data           1  ballshooter.o(.data)
    .data                                    0x20000072   Section        2  drivealgorithm.o(.data)
    size                                     0x20000072   Data           2  drivealgorithm.o(.data)
    .data                                    0x20000074   Section        1  admulti.o(.data)
    NumChannelsConverting                    0x20000074   Data           1  admulti.o(.data)
    .data                                    0x20000076   Section        6  es_framework.o(.data)
    ThisEvent                                0x20000078   Data           4  es_framework.o(.data)
    .data                                    0x2000007c   Section        4  es_port.o(.data)
    TickCount                                0x2000007c   Data           1  es_port.o(.data)
    SysTickCounter                           0x2000007e   Data           2  es_port.o(.data)
    .data                                    0x20000080   Section        4  es_queue.o(.data)
    .data                                    0x20000084   Section       10  es_timers_1.o(.data)
    NextTimer2Process                        0x20000084   Data           1  es_timers_1.o(.data)
    NeedsProcessing                          0x20000086   Data           2  es_timers_1.o(.data)
    TMR_ActiveFlags                          0x20000088   Data           2  es_timers_1.o(.data)
    NewEvent                                 0x2000008a   Data           4  es_timers_1.o(.data)
    .data                                    0x20000090   Section        4  retarget.o(.data)
    .data                                    0x20000094   Section        4  retarget.o(.data)
    .data                                    0x20000098   Section        8  uartstdio.o(.data)
    bLastWasCR                               0x20000098   Data           1  uartstdio.o(.data)
    g_ui32Base                               0x2000009c   Data           4  uartstdio.o(.data)
    .bss                                     0x200000a0   Section       12  gameplay.o(.bss)
    TimerStates                              0x200000a0   Data          12  gameplay.o(.bss)
    .bss                                     0x200000ac   Section       10  driving.o(.bss)
    .bss                                     0x200000b6   Section       10  shooting.o(.bss)
    .bss                                     0x200000c0   Section       10  obstacle.o(.bss)
    .bss                                     0x200000cc   Section       84  spitemplate.o(.bss)
    Kart1                                    0x200000cc   Data          10  spitemplate.o(.bss)
    Kart2                                    0x200000d6   Data          10  spitemplate.o(.bss)
    Kart3                                    0x200000e0   Data          10  spitemplate.o(.bss)
    CurrentKartState                         0x200000ea   Data          10  spitemplate.o(.bss)
    LastKartState                            0x200000f4   Data          10  spitemplate.o(.bss)
    NewDRSRead                               0x200000fe   Data          16  spitemplate.o(.bss)
    ADResults                                0x20000110   Data          16  spitemplate.o(.bss)
    .bss                                     0x20000120   Section       20  drivealgorithm.o(.bss)
    thetas                                   0x20000120   Data          20  drivealgorithm.o(.bss)
    .bss                                     0x20000134   Section       24  es_framework.o(.bss)
    Queue0                                   0x20000134   Data          24  es_framework.o(.bss)
    .bss                                     0x2000014c   Section       32  es_timers_1.o(.bss)
    TMR_TimerArray                           0x2000014c   Data          32  es_timers_1.o(.bss)
    .bss                                     0x2000016c   Section       96  libspace.o(.bss)
    HEAP                                     0x200001d0   Section        0  startup_rvmdk.o(HEAP)
    STACK                                    0x200001d0   Section     2048  startup_rvmdk.o(STACK)
    HeapMem                                  0x200001d0   Data           0  startup_rvmdk.o(HEAP)
    StackMem                                 0x200001d0   Data           0  startup_rvmdk.o(STACK)

    Global Symbols

    Symbol Name                              Value     Ov Type        Size  Object(Section)

    BuildAttributes$$THM_ISAv4$E$P$D$K$B$S$7EM$VFPi3$EXTD16$VFPS$VFMA$PE$A:L22UL41UL21$X:L11$S22US41US21$IEEE1$IW$USESV6$~STKCKD$USESV7$~SHL$OTIME$ROPI$IEEEX$EBA8$UX$STANDARDLIB$REQ8$PRES8$EABIv2 0x00000000   Number         0  anon$$obj.o ABSOLUTE
    __ARM_use_no_argv                        0x00000000   Number         0  main.o ABSOLUTE
    __Vectors                                0x00000000   Data           0  startup_rvmdk.o(RESET)
    __ARM_exceptions_init                     - Undefined Weak Reference
    __alloca_initialize                       - Undefined Weak Reference
    __arm_preinit_                            - Undefined Weak Reference
    __cpp_initialize__aeabi_                  - Undefined Weak Reference
    __cxa_finalize                            - Undefined Weak Reference
    __sigvec_lookup                           - Undefined Weak Reference
    _atexit_init                              - Undefined Weak Reference
    _call_atexit_fns                          - Undefined Weak Reference
    _clock_init                               - Undefined Weak Reference
    _fp_trap_init                             - Undefined Weak Reference
    _fp_trap_shutdown                         - Undefined Weak Reference
    _get_lc_collate                           - Undefined Weak Reference
    _get_lc_ctype                             - Undefined Weak Reference
    _get_lc_monetary                          - Undefined Weak Reference
    _get_lc_time                              - Undefined Weak Reference
    _getenv_init                              - Undefined Weak Reference
    _handle_redirection                       - Undefined Weak Reference
    _init_alloc                               - Undefined Weak Reference
    _init_user_alloc                          - Undefined Weak Reference
    _initio                                   - Undefined Weak Reference
    _printf_mbtowc                            - Undefined Weak Reference
    _printf_post_padding                      - Undefined Weak Reference
    _printf_pre_padding                       - Undefined Weak Reference
    _printf_truncate_signed                   - Undefined Weak Reference
    _printf_truncate_unsigned                 - Undefined Weak Reference
    _rand_init                                - Undefined Weak Reference
    _signal_finish                            - Undefined Weak Reference
    _signal_init                              - Undefined Weak Reference
    _terminate_alloc                          - Undefined Weak Reference
    _terminate_user_alloc                     - Undefined Weak Reference
    _terminateio                              - Undefined Weak Reference
    Reset_Handler                            0x0000026d   Thumb Code     0  startup_rvmdk.o(RESET)
    __main                                   0x00000289   Thumb Code     8  __main.o(!!!main)
    __scatterload                            0x00000291   Thumb Code     0  __scatter.o(!!!scatter)
    __scatterload_rt2                        0x00000291   Thumb Code    44  __scatter.o(!!!scatter)
    __scatterload_rt2_thumb_only             0x00000291   Thumb Code     0  __scatter.o(!!!scatter)
    __scatterload_null                       0x0000029f   Thumb Code     0  __scatter.o(!!!scatter)
    __scatterload_copy                       0x000002c5   Thumb Code    26  __scatter_copy.o(!!handler_copy)
    __scatterload_zeroinit                   0x000002e1   Thumb Code    28  __scatter_zi.o(!!handler_zi)
    _printf_f                                0x000002fd   Thumb Code     0  _printf_f.o(.ARM.Collect$$_printf_percent$$00000003)
    _printf_percent                          0x000002fd   Thumb Code     0  _printf_percent.o(.ARM.Collect$$_printf_percent$$00000000)
    _printf_d                                0x00000303   Thumb Code     0  _printf_d.o(.ARM.Collect$$_printf_percent$$00000009)
    _printf_s                                0x00000309   Thumb Code     0  _printf_s.o(.ARM.Collect$$_printf_percent$$00000014)
    _printf_percent_end                      0x0000030f   Thumb Code     0  _printf_percent_end.o(.ARM.Collect$$_printf_percent$$00000017)
    __rt_lib_init                            0x00000313   Thumb Code     0  libinit.o(.ARM.Collect$$libinit$$00000000)
    __rt_lib_init_fp_1                       0x00000315   Thumb Code     0  libinit2.o(.ARM.Collect$$libinit$$00000001)
    __rt_lib_init_heap_1                     0x00000319   Thumb Code     0  libinit2.o(.ARM.Collect$$libinit$$0000000A)
    __rt_lib_init_lc_common                  0x00000319   Thumb Code     0  libinit2.o(.ARM.Collect$$libinit$$0000000F)
    __rt_lib_init_preinit_1                  0x00000319   Thumb Code     0  libinit2.o(.ARM.Collect$$libinit$$00000004)
    __rt_lib_init_rand_1                     0x00000319   Thumb Code     0  libinit2.o(.ARM.Collect$$libinit$$0000000E)
    __rt_lib_init_user_alloc_1               0x00000319   Thumb Code     0  libinit2.o(.ARM.Collect$$libinit$$0000000C)
    __rt_lib_init_lc_collate_1               0x0000031f   Thumb Code     0  libinit2.o(.ARM.Collect$$libinit$$00000011)
    __rt_lib_init_lc_ctype_1                 0x0000031f   Thumb Code     0  libinit2.o(.ARM.Collect$$libinit$$00000013)
    __rt_lib_init_lc_monetary_1              0x0000031f   Thumb Code     0  libinit2.o(.ARM.Collect$$libinit$$00000015)
    __rt_lib_init_lc_numeric_2               0x0000031f   Thumb Code     0  libinit2.o(.ARM.Collect$$libinit$$00000016)
    __rt_lib_init_alloca_1                   0x00000329   Thumb Code     0  libinit2.o(.ARM.Collect$$libinit$$0000002E)
    __rt_lib_init_argv_1                     0x00000329   Thumb Code     0  libinit2.o(.ARM.Collect$$libinit$$0000002C)
    __rt_lib_init_atexit_1                   0x00000329   Thumb Code     0  libinit2.o(.ARM.Collect$$libinit$$0000001B)
    __rt_lib_init_clock_1                    0x00000329   Thumb Code     0  libinit2.o(.ARM.Collect$$libinit$$00000021)
    __rt_lib_init_cpp_1                      0x00000329   Thumb Code     0  libinit2.o(.ARM.Collect$$libinit$$00000032)
    __rt_lib_init_exceptions_1               0x00000329   Thumb Code     0  libinit2.o(.ARM.Collect$$libinit$$00000030)
    __rt_lib_init_fp_trap_1                  0x00000329   Thumb Code     0  libinit2.o(.ARM.Collect$$libinit$$0000001F)
    __rt_lib_init_getenv_1                   0x00000329   Thumb Code     0  libinit2.o(.ARM.Collect$$libinit$$00000023)
    __rt_lib_init_lc_numeric_1               0x00000329   Thumb Code     0  libinit2.o(.ARM.Collect$$libinit$$00000017)
    __rt_lib_init_lc_time_1                  0x00000329   Thumb Code     0  libinit2.o(.ARM.Collect$$libinit$$00000019)
    __rt_lib_init_return                     0x00000329   Thumb Code     0  libinit2.o(.ARM.Collect$$libinit$$00000033)
    __rt_lib_init_signal_1                   0x00000329   Thumb Code     0  libinit2.o(.ARM.Collect$$libinit$$0000001D)
    __rt_lib_init_stdio_1                    0x00000329   Thumb Code     0  libinit2.o(.ARM.Collect$$libinit$$00000025)
    __rt_lib_shutdown                        0x0000032b   Thumb Code     0  libshutdown.o(.ARM.Collect$$libshutdown$$00000000)
    __rt_lib_shutdown_fp_trap_1              0x0000032d   Thumb Code     0  libshutdown2.o(.ARM.Collect$$libshutdown$$00000006)
    __rt_lib_shutdown_heap_1                 0x0000032d   Thumb Code     0  libshutdown2.o(.ARM.Collect$$libshutdown$$0000000E)
    __rt_lib_shutdown_return                 0x0000032d   Thumb Code     0  libshutdown2.o(.ARM.Collect$$libshutdown$$0000000F)
    __rt_lib_shutdown_signal_1               0x0000032d   Thumb Code     0  libshutdown2.o(.ARM.Collect$$libshutdown$$00000009)
    __rt_lib_shutdown_stdio_1                0x0000032d   Thumb Code     0  libshutdown2.o(.ARM.Collect$$libshutdown$$00000003)
    __rt_lib_shutdown_user_alloc_1           0x0000032d   Thumb Code     0  libshutdown2.o(.ARM.Collect$$libshutdown$$0000000B)
    __rt_entry                               0x0000032f   Thumb Code     0  __rtentry.o(.ARM.Collect$$rtentry$$00000000)
    __rt_entry_presh_1                       0x0000032f   Thumb Code     0  __rtentry2.o(.ARM.Collect$$rtentry$$00000002)
    __rt_entry_sh                            0x0000032f   Thumb Code     0  __rtentry4.o(.ARM.Collect$$rtentry$$00000004)
    __rt_entry_li                            0x00000335   Thumb Code     0  __rtentry2.o(.ARM.Collect$$rtentry$$0000000A)
    __rt_entry_postsh_1                      0x00000335   Thumb Code     0  __rtentry2.o(.ARM.Collect$$rtentry$$00000009)
    __rt_entry_main                          0x00000339   Thumb Code     0  __rtentry2.o(.ARM.Collect$$rtentry$$0000000D)
    __rt_entry_postli_1                      0x00000339   Thumb Code     0  __rtentry2.o(.ARM.Collect$$rtentry$$0000000C)
    __rt_exit                                0x00000341   Thumb Code     0  rtexit.o(.ARM.Collect$$rtexit$$00000000)
    __rt_exit_ls                             0x00000343   Thumb Code     0  rtexit2.o(.ARM.Collect$$rtexit$$00000003)
    __rt_exit_prels_1                        0x00000343   Thumb Code     0  rtexit2.o(.ARM.Collect$$rtexit$$00000002)
    __rt_exit_exit                           0x00000347   Thumb Code     0  rtexit2.o(.ARM.Collect$$rtexit$$00000004)
    SysCtlDelay                              0x0000034d   Thumb Code     6  sysctl.o(.emb_text)
    CPUcpsid                                 0x00000355   Thumb Code     8  cpu.o(.emb_text)
    CPUprimask                               0x0000035d   Thumb Code     6  cpu.o(.emb_text)
    CPUcpsie                                 0x00000363   Thumb Code     8  cpu.o(.emb_text)
    CPUwfi                                   0x0000036b   Thumb Code     4  cpu.o(.emb_text)
    CPUbasepriSet                            0x0000036f   Thumb Code     6  cpu.o(.emb_text)
    CPUbasepriGet                            0x00000375   Thumb Code     6  cpu.o(.emb_text)
    __user_initial_stackheap                 0x0000037d   Thumb Code     0  startup_rvmdk.o(.text)
    __I$use$semihosting                      0x00000395   Thumb Code     0  use_no_semi.o(.text)
    __use_no_semihosting_swi                 0x00000395   Thumb Code     2  use_no_semi.o(.text)
    __2printf                                0x00000399   Thumb Code    20  noretval__2printf.o(.text)
    __printf                                 0x000003b1   Thumb Code   104  __printf.o(.text)
    _printf_str                              0x00000419   Thumb Code    82  _printf_str.o(.text)
    _printf_int_dec                          0x0000046d   Thumb Code   104  _printf_dec.o(.text)
    getc                                     0x000004e5   Thumb Code     4  getc.o(.text)
    puts                                     0x000004e9   Thumb Code    40  puts.o(.text)
    __use_two_region_memory                  0x00000515   Thumb Code     2  heapauxi.o(.text)
    __rt_heap_escrow$2region                 0x00000517   Thumb Code     2  heapauxi.o(.text)
    __rt_heap_expand$2region                 0x00000519   Thumb Code     2  heapauxi.o(.text)
    __read_errno                             0x0000051b   Thumb Code    10  _rserrno.o(.text)
    __set_errno                              0x00000525   Thumb Code    12  _rserrno.o(.text)
    _printf_int_common                       0x00000531   Thumb Code   178  _printf_intcommon.o(.text)
    __lib_sel_fp_printf                      0x000005e3   Thumb Code     2  _printf_fp_dec.o(.text)
    _printf_fp_dec_real                      0x00000791   Thumb Code   620  _printf_fp_dec.o(.text)
    _printf_cs_common                        0x000009fd   Thumb Code    20  _printf_char.o(.text)
    _printf_char                             0x00000a11   Thumb Code    16  _printf_char.o(.text)
    _printf_string                           0x00000a21   Thumb Code     8  _printf_char.o(.text)
    _printf_char_file                        0x00000a29   Thumb Code    32  _printf_char_file.o(.text)
    __rt_locale                              0x00000a4d   Thumb Code     8  rt_locale_intlibspace.o(.text)
    __aeabi_errno_addr                       0x00000a55   Thumb Code     8  rt_errno_addr_intlibspace.o(.text)
    __errno$intlibspace                      0x00000a55   Thumb Code     0  rt_errno_addr_intlibspace.o(.text)
    __rt_errno_addr$intlibspace              0x00000a55   Thumb Code     0  rt_errno_addr_intlibspace.o(.text)
    _ll_udiv10                               0x00000a5d   Thumb Code   138  lludiv10.o(.text)
    _printf_char_common                      0x00000af3   Thumb Code    32  _printf_char_common.o(.text)
    _printf_fp_infnan                        0x00000b19   Thumb Code   112  _printf_fp_infnan.o(.text)
    _btod_etento                             0x00000b99   Thumb Code   216  bigflt0.o(.text)
    __user_libspace                          0x00000c75   Thumb Code     8  libspace.o(.text)
    __user_perproc_libspace                  0x00000c75   Thumb Code     0  libspace.o(.text)
    __user_perthread_libspace                0x00000c75   Thumb Code     0  libspace.o(.text)
    __user_setup_stackheap                   0x00000c7d   Thumb Code    74  sys_stackheap_outer.o(.text)
    exit                                     0x00000cc7   Thumb Code    12  exit.o(.text)
    strcmp                                   0x00000cd5   Thumb Code   128  strcmpv7m.o(.text)
    _btod_d2e                                0x00000d55   Thumb Code    62  btod.o(CL$$btod_d2e)
    _d2e_denorm_low                          0x00000d93   Thumb Code    70  btod.o(CL$$btod_d2e_denorm_low)
    _d2e_norm_op1                            0x00000dd9   Thumb Code    96  btod.o(CL$$btod_d2e_norm_op1)
    __btod_div_common                        0x00000e39   Thumb Code   696  btod.o(CL$$btod_div_common)
    _e2e                                     0x00001171   Thumb Code   198  btod.o(CL$$btod_e2e)
    _btod_ediv                               0x00001237   Thumb Code    40  btod.o(CL$$btod_ediv)
    _btod_emul                               0x0000125f   Thumb Code    40  btod.o(CL$$btod_emul)
    __btod_mult_common                       0x00001287   Thumb Code   580  btod.o(CL$$btod_mult_common)
    ADC_MultiInit                            0x000014cd   Thumb Code   170  admulti.o(i.ADC_MultiInit)
    ADC_MultiRead                            0x00001595   Thumb Code    46  admulti.o(i.ADC_MultiRead)
    BeaconCaptureResponse                    0x000015cd   Thumb Code    54  shooting.o(i.BeaconCaptureResponse)
    CPUgetPRIMASK_cpsid                      0x00001625   Thumb Code     8  es_port.o(i.CPUgetPRIMASK_cpsid)
    CPUsetPRIMASK                            0x0000162d   Thumb Code     6  es_port.o(i.CPUsetPRIMASK)
    Calculate                                0x00001635   Thumb Code   708  drive.o(i.Calculate)
    Check4Keystroke                          0x00001a15   Thumb Code   402  eventcheckers.o(i.Check4Keystroke)
    DriveForward                             0x0000214d   Thumb Code    86  drive.o(i.DriveForward)
    EOTResponse                              0x0000325d   Thumb Code    44  spitemplate.o(i.EOTResponse)
    ES_CheckUserEvents                       0x00003299   Thumb Code    34  es_checkevents.o(i.ES_CheckUserEvents)
    ES_DeQueue                               0x000032c1   Thumb Code    80  es_queue.o(i.ES_DeQueue)
    ES_EnQueueFIFO                           0x00003315   Thumb Code    66  es_queue.o(i.ES_EnQueueFIFO)
    ES_GetMSBitSet                           0x0000335d   Thumb Code    48  es_lookuptables.o(i.ES_GetMSBitSet)
    ES_InitQueue                             0x00003391   Thumb Code    16  es_queue.o(i.ES_InitQueue)
    ES_Initialize                            0x000033a1   Thumb Code    72  es_framework.o(i.ES_Initialize)
    ES_PostToService                         0x000033ed   Thumb Code    34  es_framework.o(i.ES_PostToService)
    ES_Run                                   0x0000341d   Thumb Code    84  es_framework.o(i.ES_Run)
    ES_Timer_Init                            0x0000347d   Thumb Code     4  es_timers_1.o(i.ES_Timer_Init)
    ES_Timer_InitTimer                       0x00003481   Thumb Code    44  es_timers_1.o(i.ES_Timer_InitTimer)
    ES_Timer_StartTimer                      0x000034bd   Thumb Code    36  es_timers_1.o(i.ES_Timer_StartTimer)
    ES_Timer_StopTimer                       0x000034ed   Thumb Code    28  es_timers_1.o(i.ES_Timer_StopTimer)
    ES_Timer_Tick_Resp                       0x00003511   Thumb Code    90  es_timers_1.o(i.ES_Timer_Tick_Resp)
    ES_Timer_isActive                        0x0000357d   Thumb Code    18  es_timers_1.o(i.ES_Timer_isActive)
    FindSection                              0x0000373d   Thumb Code   230  points.o(i.FindSection)
    FireBallShooter                          0x000038ed   Thumb Code    32  ballshooter.o(i.FireBallShooter)
    GPIODirModeSet                           0x00003965   Thumb Code    40  gpio.o(i.GPIODirModeSet)
    GPIOPadConfigSet                         0x0000398d   Thumb Code   314  gpio.o(i.GPIOPadConfigSet)
    GPIOPinConfigure                         0x00003ac9   Thumb Code    64  gpio.o(i.GPIOPinConfigure)
    GPIOPinTypeUART                          0x00003b11   Thumb Code    28  gpio.o(i.GPIOPinTypeUART)
    GetLastPWM                               0x00003b2d   Thumb Code    20  pwm.o(i.GetLastPWM)
    InitBallShooter                          0x00003b6d   Thumb Code    36  ballshooter.o(i.InitBallShooter)
    InitBeaconCaptureResponse                0x00003bb1   Thumb Code   154  shooting.o(i.InitBeaconCaptureResponse)
    InitMaster                               0x00003c75   Thumb Code    34  master.o(i.InitMaster)
    InitPWM                                  0x00003c9d   Thumb Code   262  pwm.o(i.InitPWM)
    IntMasterEnable                          0x00003dd9   Thumb Code    14  interrupt.o(i.IntMasterEnable)
    PostDRS                                  0x00003de9   Thumb Code    10  spitemplate.o(i.PostDRS)
    PostMaster                               0x00003df9   Thumb Code    10  master.o(i.PostMaster)
    QueryMyKart                              0x00003e09   Thumb Code    18  spitemplate.o(i.QueryMyKart)
    QueryRunningGame                         0x00003e21   Thumb Code     6  runninggame.o(i.QueryRunningGame)
    RunBallShooter                           0x00003e2d   Thumb Code    86  ballshooter.o(i.RunBallShooter)
    RunDRS                                   0x00003ec5   Thumb Code   272  spitemplate.o(i.RunDRS)
    RunDrive                                 0x00004059   Thumb Code   116  drive.o(i.RunDrive)
    RunDriving                               0x000040d9   Thumb Code   280  driving.o(i.RunDriving)
    RunGamePlay                              0x0000432d   Thumb Code   162  gameplay.o(i.RunGamePlay)
    RunMaster                                0x00004425   Thumb Code    64  master.o(i.RunMaster)
    RunObstacle                              0x0000448d   Thumb Code   540  obstacle.o(i.RunObstacle)
    RunRunningGame                           0x00004839   Thumb Code   140  runninggame.o(i.RunRunningGame)
    RunShooting                              0x000048fd   Thumb Code   516  shooting.o(i.RunShooting)
    SetPWMDuty                               0x00004b65   Thumb Code   206  pwm.o(i.SetPWMDuty)
    SetPWMWidth                              0x00004c3d   Thumb Code   198  pwm.o(i.SetPWMWidth)
    StartDRS                                 0x00004d0d   Thumb Code   480  spitemplate.o(i.StartDRS)
    StartDrive                               0x00004f5d   Thumb Code    34  drive.o(i.StartDrive)
    StartDriving                             0x00004f81   Thumb Code    10  driving.o(i.StartDriving)
    StartGamePlay                            0x00004f91   Thumb Code    24  gameplay.o(i.StartGamePlay)
    StartMaster                              0x00004fad   Thumb Code    34  master.o(i.StartMaster)
    StartObstacle                            0x00004fd1   Thumb Code    10  obstacle.o(i.StartObstacle)
    StartRunningGame                         0x00004fe1   Thumb Code    24  runninggame.o(i.StartRunningGame)
    StartShooting                            0x00004ffd   Thumb Code    10  shooting.o(i.StartShooting)
    SysCtlClockSet                           0x0000500d   Thumb Code   270  sysctl.o(i.SysCtlClockSet)
    SysCtlPeripheralEnable                   0x0000512d   Thumb Code    36  sysctl.o(i.SysCtlPeripheralEnable)
    SysTickEnable                            0x00005155   Thumb Code    14  systick.o(i.SysTickEnable)
    SysTickIntEnable                         0x00005163   Thumb Code    14  systick.o(i.SysTickIntEnable)
    SysTickIntHandler                        0x00005171   Thumb Code    16  es_port.o(i.SysTickIntHandler)
    SysTickPeriodSet                         0x00005185   Thumb Code    10  systick.o(i.SysTickPeriodSet)
    TERMIO_GetChar                           0x0000518f   Thumb Code     4  termio.o(i.TERMIO_GetChar)
    TERMIO_Init                              0x00005195   Thumb Code    62  termio.o(i.TERMIO_Init)
    TERMIO_PutChar                           0x000051e5   Thumb Code     8  termio.o(i.TERMIO_PutChar)
    TurnTheta                                0x000051f1   Thumb Code   206  drive.o(i.TurnTheta)
    UARTCharPut                              0x000052fd   Thumb Code    12  uart.o(i.UARTCharPut)
    UARTClockSourceSet                       0x00005309   Thumb Code     6  uart.o(i.UARTClockSourceSet)
    UARTStdioConfig                          0x00005311   Thumb Code    82  uartstdio.o(i.UARTStdioConfig)
    UARTgetc                                 0x0000536d   Thumb Code    20  uartstdio.o(i.UARTgetc)
    _HW_Process_Pending_Ints                 0x00005385   Thumb Code    26  es_port.o(i._HW_Process_Pending_Ints)
    _HW_Timer_Init                           0x000053a5   Thumb Code    22  es_port.o(i._HW_Timer_Init)
    __ARM_fpclassify                         0x000053bb   Thumb Code    48  fpclassify.o(i.__ARM_fpclassify)
    __hardfp_atan                            0x000053f1   Thumb Code   622  atan.o(i.__hardfp_atan)
    __hardfp_pow                             0x000056c9   Thumb Code  3044  pow.o(i.__hardfp_pow)
    __hardfp_sqrt                            0x00006301   Thumb Code   122  sqrt.o(i.__hardfp_sqrt)
    __kernel_poly                            0x0000637b   Thumb Code   248  poly.o(i.__kernel_poly)
    __mathlib_dbl_divzero                    0x00006479   Thumb Code    28  dunder.o(i.__mathlib_dbl_divzero)
    __mathlib_dbl_infnan                     0x000064a9   Thumb Code    20  dunder.o(i.__mathlib_dbl_infnan)
    __mathlib_dbl_infnan2                    0x000064bd   Thumb Code    20  dunder.o(i.__mathlib_dbl_infnan2)
    __mathlib_dbl_invalid                    0x000064d1   Thumb Code    24  dunder.o(i.__mathlib_dbl_invalid)
    __mathlib_dbl_overflow                   0x000064f1   Thumb Code    24  dunder.o(i.__mathlib_dbl_overflow)
    __mathlib_dbl_underflow                  0x00006511   Thumb Code    24  dunder.o(i.__mathlib_dbl_underflow)
    _sys_exit                                0x00006531   Thumb Code     2  retarget.o(i._sys_exit)
    addAngleEntry                            0x00006535   Thumb Code    44  drivealgorithm.o(i.addAngleEntry)
    clearThetas                              0x00006569   Thumb Code     8  drivealgorithm.o(i.clearThetas)
    fabs                                     0x00006575   Thumb Code    24  fabs.o(i.fabs)
    ferror                                   0x0000658d   Thumb Code     6  retarget.o(i.ferror)
    fgetc                                    0x00006593   Thumb Code     4  retarget.o(i.fgetc)
    fputc                                    0x00006597   Thumb Code    14  retarget.o(i.fputc)
    getDesiredTheta                          0x000065a5   Thumb Code   110  drivealgorithm.o(i.getDesiredTheta)
    kbhit                                    0x0000661d   Thumb Code    16  termio.o(i.kbhit)
    main                                     0x00006631   Thumb Code    76  main.o(i.main)
    sqrt                                     0x00006725   Thumb Code   110  sqrt.o(i.sqrt)
    _get_lc_numeric                          0x00006795   Thumb Code    44  lc_numeric_c.o(locale$$code)
    __aeabi_dneg                             0x000067c1   Thumb Code     0  basic.o(x$fpl$basic)
    _dneg                                    0x000067c1   Thumb Code     6  basic.o(x$fpl$basic)
    __aeabi_fneg                             0x000067c7   Thumb Code     0  basic.o(x$fpl$basic)
    _fneg                                    0x000067c7   Thumb Code     6  basic.o(x$fpl$basic)
    _dabs                                    0x000067cd   Thumb Code     6  basic.o(x$fpl$basic)
    _fabs                                    0x000067d3   Thumb Code     6  basic.o(x$fpl$basic)
    __aeabi_d2f                              0x000067d9   Thumb Code     0  d2f.o(x$fpl$d2f)
    _d2f                                     0x000067d9   Thumb Code    98  d2f.o(x$fpl$d2f)
    __aeabi_dadd                             0x0000683d   Thumb Code     0  daddsub_clz.o(x$fpl$dadd)
    _dadd                                    0x0000683d   Thumb Code   332  daddsub_clz.o(x$fpl$dadd)
    __fpl_dcheck_NaN1                        0x0000698d   Thumb Code    10  dcheck1.o(x$fpl$dcheck1)
    __fpl_dcmp_Inf                           0x0000699d   Thumb Code    24  dcmpi.o(x$fpl$dcmpinf)
    __aeabi_ddiv                             0x000069b5   Thumb Code     0  ddiv.o(x$fpl$ddiv)
    _ddiv                                    0x000069b5   Thumb Code   552  ddiv.o(x$fpl$ddiv)
    __aeabi_d2iz                             0x00006c65   Thumb Code     0  dfix.o(x$fpl$dfix)
    _dfix                                    0x00006c65   Thumb Code    94  dfix.o(x$fpl$dfix)
    __aeabi_d2uiz                            0x00006cc5   Thumb Code     0  dfixu.o(x$fpl$dfixu)
    _dfixu                                   0x00006cc5   Thumb Code    90  dfixu.o(x$fpl$dfixu)
    __aeabi_i2d                              0x00006d1f   Thumb Code     0  dflt_clz.o(x$fpl$dflt)
    _dflt                                    0x00006d1f   Thumb Code    46  dflt_clz.o(x$fpl$dflt)
    __aeabi_ui2d                             0x00006d4d   Thumb Code     0  dflt_clz.o(x$fpl$dfltu)
    _dfltu                                   0x00006d4d   Thumb Code    38  dflt_clz.o(x$fpl$dfltu)
    __aeabi_cdcmple                          0x00006d75   Thumb Code     0  dleqf.o(x$fpl$dleqf)
    _dcmple                                  0x00006d75   Thumb Code   120  dleqf.o(x$fpl$dleqf)
    __fpl_dcmple_InfNaN                      0x00006dd7   Thumb Code     0  dleqf.o(x$fpl$dleqf)
    __aeabi_dmul                             0x00006ded   Thumb Code     0  dmul.o(x$fpl$dmul)
    _dmul                                    0x00006ded   Thumb Code   332  dmul.o(x$fpl$dmul)
    __fpl_dnaninf                            0x00006f41   Thumb Code   156  dnaninf.o(x$fpl$dnaninf)
    __fpl_dretinf                            0x00006fdd   Thumb Code    12  dretinf.o(x$fpl$dretinf)
    __aeabi_cdrcmple                         0x00006fe9   Thumb Code     0  drleqf.o(x$fpl$drleqf)
    _drcmple                                 0x00006fe9   Thumb Code   108  drleqf.o(x$fpl$drleqf)
    __aeabi_drsub                            0x00007055   Thumb Code     0  daddsub_clz.o(x$fpl$drsb)
    _drsb                                    0x00007055   Thumb Code    22  daddsub_clz.o(x$fpl$drsb)
    _dsqrt                                   0x0000706d   Thumb Code   404  dsqrt_umaal.o(x$fpl$dsqrt)
    __aeabi_dsub                             0x00007205   Thumb Code     0  daddsub_clz.o(x$fpl$dsub)
    _dsub                                    0x00007205   Thumb Code   464  daddsub_clz.o(x$fpl$dsub)
    __aeabi_f2d                              0x000073d9   Thumb Code     0  f2d.o(x$fpl$f2d)
    _f2d                                     0x000073d9   Thumb Code    86  f2d.o(x$fpl$f2d)
    __fpl_fnaninf                            0x0000742f   Thumb Code   140  fnaninf.o(x$fpl$fnaninf)
    _fp_init                                 0x000074bb   Thumb Code    10  fpinit.o(x$fpl$fpinit)
    __fplib_config_fpu_vfp                   0x000074c3   Thumb Code     0  fpinit.o(x$fpl$fpinit)
    __fplib_config_pureend_doubles           0x000074c3   Thumb Code     0  fpinit.o(x$fpl$fpinit)
    __fpl_fretinf                            0x000074c5   Thumb Code    10  fretinf.o(x$fpl$fretinf)
    _printf_fp_dec                           0x000074cf   Thumb Code     4  printf1.o(x$fpl$printf1)
    __fpl_return_NaN                         0x000074d3   Thumb Code   100  retnan.o(x$fpl$retnan)
    __ARM_scalbn                             0x00007537   Thumb Code    92  scalbn.o(x$fpl$scalbn)
    __fpl_cmpreturn                          0x00007593   Thumb Code    48  trapv.o(x$fpl$trapveneer)
    __I$use$fp                               0x000075c2   Number         0  usenofp.o(x$fpl$usenofp)
    BitNum2SetMask                           0x000076b4   Data          32  es_lookuptables.o(.constdata)
    Nybble2MSBitNum                          0x000076d4   Data          15  es_lookuptables.o(.constdata)
    __mathlib_zero                           0x00007a70   Data           8  qnan.o(.constdata)
    Region$$Table$$Base                      0x00007b20   Number         0  anon$$obj.o(Region$$Table)
    Region$$Table$$Limit                     0x00007b40   Number         0  anon$$obj.o(Region$$Table)
    lastPWM_Port                             0x20000024   Data           1  pwm.o(.data)
    lastPWM_Starboard                        0x20000025   Data           1  pwm.o(.data)
    dirPort                                  0x20000026   Data           1  pwm.o(.data)
    dirStar                                  0x20000027   Data           1  pwm.o(.data)
    ObstacleEntry                            0x2000002e   Data           4  driving.o(.data)
    ShootingPoint                            0x20000032   Data           4  driving.o(.data)
    currentPoint                             0x20000036   Data           4  driving.o(.data)
    nextPoint                                0x2000003a   Data           4  driving.o(.data)
    cornerPointMatrix_X                      0x2000003e   Data           8  driving.o(.data)
    cornerPointMatrix_Y                      0x20000046   Data           8  driving.o(.data)
    ShootingPoint_Shooting                   0x20000052   Data           4  shooting.o(.data)
    currentPoint_Shooting                    0x20000060   Data           4  shooting.o(.data)
    ObstacleExit                             0x20000066   Data           4  obstacle.o(.data)
    Ready                                    0x20000076   Data           2  es_framework.o(.data)
    _PRIMASK_temp                            0x20000080   Data           4  es_queue.o(.data)
    __stdout                                 0x20000090   Data           4  retarget.o(.data)
    __stdin                                  0x20000094   Data           4  retarget.o(.data)
    myKart                                   0x200000ac   Data          10  driving.o(.bss)
    myKart_Shooting                          0x200000b6   Data          10  shooting.o(.bss)
    myKart_Obstacle                          0x200000c0   Data          10  obstacle.o(.bss)
    __libspace_start                         0x2000016c   Data          96  libspace.o(.bss)
    __temporary_stack_top$libspace           0x200001cc   Data           0  libspace.o(.bss)



==============================================================================

Memory Map of the image

  Image Entry point : 0x0000026d

  Load Region LR_IROM1 (Base: 0x00000000, Size: 0x00007bfc, Max: 0x00040000, ABSOLUTE)

    Execution Region ER_IROM1 (Base: 0x00000000, Size: 0x00007b5c, Max: 0x00040000, ABSOLUTE)

    Base Addr    Size         Type   Attr      Idx    E Section Name        Object

    0x00000000   0x00000288   Code   RO          731  * RESET               startup_rvmdk.o
    0x00000288   0x00000008   Code   RO         2346  * !!!main             c_w.l(__main.o)
    0x00000290   0x00000034   Code   RO         2681    !!!scatter          c_w.l(__scatter.o)
    0x000002c4   0x0000001a   Code   RO         2683    !!handler_copy      c_w.l(__scatter_copy.o)
    0x000002de   0x00000002   PAD
    0x000002e0   0x0000001c   Code   RO         2685    !!handler_zi        c_w.l(__scatter_zi.o)
    0x000002fc   0x00000000   Code   RO         2339    .ARM.Collect$$_printf_percent$$00000000  c_w.l(_printf_percent.o)
    0x000002fc   0x00000006   Code   RO         2338    .ARM.Collect$$_printf_percent$$00000003  c_w.l(_printf_f.o)
    0x00000302   0x00000006   Code   RO         2337    .ARM.Collect$$_printf_percent$$00000009  c_w.l(_printf_d.o)
    0x00000308   0x00000006   Code   RO         2336    .ARM.Collect$$_printf_percent$$00000014  c_w.l(_printf_s.o)
    0x0000030e   0x00000004   Code   RO         2431    .ARM.Collect$$_printf_percent$$00000017  c_w.l(_printf_percent_end.o)
    0x00000312   0x00000002   Code   RO         2557    .ARM.Collect$$libinit$$00000000  c_w.l(libinit.o)
    0x00000314   0x00000004   Code   RO         2558    .ARM.Collect$$libinit$$00000001  c_w.l(libinit2.o)
    0x00000318   0x00000000   Code   RO         2561    .ARM.Collect$$libinit$$00000004  c_w.l(libinit2.o)
    0x00000318   0x00000000   Code   RO         2564    .ARM.Collect$$libinit$$0000000A  c_w.l(libinit2.o)
    0x00000318   0x00000000   Code   RO         2566    .ARM.Collect$$libinit$$0000000C  c_w.l(libinit2.o)
    0x00000318   0x00000000   Code   RO         2568    .ARM.Collect$$libinit$$0000000E  c_w.l(libinit2.o)
    0x00000318   0x00000006   Code   RO         2569    .ARM.Collect$$libinit$$0000000F  c_w.l(libinit2.o)
    0x0000031e   0x00000000   Code   RO         2571    .ARM.Collect$$libinit$$00000011  c_w.l(libinit2.o)
    0x0000031e   0x00000000   Code   RO         2573    .ARM.Collect$$libinit$$00000013  c_w.l(libinit2.o)
    0x0000031e   0x00000000   Code   RO         2575    .ARM.Collect$$libinit$$00000015  c_w.l(libinit2.o)
    0x0000031e   0x0000000a   Code   RO         2576    .ARM.Collect$$libinit$$00000016  c_w.l(libinit2.o)
    0x00000328   0x00000000   Code   RO         2577    .ARM.Collect$$libinit$$00000017  c_w.l(libinit2.o)
    0x00000328   0x00000000   Code   RO         2579    .ARM.Collect$$libinit$$00000019  c_w.l(libinit2.o)
    0x00000328   0x00000000   Code   RO         2581    .ARM.Collect$$libinit$$0000001B  c_w.l(libinit2.o)
    0x00000328   0x00000000   Code   RO         2583    .ARM.Collect$$libinit$$0000001D  c_w.l(libinit2.o)
    0x00000328   0x00000000   Code   RO         2585    .ARM.Collect$$libinit$$0000001F  c_w.l(libinit2.o)
    0x00000328   0x00000000   Code   RO         2587    .ARM.Collect$$libinit$$00000021  c_w.l(libinit2.o)
    0x00000328   0x00000000   Code   RO         2589    .ARM.Collect$$libinit$$00000023  c_w.l(libinit2.o)
    0x00000328   0x00000000   Code   RO         2591    .ARM.Collect$$libinit$$00000025  c_w.l(libinit2.o)
    0x00000328   0x00000000   Code   RO         2595    .ARM.Collect$$libinit$$0000002C  c_w.l(libinit2.o)
    0x00000328   0x00000000   Code   RO         2597    .ARM.Collect$$libinit$$0000002E  c_w.l(libinit2.o)
    0x00000328   0x00000000   Code   RO         2599    .ARM.Collect$$libinit$$00000030  c_w.l(libinit2.o)
    0x00000328   0x00000000   Code   RO         2601    .ARM.Collect$$libinit$$00000032  c_w.l(libinit2.o)
    0x00000328   0x00000002   Code   RO         2602    .ARM.Collect$$libinit$$00000033  c_w.l(libinit2.o)
    0x0000032a   0x00000002   Code   RO         2634    .ARM.Collect$$libshutdown$$00000000  c_w.l(libshutdown.o)
    0x0000032c   0x00000000   Code   RO         2644    .ARM.Collect$$libshutdown$$00000003  c_w.l(libshutdown2.o)
    0x0000032c   0x00000000   Code   RO         2647    .ARM.Collect$$libshutdown$$00000006  c_w.l(libshutdown2.o)
    0x0000032c   0x00000000   Code   RO         2650    .ARM.Collect$$libshutdown$$00000009  c_w.l(libshutdown2.o)
    0x0000032c   0x00000000   Code   RO         2652    .ARM.Collect$$libshutdown$$0000000B  c_w.l(libshutdown2.o)
    0x0000032c   0x00000000   Code   RO         2655    .ARM.Collect$$libshutdown$$0000000E  c_w.l(libshutdown2.o)
    0x0000032c   0x00000002   Code   RO         2656    .ARM.Collect$$libshutdown$$0000000F  c_w.l(libshutdown2.o)
    0x0000032e   0x00000000   Code   RO         2420    .ARM.Collect$$rtentry$$00000000  c_w.l(__rtentry.o)
    0x0000032e   0x00000000   Code   RO         2477    .ARM.Collect$$rtentry$$00000002  c_w.l(__rtentry2.o)
    0x0000032e   0x00000006   Code   RO         2489    .ARM.Collect$$rtentry$$00000004  c_w.l(__rtentry4.o)
    0x00000334   0x00000000   Code   RO         2479    .ARM.Collect$$rtentry$$00000009  c_w.l(__rtentry2.o)
    0x00000334   0x00000004   Code   RO         2480    .ARM.Collect$$rtentry$$0000000A  c_w.l(__rtentry2.o)
    0x00000338   0x00000000   Code   RO         2482    .ARM.Collect$$rtentry$$0000000C  c_w.l(__rtentry2.o)
    0x00000338   0x00000008   Code   RO         2483    .ARM.Collect$$rtentry$$0000000D  c_w.l(__rtentry2.o)
    0x00000340   0x00000002   Code   RO         2605    .ARM.Collect$$rtexit$$00000000  c_w.l(rtexit.o)
    0x00000342   0x00000000   Code   RO         2614    .ARM.Collect$$rtexit$$00000002  c_w.l(rtexit2.o)
    0x00000342   0x00000004   Code   RO         2615    .ARM.Collect$$rtexit$$00000003  c_w.l(rtexit2.o)
    0x00000346   0x00000006   Code   RO         2616    .ARM.Collect$$rtexit$$00000004  c_w.l(rtexit2.o)
    0x0000034c   0x00000006   Code   RO         1598    .emb_text           driverlib.lib(sysctl.o)
    0x00000352   0x00000002   PAD
    0x00000354   0x00000026   Code   RO         2292    .emb_text           driverlib.lib(cpu.o)
    0x0000037a   0x00000002   PAD
    0x0000037c   0x00000018   Code   RO          732    .text               startup_rvmdk.o
    0x00000394   0x00000002   Code   RO         2304    .text               c_w.l(use_no_semi.o)
    0x00000396   0x00000002   PAD
    0x00000398   0x00000018   Code   RO         2308    .text               c_w.l(noretval__2printf.o)
    0x000003b0   0x00000068   Code   RO         2310    .text               c_w.l(__printf.o)
    0x00000418   0x00000052   Code   RO         2312    .text               c_w.l(_printf_str.o)
    0x0000046a   0x00000002   PAD
    0x0000046c   0x00000078   Code   RO         2314    .text               c_w.l(_printf_dec.o)
    0x000004e4   0x00000004   Code   RO         2340    .text               c_w.l(getc.o)
    0x000004e8   0x0000002c   Code   RO         2342    .text               c_w.l(puts.o)
    0x00000514   0x00000006   Code   RO         2344    .text               c_w.l(heapauxi.o)
    0x0000051a   0x00000016   Code   RO         2421    .text               c_w.l(_rserrno.o)
    0x00000530   0x000000b2   Code   RO         2423    .text               c_w.l(_printf_intcommon.o)
    0x000005e2   0x0000041a   Code   RO         2425    .text               c_w.l(_printf_fp_dec.o)
    0x000009fc   0x0000002c   Code   RO         2427    .text               c_w.l(_printf_char.o)
    0x00000a28   0x00000024   Code   RO         2429    .text               c_w.l(_printf_char_file.o)
    0x00000a4c   0x00000008   Code   RO         2494    .text               c_w.l(rt_locale_intlibspace.o)
    0x00000a54   0x00000008   Code   RO         2499    .text               c_w.l(rt_errno_addr_intlibspace.o)
    0x00000a5c   0x0000008a   Code   RO         2501    .text               c_w.l(lludiv10.o)
    0x00000ae6   0x00000002   PAD
    0x00000ae8   0x00000030   Code   RO         2503    .text               c_w.l(_printf_char_common.o)
    0x00000b18   0x00000080   Code   RO         2505    .text               c_w.l(_printf_fp_infnan.o)
    0x00000b98   0x000000dc   Code   RO         2507    .text               c_w.l(bigflt0.o)
    0x00000c74   0x00000008   Code   RO         2541    .text               c_w.l(libspace.o)
    0x00000c7c   0x0000004a   Code   RO         2544    .text               c_w.l(sys_stackheap_outer.o)
    0x00000cc6   0x0000000c   Code   RO         2548    .text               c_w.l(exit.o)
    0x00000cd2   0x00000002   PAD
    0x00000cd4   0x00000080   Code   RO         2550    .text               c_w.l(strcmpv7m.o)
    0x00000d54   0x0000003e   Code   RO         2510    CL$$btod_d2e        c_w.l(btod.o)
    0x00000d92   0x00000046   Code   RO         2512    CL$$btod_d2e_denorm_low  c_w.l(btod.o)
    0x00000dd8   0x00000060   Code   RO         2511    CL$$btod_d2e_norm_op1  c_w.l(btod.o)
    0x00000e38   0x00000338   Code   RO         2520    CL$$btod_div_common  c_w.l(btod.o)
    0x00001170   0x000000c6   Code   RO         2517    CL$$btod_e2e        c_w.l(btod.o)
    0x00001236   0x00000028   Code   RO         2514    CL$$btod_ediv       c_w.l(btod.o)
    0x0000125e   0x00000028   Code   RO         2513    CL$$btod_emul       c_w.l(btod.o)
    0x00001286   0x00000244   Code   RO         2519    CL$$btod_mult_common  c_w.l(btod.o)
    0x000014ca   0x00000002   PAD
    0x000014cc   0x000000c8   Code   RO          705    i.ADC_MultiInit     admulti.o
    0x00001594   0x00000038   Code   RO          706    i.ADC_MultiRead     admulti.o
    0x000015cc   0x00000058   Code   RO          385    i.BeaconCaptureResponse  shooting.o
    0x00001624   0x00000008   Code   RO          866    i.CPUgetPRIMASK_cpsid  es_port.o
    0x0000162c   0x00000006   Code   RO          872    i.CPUsetPRIMASK     es_port.o
    0x00001632   0x00000002   PAD
    0x00001634   0x000003e0   Code   RO          175    i.Calculate         drive.o
    0x00001a14   0x000004a0   Code   RO           86    i.Check4Keystroke   eventcheckers.o
    0x00001eb4   0x00000054   Code   RO          520    i.CheckDRSEvents    spitemplate.o
    0x00001f08   0x00000244   Code   RO          521    i.DRSSaveData       spitemplate.o
    0x0000214c   0x00000070   Code   RO          177    i.DriveForward      drive.o
    0x000021bc   0x000000b0   Code   RO          346    i.DuringAtPositionState  driving.o
    0x0000226c   0x00000088   Code   RO          576    i.DuringDrivingStateSM  runninggame.o
    0x000022f4   0x000000a0   Code   RO          461    i.DuringExitingObstacleState  obstacle.o
    0x00002394   0x0000010c   Code   RO          386    i.DuringFindBeaconState  shooting.o
    0x000024a0   0x000000b0   Code   RO          387    i.DuringFindXState  shooting.o
    0x00002550   0x000000b4   Code   RO          462    i.DuringFindXState  obstacle.o
    0x00002604   0x000000bc   Code   RO          388    i.DuringFindYState  shooting.o
    0x000026c0   0x000000a8   Code   RO          463    i.DuringFindYState  obstacle.o
    0x00002768   0x000000a0   Code   RO          389    i.DuringFireState   shooting.o
    0x00002808   0x00000088   Code   RO          464    i.DuringObstacleGeneratePathState  obstacle.o
    0x00002890   0x0000008c   Code   RO          577    i.DuringObstacleStateSM  runninggame.o
    0x0000291c   0x00000130   Code   RO          465    i.DuringObstacleTurning1State  obstacle.o
    0x00002a4c   0x00000180   Code   RO          390    i.DuringOrientState  shooting.o
    0x00002bcc   0x0000013c   Code   RO          466    i.DuringOrientState  obstacle.o
    0x00002d08   0x00000164   Code   RO          252    i.DuringPauseState  gameplay.o
    0x00002e6c   0x000000bc   Code   RO          391    i.DuringReturnToTapeState  shooting.o
    0x00002f28   0x000000b8   Code   RO          253    i.DuringRunningGameStateGP  gameplay.o
    0x00002fe0   0x0000008c   Code   RO          578    i.DuringShootingStateSM  runninggame.o
    0x0000306c   0x0000013c   Code   RO          392    i.DuringShootingTurningState  shooting.o
    0x000031a8   0x000000b4   Code   RO          254    i.DuringWaitForStartState  gameplay.o
    0x0000325c   0x0000003c   Code   RO          522    i.EOTResponse       spitemplate.o
    0x00003298   0x00000028   Code   RO          738    i.ES_CheckUserEvents  es_checkevents.o
    0x000032c0   0x00000054   Code   RO          905    i.ES_DeQueue        es_queue.o
    0x00003314   0x00000048   Code   RO          906    i.ES_EnQueueFIFO    es_queue.o
    0x0000335c   0x00000034   Code   RO          815    i.ES_GetMSBitSet    es_lookuptables.o
    0x00003390   0x00000010   Code   RO          908    i.ES_InitQueue      es_queue.o
    0x000033a0   0x0000004c   Code   RO          770    i.ES_Initialize     es_framework.o
    0x000033ec   0x00000030   Code   RO          772    i.ES_PostToService  es_framework.o
    0x0000341c   0x00000060   Code   RO          774    i.ES_Run            es_framework.o
    0x0000347c   0x00000004   Code   RO          948    i.ES_Timer_Init     es_timers_1.o
    0x00003480   0x0000003c   Code   RO          949    i.ES_Timer_InitTimer  es_timers_1.o
    0x000034bc   0x00000030   Code   RO          951    i.ES_Timer_StartTimer  es_timers_1.o
    0x000034ec   0x00000024   Code   RO          952    i.ES_Timer_StopTimer  es_timers_1.o
    0x00003510   0x0000006c   Code   RO          953    i.ES_Timer_Tick_Resp  es_timers_1.o
    0x0000357c   0x0000001c   Code   RO          954    i.ES_Timer_isActive  es_timers_1.o
    0x00003598   0x000001a4   Code   RO          347    i.FindNextPoint     driving.o
    0x0000373c   0x000001b0   Code   RO          688    i.FindSection       points.o
    0x000038ec   0x00000040   Code   RO          618    i.FireBallShooter   ballshooter.o
    0x0000392c   0x00000038   Code   RO          619    i.FlickerReset      ballshooter.o
    0x00003964   0x00000028   Code   RO         1161    i.GPIODirModeSet    driverlib.lib(gpio.o)
    0x0000398c   0x0000013a   Code   RO         1171    i.GPIOPadConfigSet  driverlib.lib(gpio.o)
    0x00003ac6   0x00000002   PAD
    0x00003ac8   0x00000048   Code   RO         1172    i.GPIOPinConfigure  driverlib.lib(gpio.o)
    0x00003b10   0x0000001c   Code   RO         1197    i.GPIOPinTypeUART   driverlib.lib(gpio.o)
    0x00003b2c   0x00000018   Code   RO          296    i.GetLastPWM        pwm.o
    0x00003b44   0x00000028   Code   RO          620    i.HopperSet         ballshooter.o
    0x00003b6c   0x00000044   Code   RO          621    i.InitBallShooter   ballshooter.o
    0x00003bb0   0x000000c4   Code   RO          393    i.InitBeaconCaptureResponse  shooting.o
    0x00003c74   0x00000028   Code   RO          220    i.InitMaster        master.o
    0x00003c9c   0x0000013c   Code   RO          297    i.InitPWM           pwm.o
    0x00003dd8   0x0000000e   Code   RO         1486    i.IntMasterEnable   driverlib.lib(interrupt.o)
    0x00003de6   0x00000002   PAD
    0x00003de8   0x00000010   Code   RO          523    i.PostDRS           spitemplate.o
    0x00003df8   0x00000010   Code   RO          221    i.PostMaster        master.o
    0x00003e08   0x00000018   Code   RO          525    i.QueryMyKart       spitemplate.o
    0x00003e20   0x0000000c   Code   RO          579    i.QueryRunningGame  runninggame.o
    0x00003e2c   0x00000098   Code   RO          622    i.RunBallShooter    ballshooter.o
    0x00003ec4   0x00000194   Code   RO          526    i.RunDRS            spitemplate.o
    0x00004058   0x00000080   Code   RO          178    i.RunDrive          drive.o
    0x000040d8   0x00000254   Code   RO          349    i.RunDriving        driving.o
    0x0000432c   0x000000f8   Code   RO          256    i.RunGamePlay       gameplay.o
    0x00004424   0x00000068   Code   RO          222    i.RunMaster         master.o
    0x0000448c   0x000003ac   Code   RO          468    i.RunObstacle       obstacle.o
    0x00004838   0x000000c4   Code   RO          580    i.RunRunningGame    runninggame.o
    0x000048fc   0x00000268   Code   RO          395    i.RunShooting       shooting.o
    0x00004b64   0x000000d8   Code   RO          300    i.SetPWMDuty        pwm.o
    0x00004c3c   0x000000d0   Code   RO          301    i.SetPWMWidth       pwm.o
    0x00004d0c   0x00000250   Code   RO          527    i.StartDRS          spitemplate.o
    0x00004f5c   0x00000022   Code   RO          179    i.StartDrive        drive.o
    0x00004f7e   0x00000002   PAD
    0x00004f80   0x00000010   Code   RO          350    i.StartDriving      driving.o
    0x00004f90   0x0000001c   Code   RO          257    i.StartGamePlay     gameplay.o
    0x00004fac   0x00000022   Code   RO          223    i.StartMaster       master.o
    0x00004fce   0x00000002   PAD
    0x00004fd0   0x00000010   Code   RO          469    i.StartObstacle     obstacle.o
    0x00004fe0   0x0000001c   Code   RO          581    i.StartRunningGame  runninggame.o
    0x00004ffc   0x00000010   Code   RO          396    i.StartShooting     shooting.o
    0x0000500c   0x00000120   Code   RO         1603    i.SysCtlClockSet    driverlib.lib(sysctl.o)
    0x0000512c   0x00000028   Code   RO         1632    i.SysCtlPeripheralEnable  driverlib.lib(sysctl.o)
    0x00005154   0x0000000e   Code   RO         1941    i.SysTickEnable     driverlib.lib(systick.o)
    0x00005162   0x0000000e   Code   RO         1943    i.SysTickIntEnable  driverlib.lib(systick.o)
    0x00005170   0x00000014   Code   RO          832    i.SysTickIntHandler  es_port.o
    0x00005184   0x0000000a   Code   RO         1947    i.SysTickPeriodSet  driverlib.lib(systick.o)
    0x0000518e   0x00000004   Code   RO         1058    i.TERMIO_GetChar    termio.o
    0x00005192   0x00000002   PAD
    0x00005194   0x00000050   Code   RO         1059    i.TERMIO_Init       termio.o
    0x000051e4   0x0000000c   Code   RO         1060    i.TERMIO_PutChar    termio.o
    0x000051f0   0x0000010c   Code   RO          180    i.TurnTheta         drive.o
    0x000052fc   0x0000000c   Code   RO         2011    i.UARTCharPut       driverlib.lib(uart.o)
    0x00005308   0x00000006   Code   RO         2015    i.UARTClockSourceSet  driverlib.lib(uart.o)
    0x0000530e   0x00000002   PAD
    0x00005310   0x0000005c   Code   RO         1101    i.UARTStdioConfig   uartstdio.o
    0x0000536c   0x00000018   Code   RO         1102    i.UARTgetc          uartstdio.o
    0x00005384   0x00000020   Code   RO          834    i._HW_Process_Pending_Ints  es_port.o
    0x000053a4   0x00000016   Code   RO          835    i._HW_Timer_Init    es_port.o
    0x000053ba   0x00000030   Code   RO         2471    i.__ARM_fpclassify  m_wm.l(fpclassify.o)
    0x000053ea   0x00000006   PAD
    0x000053f0   0x000002d8   Code   RO         2380    i.__hardfp_atan     m_wm.l(atan.o)
    0x000056c8   0x00000c38   Code   RO         2394    i.__hardfp_pow      m_wm.l(pow.o)
    0x00006300   0x0000007a   Code   RO         2408    i.__hardfp_sqrt     m_wm.l(sqrt.o)
    0x0000637a   0x000000f8   Code   RO         2473    i.__kernel_poly     m_wm.l(poly.o)
    0x00006472   0x00000006   PAD
    0x00006478   0x00000030   Code   RO         2451    i.__mathlib_dbl_divzero  m_wm.l(dunder.o)
    0x000064a8   0x00000014   Code   RO         2452    i.__mathlib_dbl_infnan  m_wm.l(dunder.o)
    0x000064bc   0x00000014   Code   RO         2453    i.__mathlib_dbl_infnan2  m_wm.l(dunder.o)
    0x000064d0   0x00000020   Code   RO         2454    i.__mathlib_dbl_invalid  m_wm.l(dunder.o)
    0x000064f0   0x00000020   Code   RO         2455    i.__mathlib_dbl_overflow  m_wm.l(dunder.o)
    0x00006510   0x00000020   Code   RO         2457    i.__mathlib_dbl_underflow  m_wm.l(dunder.o)
    0x00006530   0x00000002   Code   RO         1005    i._sys_exit         retarget.o
    0x00006532   0x00000002   PAD
    0x00006534   0x00000034   Code   RO          655    i.addAngleEntry     drivealgorithm.o
    0x00006568   0x0000000c   Code   RO          656    i.clearThetas       drivealgorithm.o
    0x00006574   0x00000018   Code   RO         2467    i.fabs              m_wm.l(fabs.o)
    0x0000658c   0x00000006   Code   RO         1007    i.ferror            retarget.o
    0x00006592   0x00000004   Code   RO         1008    i.fgetc             retarget.o
    0x00006596   0x0000000e   Code   RO         1009    i.fputc             retarget.o
    0x000065a4   0x00000078   Code   RO          657    i.getDesiredTheta   drivealgorithm.o
    0x0000661c   0x00000014   Code   RO         1061    i.kbhit             termio.o
    0x00006630   0x000000f4   Code   RO            1    i.main              main.o
    0x00006724   0x0000006e   Code   RO         2410    i.sqrt              m_wm.l(sqrt.o)
    0x00006792   0x00000002   PAD
    0x00006794   0x0000002c   Code   RO         2533    locale$$code        c_w.l(lc_numeric_c.o)
    0x000067c0   0x00000018   Code   RO         2432    x$fpl$basic         fz_wm.l(basic.o)
    0x000067d8   0x00000062   Code   RO         2348    x$fpl$d2f           fz_wm.l(d2f.o)
    0x0000683a   0x00000002   PAD
    0x0000683c   0x00000150   Code   RO         2350    x$fpl$dadd          fz_wm.l(daddsub_clz.o)
    0x0000698c   0x00000010   Code   RO         2535    x$fpl$dcheck1       fz_wm.l(dcheck1.o)
    0x0000699c   0x00000018   Code   RO         2537    x$fpl$dcmpinf       fz_wm.l(dcmpi.o)
    0x000069b4   0x000002b0   Code   RO         2357    x$fpl$ddiv          fz_wm.l(ddiv.o)
    0x00006c64   0x0000005e   Code   RO         2360    x$fpl$dfix          fz_wm.l(dfix.o)
    0x00006cc2   0x00000002   PAD
    0x00006cc4   0x0000005a   Code   RO         2364    x$fpl$dfixu         fz_wm.l(dfixu.o)
    0x00006d1e   0x0000002e   Code   RO         2369    x$fpl$dflt          fz_wm.l(dflt_clz.o)
    0x00006d4c   0x00000026   Code   RO         2368    x$fpl$dfltu         fz_wm.l(dflt_clz.o)
    0x00006d72   0x00000002   PAD
    0x00006d74   0x00000078   Code   RO         2434    x$fpl$dleqf         fz_wm.l(dleqf.o)
    0x00006dec   0x00000154   Code   RO         2374    x$fpl$dmul          fz_wm.l(dmul.o)
    0x00006f40   0x0000009c   Code   RO         2436    x$fpl$dnaninf       fz_wm.l(dnaninf.o)
    0x00006fdc   0x0000000c   Code   RO         2438    x$fpl$dretinf       fz_wm.l(dretinf.o)
    0x00006fe8   0x0000006c   Code   RO         2440    x$fpl$drleqf        fz_wm.l(drleqf.o)
    0x00007054   0x00000016   Code   RO         2351    x$fpl$drsb          fz_wm.l(daddsub_clz.o)
    0x0000706a   0x00000002   PAD
    0x0000706c   0x00000198   Code   RO         2442    x$fpl$dsqrt         fz_wm.l(dsqrt_umaal.o)
    0x00007204   0x000001d4   Code   RO         2352    x$fpl$dsub          fz_wm.l(daddsub_clz.o)
    0x000073d8   0x00000056   Code   RO         2376    x$fpl$f2d           fz_wm.l(f2d.o)
    0x0000742e   0x0000008c   Code   RO         2444    x$fpl$fnaninf       fz_wm.l(fnaninf.o)
    0x000074ba   0x0000000a   Code   RO         2609    x$fpl$fpinit        fz_wm.l(fpinit.o)
    0x000074c4   0x0000000a   Code   RO         2446    x$fpl$fretinf       fz_wm.l(fretinf.o)
    0x000074ce   0x00000004   Code   RO         2378    x$fpl$printf1       fz_wm.l(printf1.o)
    0x000074d2   0x00000064   Code   RO         2603    x$fpl$retnan        fz_wm.l(retnan.o)
    0x00007536   0x0000005c   Code   RO         2448    x$fpl$scalbn        fz_wm.l(scalbn.o)
    0x00007592   0x00000030   Code   RO         2611    x$fpl$trapveneer    fz_wm.l(trapv.o)
    0x000075c2   0x00000000   Code   RO         2450    x$fpl$usenofp       fz_wm.l(usenofp.o)
    0x000075c2   0x00000002   PAD
    0x000075c4   0x00000064   Data   RO           87    .constdata          eventcheckers.o
    0x00007628   0x00000010   Data   RO          181    .constdata          drive.o
    0x00007638   0x00000004   Data   RO          259    .constdata          gameplay.o
    0x0000763c   0x0000000c   Data   RO          352    .constdata          driving.o
    0x00007648   0x00000010   Data   RO          398    .constdata          shooting.o
    0x00007658   0x0000000c   Data   RO          471    .constdata          obstacle.o
    0x00007664   0x00000008   Data   RO          529    .constdata          spitemplate.o
    0x0000766c   0x00000004   Data   RO          582    .constdata          runninggame.o
    0x00007670   0x00000030   Data   RO          707    .constdata          admulti.o
    0x000076a0   0x00000004   Data   RO          739    .constdata          es_checkevents.o
    0x000076a4   0x00000010   Data   RO          776    .constdata          es_framework.o
    0x000076b4   0x00000020   Data   RO          816    .constdata          es_lookuptables.o
    0x000076d4   0x0000000f   Data   RO          817    .constdata          es_lookuptables.o
    0x000076e3   0x00000001   PAD
    0x000076e4   0x00000040   Data   RO          956    .constdata          es_timers_1.o
    0x00007724   0x0000001c   Data   RO         1107    .constdata          uartstdio.o
    0x00007740   0x00000210   Data   RO         1204    .constdata          driverlib.lib(gpio.o)
    0x00007950   0x00000098   Data   RO         2383    .constdata          m_wm.l(atan.o)
    0x000079e8   0x00000088   Data   RO         2397    .constdata          m_wm.l(pow.o)
    0x00007a70   0x00000008   Data   RO         2475    .constdata          m_wm.l(qnan.o)
    0x00007a78   0x00000094   Data   RO         2508    .constdata          c_w.l(bigflt0.o)
    0x00007b0c   0x00000011   Data   RO         1108    .conststring        uartstdio.o
    0x00007b1d   0x00000003   PAD
    0x00007b20   0x00000020   Data   RO         2679    Region$$Table       anon$$obj.o
    0x00007b40   0x0000001c   Data   RO         2532    locale$$data        c_w.l(lc_numeric_c.o)


    Execution Region RW_IRAM1 (Base: 0x20000000, Size: 0x000009d0, Max: 0x00008000, ABSOLUTE)

    Base Addr    Size         Type   Attr      Idx    E Section Name        Object

    0x20000000   0x00000014   Data   RW          182    .data               drive.o
    0x20000014   0x00000001   Data   RW          224    .data               master.o
    0x20000015   0x00000003   PAD
    0x20000018   0x0000000c   Data   RW          260    .data               gameplay.o
    0x20000024   0x00000006   Data   RW          302    .data               pwm.o
    0x2000002a   0x00000024   Data   RW          353    .data               driving.o
    0x2000004e   0x00000002   PAD
    0x20000050   0x00000014   Data   RW          399    .data               shooting.o
    0x20000064   0x00000006   Data   RW          472    .data               obstacle.o
    0x2000006a   0x00000006   Data   RW          530    .data               spitemplate.o
    0x20000070   0x00000001   Data   RW          583    .data               runninggame.o
    0x20000071   0x00000001   Data   RW          623    .data               ballshooter.o
    0x20000072   0x00000002   Data   RW          659    .data               drivealgorithm.o
    0x20000074   0x00000001   Data   RW          708    .data               admulti.o
    0x20000075   0x00000001   PAD
    0x20000076   0x00000006   Data   RW          777    .data               es_framework.o
    0x2000007c   0x00000004   Data   RW          836    .data               es_port.o
    0x20000080   0x00000004   Data   RW          910    .data               es_queue.o
    0x20000084   0x0000000a   Data   RW          957    .data               es_timers_1.o
    0x2000008e   0x00000002   PAD
    0x20000090   0x00000004   Data   RW         1010    .data               retarget.o
    0x20000094   0x00000004   Data   RW         1011    .data               retarget.o
    0x20000098   0x00000008   Data   RW         1109    .data               uartstdio.o
    0x200000a0   0x0000000c   Zero   RW          258    .bss                gameplay.o
    0x200000ac   0x0000000a   Zero   RW          351    .bss                driving.o
    0x200000b6   0x0000000a   Zero   RW          397    .bss                shooting.o
    0x200000c0   0x0000000a   Zero   RW          470    .bss                obstacle.o
    0x200000ca   0x00000002   PAD
    0x200000cc   0x00000054   Zero   RW          528    .bss                spitemplate.o
    0x20000120   0x00000014   Zero   RW          658    .bss                drivealgorithm.o
    0x20000134   0x00000018   Zero   RW          775    .bss                es_framework.o
    0x2000014c   0x00000020   Zero   RW          955    .bss                es_timers_1.o
    0x2000016c   0x00000060   Zero   RW         2542    .bss                c_w.l(libspace.o)
    0x200001cc   0x00000004   PAD
    0x200001d0   0x00000000   Zero   RW          730    HEAP                startup_rvmdk.o
    0x200001d0   0x00000800   Zero   RW          729    STACK               startup_rvmdk.o


==============================================================================

Image component sizes


      Code (inc. data)   RO Data    RW Data    ZI Data      Debug   Object Name

       256         40         48          1          0       2100   admulti.o
       380        178          0          1          0       3717   ballshooter.o
      1534        384         16         20          0       4575   drive.o
       184         22          0          2         20       2648   drivealgorithm.o
      1208        640         12         36         10       4300   driving.o
        40          6          4          0          0       1341   es_checkevents.o
       220         30         16          6         24       3128   es_framework.o
        52          4         47          0          0       1450   es_lookuptables.o
        88         10          0          4          0       3946   es_port.o
       172         10          0          4          0       2705   es_queue.o
       284         64         64         10         32       4469   es_timers_1.o
      1184        782        100          0          0       6254   eventcheckers.o
       996        328          4         12         12       4294   gameplay.o
       244        168          0          0          0      10287   main.o
       194         52          0          1          0       2992   master.o
      2220       1006         12          6         10       6765   obstacle.o
       432        202          0          0          0        934   points.o
       764         78          0          6          0       3363   pwm.o
        26          0          0          8          0       3979   retarget.o
       652        242          4          1          0       4483   runninggame.o
      2596       1014         16         20         10       8397   shooting.o
      1760        288          8          6         84       7254   spitemplate.o
       672        636          0          0       2048        660   startup_rvmdk.o
       116         26          0          0          0       2172   termio.o
       116         14         45          8          0       2996   uartstdio.o

    ----------------------------------------------------------------------
     16400       6224        432        160       2252      99209   Object Totals
         0          0         32          0          0          0   (incl. Generated)
        10          0          4          8          2          0   (incl. Padding)

    ----------------------------------------------------------------------

      Code (inc. data)   RO Data    RW Data    ZI Data      Debug   Library Member Name

         8          0          0          0          0         68   __main.o
       104          0          0          0          0         84   __printf.o
         0          0          0          0          0          0   __rtentry.o
        12          0          0          0          0          0   __rtentry2.o
         6          0          0          0          0          0   __rtentry4.o
        52          8          0          0          0          0   __scatter.o
        26          0          0          0          0          0   __scatter_copy.o
        28          0          0          0          0          0   __scatter_zi.o
        44          0          0          0          0        108   _printf_char.o
        48          6          0          0          0         96   _printf_char_common.o
        36          4          0          0          0         80   _printf_char_file.o
         6          0          0          0          0          0   _printf_d.o
       120         16          0          0          0         92   _printf_dec.o
         6          0          0          0          0          0   _printf_f.o
      1050          0          0          0          0        216   _printf_fp_dec.o
       128         16          0          0          0         84   _printf_fp_infnan.o
       178          0          0          0          0         88   _printf_intcommon.o
         0          0          0          0          0          0   _printf_percent.o
         4          0          0          0          0          0   _printf_percent_end.o
         6          0          0          0          0          0   _printf_s.o
        82          0          0          0          0         80   _printf_str.o
        22          0          0          0          0        100   _rserrno.o
       220          4        148          0          0         96   bigflt0.o
      1910        128          0          0          0        672   btod.o
        12          0          0          0          0         72   exit.o
         4          0          0          0          0         68   getc.o
         6          0          0          0          0        152   heapauxi.o
        44         10         28          0          0         76   lc_numeric_c.o
         2          0          0          0          0          0   libinit.o
        22          0          0          0          0          0   libinit2.o
         2          0          0          0          0          0   libshutdown.o
         2          0          0          0          0          0   libshutdown2.o
         8          4          0          0         96         68   libspace.o
       138          0          0          0          0         80   lludiv10.o
        24          4          0          0          0         84   noretval__2printf.o
        44          4          0          0          0         84   puts.o
         8          4          0          0          0         68   rt_errno_addr_intlibspace.o
         8          4          0          0          0         68   rt_locale_intlibspace.o
         2          0          0          0          0          0   rtexit.o
        10          0          0          0          0          0   rtexit2.o
       128          0          0          0          0         68   strcmpv7m.o
        74          0          0          0          0         80   sys_stackheap_outer.o
         2          0          0          0          0         68   use_no_semi.o
        38          0          0          0          0        504   cpu.o
       454          8        528          0          0       5929   gpio.o
        14          0          0          0          0        450   interrupt.o
       334         22          0          0          0       1550   sysctl.o
        38          0          0          0          0       1218   systick.o
        18          0          0          0          0        867   uart.o
        24          0          0          0          0        164   basic.o
        98          4          0          0          0        140   d2f.o
       826         16          0          0          0        492   daddsub_clz.o
        16          4          0          0          0        116   dcheck1.o
        24          0          0          0          0        116   dcmpi.o
       688        140          0          0          0        256   ddiv.o
        94          4          0          0          0        140   dfix.o
        90          4          0          0          0        140   dfixu.o
        84          0          0          0          0        232   dflt_clz.o
       120          4          0          0          0        140   dleqf.o
       340         12          0          0          0        152   dmul.o
       156          4          0          0          0        140   dnaninf.o
        12          0          0          0          0        116   dretinf.o
       108          0          0          0          0        128   drleqf.o
       408         56          0          0          0        168   dsqrt_umaal.o
        86          4          0          0          0        132   f2d.o
       140          4          0          0          0        132   fnaninf.o
        10          0          0          0          0        116   fpinit.o
        10          0          0          0          0        116   fretinf.o
         4          0          0          0          0        116   printf1.o
       100          0          0          0          0        116   retnan.o
        92          0          0          0          0        116   scalbn.o
        48          0          0          0          0        116   trapv.o
         0          0          0          0          0          0   usenofp.o
       728        106        152          0          0        228   atan.o
       184         44          0          0          0        744   dunder.o
        24          0          0          0          0        124   fabs.o
        48          0          0          0          0        124   fpclassify.o
       248          0          0          0          0        152   poly.o
      3128        302        136          0          0        356   pow.o
         0          0          8          0          0          0   qnan.o
       232          0          0          0          0        296   sqrt.o

    ----------------------------------------------------------------------
     13748        950       1000          0        100      19042   Library Totals
        46          0          0          0          4          0   (incl. Padding)

    ----------------------------------------------------------------------

      Code (inc. data)   RO Data    RW Data    ZI Data      Debug   Library Name

      4636        212        176          0         96       2900   c_w.l
       896         30        528          0          0      10518   driverlib.lib
      3578        256          0          0          0       3600   fz_wm.l
      4592        452        296          0          0       2024   m_wm.l

    ----------------------------------------------------------------------
     13748        950       1000          0        100      19042   Library Totals

    ----------------------------------------------------------------------

==============================================================================


      Code (inc. data)   RO Data    RW Data    ZI Data      Debug   

     30148       7174       1432        160       2352     102591   Grand Totals
     30148       7174       1432        160       2352     102591   ELF Image Totals
     30148       7174       1432        160          0          0   ROM Totals

==============================================================================

    Total RO  Size (Code + RO Data)                31580 (  30.84kB)
    Total RW  Size (RW Data + ZI Data)              2512 (   2.45kB)
    Total ROM Size (Code + RO Data + RW Data)      31740 (  31.00kB)

==============================================================================

