Component: ARM Compiler 5.05 update 1 (build 106) Tool: armlink [4d0efa]

==============================================================================

Section Cross References

    main.o(i.main) refers to _printf_percent.o(.ARM.Collect$$_printf_percent$$00000000) for _printf_percent
    main.o(i.main) refers to _printf_s.o(.ARM.Collect$$_printf_percent$$00000014) for _printf_s
    main.o(i.main) refers to _printf_str.o(.text) for _printf_str
    main.o(i.main) refers to sysctl.o(i.SysCtlClockSet) for SysCtlClockSet
    main.o(i.main) refers to termio.o(i.TERMIO_Init) for TERMIO_Init
    main.o(i.main) refers to noretval__2printf.o(.text) for __2printf
    main.o(i.main) refers to puts.o(.text) for puts
    main.o(i.main) refers to es_framework.o(i.ES_Initialize) for ES_Initialize
    main.o(i.main) refers to es_framework.o(i.ES_Run) for ES_Run
    eventcheckers.o(i.Check4Keystroke) refers to termio.o(i.kbhit) for kbhit
    eventcheckers.o(i.Check4Keystroke) refers to getc.o(.text) for getc
    eventcheckers.o(i.Check4Keystroke) refers to master.o(i.PostMaster) for PostMaster
    eventcheckers.o(i.Check4Keystroke) refers to noretval__2printf.o(.text) for __2printf
    eventcheckers.o(i.Check4Keystroke) refers to retarget.o(.data) for __stdin
    eventcheckers.o(i.Check4Keystroke) refers to eventcheckers.o(.constdata) for .constdata
    master.o(i.InitBeaconCaptureResponse) refers to noretval__2printf.o(.text) for __2printf
    master.o(i.InitMaster) refers to pwm.o(i.InitPWM) for InitPWM
    master.o(i.InitMaster) refers to ballshooter.o(i.InitBallShooter) for InitBallShooter
    master.o(i.InitMaster) refers to master.o(i.InitBeaconCaptureResponse) for InitBeaconCaptureResponse
    master.o(i.InitMaster) refers to master.o(i.StartMaster) for StartMaster
    master.o(i.InitMaster) refers to master.o(.data) for .data
    master.o(i.PostMaster) refers to es_framework.o(i.ES_PostToService) for ES_PostToService
    master.o(i.PostMaster) refers to master.o(.data) for .data
    master.o(i.RunMaster) refers to noretval__2printf.o(.text) for __2printf
    master.o(i.RunMaster) refers to spitemplate.o(i.StartDRS) for StartDRS
    master.o(i.RunMaster) refers to gameplay.o(i.StartGamePlay) for StartGamePlay
    master.o(i.RunMaster) refers to spitemplate.o(i.RunDRS) for RunDRS
    master.o(i.RunMaster) refers to gameplay.o(i.RunGamePlay) for RunGamePlay
    master.o(i.StartMaster) refers to master.o(i.RunMaster) for RunMaster
    gameplay.o(i.DuringRunningGameStateGP) refers to runninggame.o(i.RunRunningGame) for RunRunningGame
    gameplay.o(i.DuringRunningGameStateGP) refers to ballshooter.o(i.RunBallShooter) for RunBallShooter
    gameplay.o(i.DuringRunningGameStateGP) refers to noretval__2printf.o(.text) for __2printf
    gameplay.o(i.DuringRunningGameStateGP) refers to runninggame.o(i.StartRunningGame) for StartRunningGame
    gameplay.o(i.DuringWaitForStartState) refers to ballshooter.o(i.RunBallShooter) for RunBallShooter
    gameplay.o(i.DuringWaitForStartState) refers to noretval__2printf.o(.text) for __2printf
    gameplay.o(i.DuringWaitForStartState) refers to pwm.o(i.SetPWMDuty) for SetPWMDuty
    gameplay.o(i.QueryGamePlay) refers to gameplay.o(.data) for .data
    gameplay.o(i.RunGamePlay) refers to gameplay.o(i.DuringRunningGameStateGP) for DuringRunningGameStateGP
    gameplay.o(i.RunGamePlay) refers to noretval__2printf.o(.text) for __2printf
    gameplay.o(i.RunGamePlay) refers to gameplay.o(i.DuringWaitForStartState) for DuringWaitForStartState
    gameplay.o(i.RunGamePlay) refers to gameplay.o(.data) for .data
    gameplay.o(i.RunGamePlay) refers to gameplay.o(.constdata) for .constdata
    gameplay.o(i.StartGamePlay) refers to gameplay.o(i.RunGamePlay) for RunGamePlay
    gameplay.o(i.StartGamePlay) refers to gameplay.o(.data) for .data
    pwm.o(i.InitPWM) refers to puts.o(.text) for puts
    pwm.o(i.InitPWM) refers to pwm.o(i.SetPWMDuty) for SetPWMDuty
    pwm.o(i.InitPWM) refers to pwm.o(i.SetPWMWidth) for SetPWMWidth
    pwm.o(i.SetPWMDuty) refers to pwm.o(.data) for .data
    pwm.o(i.SetPWMWidth) refers to pwm.o(.data) for .data
    shooting.o(i.BeaconCaptureResponse) refers to master.o(i.PostMaster) for PostMaster
    shooting.o(i.BeaconCaptureResponse) refers to noretval__2printf.o(.text) for __2printf
    shooting.o(i.BeaconCaptureResponse) refers to shooting.o(.data) for .data
    shooting.o(i.BeaconCaptureResponse) refers to shooting.o(.constdata) for .constdata
    shooting.o(i.DuringFindBeaconState) refers to noretval__2printf.o(.text) for __2printf
    shooting.o(i.DuringFindBeaconState) refers to pwm.o(i.SetPWMDuty) for SetPWMDuty
    shooting.o(i.DuringFindBeaconState) refers to es_timers_1.o(i.ES_Timer_InitTimer) for ES_Timer_InitTimer
    shooting.o(i.DuringFindBeaconState) refers to shooting.o(.data) for .data
    shooting.o(i.DuringFireState) refers to noretval__2printf.o(.text) for __2printf
[...]
    libshutdown.o(.ARM.Collect$$libshutdown$$00000000) refers (Special) to libshutdown2.o(.ARM.Collect$$libshutdown$$0000000E) for __rt_lib_shutdown_heap_1
    libshutdown.o(.ARM.Collect$$libshutdown$$00000000) refers (Special) to libshutdown2.o(.ARM.Collect$$libshutdown$$0000000F) for __rt_lib_shutdown_return
    libshutdown.o(.ARM.Collect$$libshutdown$$00000000) refers (Special) to libshutdown2.o(.ARM.Collect$$libshutdown$$00000009) for __rt_lib_shutdown_signal_1
    libshutdown.o(.ARM.Collect$$libshutdown$$00000000) refers (Special) to libshutdown2.o(.ARM.Collect$$libshutdown$$00000003) for __rt_lib_shutdown_stdio_1
    libshutdown.o(.ARM.Collect$$libshutdown$$00000000) refers (Special) to libshutdown2.o(.ARM.Collect$$libshutdown$$0000000B) for __rt_lib_shutdown_user_alloc_1
    sys_command.o(.text) refers (Special) to use_no_semi.o(.text) for __I$use$semihosting
    sys_command.o(.text) refers (Special) to indicate_semi.o(.text) for __semihosting_library_function
    defsig_rtmem_outer.o(.text) refers to defsig_rtmem_inner.o(.text) for __rt_SIGRTMEM_inner
    defsig_rtmem_outer.o(.text) refers to defsig_exit.o(.text) for __sig_exit
    defsig_rtmem_formal.o(.text) refers to rt_raise.o(.text) for __rt_raise
    rt_raise.o(.text) refers to __raise.o(.text) for __raise
    rt_raise.o(.text) refers to retarget.o(i._sys_exit) for _sys_exit
    defsig_exit.o(.text) refers to retarget.o(i._sys_exit) for _sys_exit
    defsig_rtmem_inner.o(.text) refers to defsig_general.o(.text) for __default_signal_display
    __raise.o(.text) refers to defsig.o(CL$$defsig) for __default_signal_handler
    defsig_general.o(.text) refers to retarget.o(i._ttywrch) for _ttywrch
    defsig.o(CL$$defsig) refers to defsig_rtmem_inner.o(.text) for __rt_SIGRTMEM_inner
    defsig_abrt_inner.o(.text) refers to defsig_general.o(.text) for __default_signal_display
    defsig_fpe_inner.o(.text) refers to defsig_general.o(.text) for __default_signal_display
    defsig_rtred_inner.o(.text) refers to defsig_general.o(.text) for __default_signal_display
    defsig_stak_inner.o(.text) refers to defsig_general.o(.text) for __default_signal_display
    defsig_pvfn_inner.o(.text) refers to defsig_general.o(.text) for __default_signal_display
    defsig_cppl_inner.o(.text) refers to defsig_general.o(.text) for __default_signal_display
    defsig_segv_inner.o(.text) refers to defsig_general.o(.text) for __default_signal_display
    defsig_other.o(.text) refers to defsig_general.o(.text) for __default_signal_display


==============================================================================

Removing Unused input sections from the image.

    Removing gameplay.o(i.QueryGamePlay), (12 bytes).
    Removing shooting.o(i.QueryShooting), (12 bytes).
    Removing obstacle.o(i.QueryObstacle), (12 bytes).
    Removing spitemplate.o(i.InitDRS), (28 bytes).
    Removing spitemplate.o(i.QueryDRS), (12 bytes).
    Removing runninggame.o(i.QueryRunningGame), (12 bytes).
    Removing ballshooter.o(i.PostBallShooter), (16 bytes).
    Removing es_deferrecall.o(i.ES_RecallEvents), (44 bytes).
    Removing es_framework.o(i.ES_PostAll), (72 bytes).
    Removing es_framework.o(i.ES_PostToServiceLIFO), (48 bytes).
    Removing es_port.o(i.ConsoleInit), (80 bytes).
    Removing es_port.o(i._HW_GetTickCount), (12 bytes).
    Removing es_queue.o(i.ES_EnQueueLIFO), (72 bytes).
    Removing es_queue.o(i.ES_IsQueueEmpty), (12 bytes).
    Removing es_timers_1.o(i.ES_Timer_GetTime), (4 bytes).
    Removing es_timers_1.o(i.ES_Timer_SetTimer), (40 bytes).
    Removing es_timers_1.o(i.ES_Timer_StartTimer), (48 bytes).
    Removing es_timers_1.o(i.ES_Timer_isActive), (28 bytes).
    Removing retarget.o(i._ttywrch), (6 bytes).
    Removing uartstdio.o(i.UARTgets), (132 bytes).
    Removing uartstdio.o(i.UARTprintf), (18 bytes).
    Removing uartstdio.o(i.UARTvprintf), (436 bytes).
    Removing uartstdio.o(i.UARTwrite), (60 bytes).
    Removing gpio.o(i.GPIOADCTriggerDisable), (14 bytes).
    Removing gpio.o(i.GPIOADCTriggerEnable), (14 bytes).
    Removing gpio.o(i.GPIODMATriggerDisable), (14 bytes).
    Removing gpio.o(i.GPIODMATriggerEnable), (14 bytes).
    Removing gpio.o(i.GPIODirModeGet), (34 bytes).
    Removing gpio.o(i.GPIOIntClear), (6 bytes).
    Removing gpio.o(i.GPIOIntDisable), (14 bytes).
    Removing gpio.o(i.GPIOIntEnable), (14 bytes).
    Removing gpio.o(i.GPIOIntRegister), (88 bytes).
    Removing gpio.o(i.GPIOIntStatus), (14 bytes).
    Removing gpio.o(i.GPIOIntTypeGet), (68 bytes).
    Removing gpio.o(i.GPIOIntTypeSet), (80 bytes).
    Removing gpio.o(i.GPIOIntUnregister), (88 bytes).
    Removing gpio.o(i.GPIOPadConfigGet), (204 bytes).
    Removing gpio.o(i.GPIOPinRead), (6 bytes).
    Removing gpio.o(i.GPIOPinTypeADC), (28 bytes).
    Removing gpio.o(i.GPIOPinTypeCAN), (28 bytes).
    Removing gpio.o(i.GPIOPinTypeCIR), (28 bytes).
    Removing gpio.o(i.GPIOPinTypeComparator), (28 bytes).
    Removing gpio.o(i.GPIOPinTypeEPI), (28 bytes).
    Removing gpio.o(i.GPIOPinTypeEthernetLED), (28 bytes).
    Removing gpio.o(i.GPIOPinTypeEthernetMII), (28 bytes).
    Removing gpio.o(i.GPIOPinTypeGPIOInput), (28 bytes).
    Removing gpio.o(i.GPIOPinTypeGPIOOutput), (28 bytes).
    Removing gpio.o(i.GPIOPinTypeGPIOOutputOD), (28 bytes).
    Removing gpio.o(i.GPIOPinTypeI2C), (28 bytes).
    Removing gpio.o(i.GPIOPinTypeI2CSCL), (28 bytes).
    Removing gpio.o(i.GPIOPinTypeKBColumn), (28 bytes).
    Removing gpio.o(i.GPIOPinTypeKBRow), (28 bytes).
    Removing gpio.o(i.GPIOPinTypeLCD), (28 bytes).
    Removing gpio.o(i.GPIOPinTypeLEDSeq), (28 bytes).
    Removing gpio.o(i.GPIOPinTypeLPC), (28 bytes).
    Removing gpio.o(i.GPIOPinTypePECIRx), (28 bytes).
    Removing gpio.o(i.GPIOPinTypePECITx), (28 bytes).
    Removing gpio.o(i.GPIOPinTypePWM), (28 bytes).
    Removing gpio.o(i.GPIOPinTypeQEI), (28 bytes).
    Removing gpio.o(i.GPIOPinTypeSSI), (28 bytes).
    Removing gpio.o(i.GPIOPinTypeTimer), (28 bytes).
    Removing gpio.o(i.GPIOPinTypeUSBAnalog), (28 bytes).
    Removing gpio.o(i.GPIOPinTypeUSBDigital), (28 bytes).
    Removing gpio.o(i.GPIOPinTypeWakeHigh), (30 bytes).
    Removing gpio.o(i.GPIOPinTypeWakeLow), (30 bytes).
    Removing gpio.o(i.GPIOPinWakeStatus), (6 bytes).
    Removing gpio.o(i.GPIOPinWrite), (6 bytes).
    Removing interrupt.o(i.IntDisable), (100 bytes).
    Removing interrupt.o(i.IntEnable), (100 bytes).
    Removing interrupt.o(i.IntIsEnabled), (96 bytes).
    Removing interrupt.o(i.IntMasterDisable), (14 bytes).
    Removing interrupt.o(i.IntPendClear), (68 bytes).
    Removing interrupt.o(i.IntPendSet), (84 bytes).
    Removing interrupt.o(i.IntPriorityGet), (28 bytes).
    Removing interrupt.o(i.IntPriorityGroupingGet), (36 bytes).
    Removing interrupt.o(i.IntPriorityGroupingSet), (28 bytes).
    Removing interrupt.o(i.IntPriorityMaskGet), (4 bytes).
    Removing interrupt.o(i.IntPriorityMaskSet), (4 bytes).
    Removing interrupt.o(i.IntPrioritySet), (40 bytes).
    Removing interrupt.o(i.IntRegister), (52 bytes).
    Removing interrupt.o(i.IntTrigger), (12 bytes).
    Removing interrupt.o(i.IntUnregister), (20 bytes).
    Removing interrupt.o(i._IntDefaultHandler), (2 bytes).
    Removing interrupt.o(.constdata), (268 bytes).
    Removing interrupt.o(vtable), (620 bytes).
    Removing sysctl.o(i.SysCtlAltClkConfig), (12 bytes).
    Removing sysctl.o(i.SysCtlClockFreqSet), (712 bytes).
    Removing sysctl.o(i.SysCtlClockGet), (356 bytes).
    Removing sysctl.o(i.SysCtlClockOutConfig), (16 bytes).
    Removing sysctl.o(i.SysCtlDeepSleep), (32 bytes).
    Removing sysctl.o(i.SysCtlDeepSleepClockConfigSet), (112 bytes).
    Removing sysctl.o(i.SysCtlDeepSleepClockSet), (12 bytes).
    Removing sysctl.o(i.SysCtlDeepSleepPowerSet), (12 bytes).
    Removing sysctl.o(i.SysCtlFlashSectorSizeGet), (56 bytes).
    Removing sysctl.o(i.SysCtlFlashSizeGet), (56 bytes).
    Removing sysctl.o(i.SysCtlGPIOAHBDisable), (28 bytes).
    Removing sysctl.o(i.SysCtlGPIOAHBEnable), (24 bytes).
    Removing sysctl.o(i.SysCtlIntClear), (12 bytes).
    Removing sysctl.o(i.SysCtlIntDisable), (16 bytes).
    Removing sysctl.o(i.SysCtlIntEnable), (16 bytes).
    Removing sysctl.o(i.SysCtlIntRegister), (20 bytes).
    Removing sysctl.o(i.SysCtlIntStatus), (16 bytes).
    Removing sysctl.o(i.SysCtlIntUnregister), (18 bytes).
    Removing sysctl.o(i.SysCtlLDODeepSleepGet), (12 bytes).
    Removing sysctl.o(i.SysCtlLDODeepSleepSet), (12 bytes).
    Removing sysctl.o(i.SysCtlLDOSleepGet), (12 bytes).
    Removing sysctl.o(i.SysCtlLDOSleepSet), (12 bytes).
    Removing sysctl.o(i.SysCtlMOSCConfigSet), (12 bytes).
    Removing sysctl.o(i.SysCtlNMIClear), (16 bytes).
    Removing sysctl.o(i.SysCtlNMIStatus), (12 bytes).
    Removing sysctl.o(i.SysCtlPIOSCCalibrate), (76 bytes).
    Removing sysctl.o(i.SysCtlPWMClockGet), (24 bytes).
    Removing sysctl.o(i.SysCtlPWMClockSet), (20 bytes).
    Removing sysctl.o(i.SysCtlPeripheralClockGating), (68 bytes).
    Removing sysctl.o(i.SysCtlPeripheralDeepSleepDisable), (40 bytes).
    Removing sysctl.o(i.SysCtlPeripheralDeepSleepEnable), (40 bytes).
    Removing sysctl.o(i.SysCtlPeripheralDisable), (40 bytes).
    Removing sysctl.o(i.SysCtlPeripheralPowerOff), (40 bytes).
    Removing sysctl.o(i.SysCtlPeripheralPowerOn), (40 bytes).
    Removing sysctl.o(i.SysCtlPeripheralPresent), (44 bytes).
    Removing sysctl.o(i.SysCtlPeripheralReady), (44 bytes).
    Removing sysctl.o(i.SysCtlPeripheralReset), (60 bytes).
    Removing sysctl.o(i.SysCtlPeripheralSleepDisable), (40 bytes).
    Removing sysctl.o(i.SysCtlPeripheralSleepEnable), (40 bytes).
    Removing sysctl.o(i.SysCtlReset), (16 bytes).
    Removing sysctl.o(i.SysCtlResetBehaviorGet), (12 bytes).
    Removing sysctl.o(i.SysCtlResetBehaviorSet), (12 bytes).
    Removing sysctl.o(i.SysCtlResetCauseClear), (16 bytes).
    Removing sysctl.o(i.SysCtlResetCauseGet), (12 bytes).
    Removing sysctl.o(i.SysCtlSRAMSizeGet), (16 bytes).
    Removing sysctl.o(i.SysCtlSleep), (4 bytes).
    Removing sysctl.o(i.SysCtlSleepPowerSet), (12 bytes).
    Removing sysctl.o(i.SysCtlUSBPLLDisable), (16 bytes).
    Removing sysctl.o(i.SysCtlUSBPLLEnable), (16 bytes).
    Removing sysctl.o(i.SysCtlVoltageEventClear), (16 bytes).
    Removing sysctl.o(i.SysCtlVoltageEventConfig), (12 bytes).
    Removing sysctl.o(i.SysCtlVoltageEventStatus), (12 bytes).
    Removing sysctl.o(.constdata), (452 bytes).
    Removing systick.o(i.SysTickDisable), (14 bytes).
    Removing systick.o(i.SysTickIntDisable), (14 bytes).
    Removing systick.o(i.SysTickIntRegister), (24 bytes).
    Removing systick.o(i.SysTickIntUnregister), (18 bytes).
    Removing systick.o(i.SysTickPeriodGet), (10 bytes).
    Removing systick.o(i.SysTickValueGet), (8 bytes).
    Removing uart.o(i.UART9BitAddrSend), (38 bytes).
    Removing uart.o(i.UART9BitAddrSet), (10 bytes).
    Removing uart.o(i.UART9BitDisable), (14 bytes).
    Removing uart.o(i.UART9BitEnable), (14 bytes).
    Removing uart.o(i.UARTBreakCtl), (18 bytes).
    Removing uart.o(i.UARTBusy), (8 bytes).
    Removing uart.o(i.UARTCharGet), (12 bytes).
    Removing uart.o(i.UARTCharGetNonBlocking), (16 bytes).
    Removing uart.o(i.UARTCharPutNonBlocking), (16 bytes).
    Removing uart.o(i.UARTCharsAvail), (10 bytes).
    Removing uart.o(i.UARTClockSourceGet), (6 bytes).
    Removing uart.o(i.UARTConfigGetExpClk), (46 bytes).
    Removing uart.o(i.UARTConfigSetExpClk), (110 bytes).
    Removing uart.o(i.UARTDMADisable), (10 bytes).
    Removing uart.o(i.UARTDMAEnable), (8 bytes).
    Removing uart.o(i.UARTDisable), (30 bytes).
    Removing uart.o(i.UARTDisableSIR), (10 bytes).
    Removing uart.o(i.UARTEnable), (20 bytes).
    Removing uart.o(i.UARTEnableSIR), (18 bytes).
    Removing uart.o(i.UARTFIFODisable), (10 bytes).
    Removing uart.o(i.UARTFIFOEnable), (10 bytes).
    Removing uart.o(i.UARTFIFOLevelGet), (16 bytes).
    Removing uart.o(i.UARTFIFOLevelSet), (6 bytes).
    Removing uart.o(i.UARTFlowControlGet), (8 bytes).
    Removing uart.o(i.UARTFlowControlSet), (12 bytes).
    Removing uart.o(i.UARTIntClear), (4 bytes).
    Removing uart.o(i.UARTIntDisable), (10 bytes).
    Removing uart.o(i.UARTIntEnable), (8 bytes).
    Removing uart.o(i.UARTIntRegister), (88 bytes).
    Removing uart.o(i.UARTIntStatus), (10 bytes).
    Removing uart.o(i.UARTIntUnregister), (88 bytes).
    Removing uart.o(i.UARTModemControlClear), (14 bytes).
    Removing uart.o(i.UARTModemControlGet), (8 bytes).
    Removing uart.o(i.UARTModemControlSet), (12 bytes).
    Removing uart.o(i.UARTModemStatusGet), (10 bytes).
    Removing uart.o(i.UARTParityModeGet), (8 bytes).
    Removing uart.o(i.UARTParityModeSet), (12 bytes).
    Removing uart.o(i.UARTRxErrorClear), (6 bytes).
    Removing uart.o(i.UARTRxErrorGet), (8 bytes).
    Removing uart.o(i.UARTSmartCardDisable), (10 bytes).
    Removing uart.o(i.UARTSmartCardEnable), (22 bytes).
    Removing uart.o(i.UARTSpaceAvail), (10 bytes).
    Removing uart.o(i.UARTTxIntModeGet), (8 bytes).
    Removing uart.o(i.UARTTxIntModeSet), (12 bytes).
    Removing uart.o(.constdata), (128 bytes).

189 unused section(s) (total 8130 bytes) removed from the image.

==============================================================================

Image Symbol Table

    Local Symbols

    Symbol Name                              Value     Ov Type        Size  Object(Section)

    RESET                                    0x00000000   Section      648  startup_rvmdk.o(RESET)
    ../clib/angel/boardlib.s                 0x00000000   Number         0  boardinit1.o ABSOLUTE
    ../clib/angel/boardlib.s                 0x00000000   Number         0  boardinit3.o ABSOLUTE
    ../clib/angel/boardlib.s                 0x00000000   Number         0  boardinit2.o ABSOLUTE
    ../clib/angel/boardlib.s                 0x00000000   Number         0  boardshut.o ABSOLUTE
    ../clib/angel/handlers.s                 0x00000000   Number         0  __scatter_zi.o ABSOLUTE
    ../clib/angel/handlers.s                 0x00000000   Number         0  __scatter_copy.o ABSOLUTE
    ../clib/angel/kernel.s                   0x00000000   Number         0  rtexit.o ABSOLUTE
    ../clib/angel/kernel.s                   0x00000000   Number         0  __rtentry.o ABSOLUTE
    ../clib/angel/kernel.s                   0x00000000   Number         0  rtexit2.o ABSOLUTE
    ../clib/angel/kernel.s                   0x00000000   Number         0  __rtentry4.o ABSOLUTE
    ../clib/angel/kernel.s                   0x00000000   Number         0  __rtentry2.o ABSOLUTE
    ../clib/angel/rt.s                       0x00000000   Number         0  rt_raise.o ABSOLUTE
    ../clib/angel/scatter.s                  0x00000000   Number         0  __scatter.o ABSOLUTE
    ../clib/angel/startup.s                  0x00000000   Number         0  __main.o ABSOLUTE
    ../clib/angel/sys.s                      0x00000000   Number         0  libspace.o ABSOLUTE
    ../clib/angel/sys.s                      0x00000000   Number         0  indicate_semi.o ABSOLUTE
    ../clib/angel/sys.s                      0x00000000   Number         0  use_no_semi.o ABSOLUTE
    ../clib/angel/sys.s                      0x00000000   Number         0  sys_stackheap_outer.o ABSOLUTE
    ../clib/angel/sysapp.c                   0x00000000   Number         0  sys_command.o ABSOLUTE
    ../clib/armsys.c                         0x00000000   Number         0  argv_veneer.o ABSOLUTE
    ../clib/armsys.c                         0x00000000   Number         0  argv_veneer.o ABSOLUTE
    ../clib/armsys.c                         0x00000000   Number         0  no_argv.o ABSOLUTE
    ../clib/armsys.c                         0x00000000   Number         0  _get_argv_nomalloc.o ABSOLUTE
    ../clib/heapalloc.c                      0x00000000   Number         0  hrguard.o ABSOLUTE
    ../clib/heapaux.c                        0x00000000   Number         0  heapauxi.o ABSOLUTE
    ../clib/libinit.s                        0x00000000   Number         0  libinit.o ABSOLUTE
    ../clib/libinit.s                        0x00000000   Number         0  libinit2.o ABSOLUTE
    ../clib/libinit.s                        0x00000000   Number         0  libshutdown2.o ABSOLUTE
    ../clib/libinit.s                        0x00000000   Number         0  libshutdown.o ABSOLUTE
    ../clib/printf.c                         0x00000000   Number         0  noretval__2printf.o ABSOLUTE
    ../clib/printf.c                         0x00000000   Number         0  __2printf.o ABSOLUTE
    ../clib/printf.c                         0x00000000   Number         0  __printf_flags_wp.o ABSOLUTE
    ../clib/printf.c                         0x00000000   Number         0  __printf.o ABSOLUTE
    ../clib/printf.c                         0x00000000   Number         0  _printf_str.o ABSOLUTE
    ../clib/printf.c                         0x00000000   Number         0  __printf_flags.o ABSOLUTE
    ../clib/printf.c                         0x00000000   Number         0  __printf_ss.o ABSOLUTE
    ../clib/printf.c                         0x00000000   Number         0  __printf_flags_ss.o ABSOLUTE
    ../clib/printf.c                         0x00000000   Number         0  __printf_wp.o ABSOLUTE
    ../clib/printf.c                         0x00000000   Number         0  __printf_ss_wp.o ABSOLUTE
    ../clib/printf.c                         0x00000000   Number         0  __printf_flags_ss_wp.o ABSOLUTE
    ../clib/printf.c                         0x00000000   Number         0  _printf_char.o ABSOLUTE
    ../clib/printf.c                         0x00000000   Number         0  _printf_char_file.o ABSOLUTE
    ../clib/printf.c                         0x00000000   Number         0  __printf_nopercent.o ABSOLUTE
    ../clib/printf.c                         0x00000000   Number         0  _printf_char_common.o ABSOLUTE
    ../clib/printf_percent.s                 0x00000000   Number         0  _printf_percent.o ABSOLUTE
    ../clib/printf_percent.s                 0x00000000   Number         0  _printf_percent_end.o ABSOLUTE
    ../clib/printf_percent.s                 0x00000000   Number         0  _printf_s.o ABSOLUTE
    ../clib/signal.c                         0x00000000   Number         0  defsig_general.o ABSOLUTE
    ../clib/signal.c                         0x00000000   Number         0  defsig_rtmem_outer.o ABSOLUTE
    ../clib/signal.c                         0x00000000   Number         0  __raise.o ABSOLUTE
    ../clib/signal.c                         0x00000000   Number         0  defsig_fpe_inner.o ABSOLUTE
    ../clib/signal.c                         0x00000000   Number         0  defsig_rtmem_inner.o ABSOLUTE
    ../clib/signal.c                         0x00000000   Number         0  defsig_exit.o ABSOLUTE
    ../clib/signal.c                         0x00000000   Number         0  defsig_other.o ABSOLUTE
    ../clib/signal.c                         0x00000000   Number         0  defsig_abrt_inner.o ABSOLUTE
    ../clib/signal.c                         0x00000000   Number         0  defsig_segv_inner.o ABSOLUTE
    ../clib/signal.c                         0x00000000   Number         0  defsig_cppl_inner.o ABSOLUTE
    ../clib/signal.c                         0x00000000   Number         0  defsig_pvfn_inner.o ABSOLUTE
    ../clib/signal.c                         0x00000000   Number         0  defsig_stak_inner.o ABSOLUTE
    ../clib/signal.c                         0x00000000   Number         0  defsig_rtred_inner.o ABSOLUTE
    ../clib/signal.c                         0x00000000   Number         0  defsig_rtmem_formal.o ABSOLUTE
    ../clib/signal.s                         0x00000000   Number         0  defsig.o ABSOLUTE
    ../clib/stdio.c                          0x00000000   Number         0  getc.o ABSOLUTE
    ../clib/stdio.c                          0x00000000   Number         0  puts.o ABSOLUTE
    ../clib/stdlib.c                         0x00000000   Number         0  exit.o ABSOLUTE
    ../fplib/fpinit.s                        0x00000000   Number         0  fpinit.o ABSOLUTE
    Source\BallShooter.c                     0x00000000   Number         0  ballshooter.o ABSOLUTE
    Source\ES_CheckEvents.c                  0x00000000   Number         0  es_checkevents.o ABSOLUTE
    Source\ES_DeferRecall.c                  0x00000000   Number         0  es_deferrecall.o ABSOLUTE
    Source\ES_Framework.c                    0x00000000   Number         0  es_framework.o ABSOLUTE
    Source\ES_LookupTables.c                 0x00000000   Number         0  es_lookuptables.o ABSOLUTE
    Source\ES_Port.c                         0x00000000   Number         0  es_port.o ABSOLUTE
    Source\ES_PostList.c                     0x00000000   Number         0  es_postlist.o ABSOLUTE
    Source\ES_Queue.c                        0x00000000   Number         0  es_queue.o ABSOLUTE
    Source\ES_Timers.c                       0x00000000   Number         0  es_timers_1.o ABSOLUTE
    Source\EventCheckers.c                   0x00000000   Number         0  eventcheckers.o ABSOLUTE
    Source\GamePlay.c                        0x00000000   Number         0  gameplay.o ABSOLUTE
    Source\Master.c                          0x00000000   Number         0  master.o ABSOLUTE
    Source\Obstacle.c                        0x00000000   Number         0  obstacle.o ABSOLUTE
    Source\PWM.c                             0x00000000   Number         0  pwm.o ABSOLUTE
    Source\RunningGame.c                     0x00000000   Number         0  runninggame.o ABSOLUTE
    Source\SPITemplate.c                     0x00000000   Number         0  spitemplate.o ABSOLUTE
    Source\Shooting.c                        0x00000000   Number         0  shooting.o ABSOLUTE
    Source\main.c                            0x00000000   Number         0  main.o ABSOLUTE
    Source\retarget.c                        0x00000000   Number         0  retarget.o ABSOLUTE
    Source\termio.c                          0x00000000   Number         0  termio.o ABSOLUTE
    Source\uartstdio.c                       0x00000000   Number         0  uartstdio.o ABSOLUTE
    StartUp\startup_rvmdk.S                  0x00000000   Number         0  startup_rvmdk.o ABSOLUTE
    cpu.c                                    0x00000000   Number         0  cpu.o ABSOLUTE
    cpu.c                                    0x00000000   Number         0  cpu.o ABSOLUTE
    dc.s                                     0x00000000   Number         0  dc.o ABSOLUTE
    gpio.c                                   0x00000000   Number         0  gpio.o ABSOLUTE
    interrupt.c                              0x00000000   Number         0  interrupt.o ABSOLUTE
    sysctl.c                                 0x00000000   Number         0  sysctl.o ABSOLUTE
    sysctl.c                                 0x00000000   Number         0  sysctl.o ABSOLUTE
    systick.c                                0x00000000   Number         0  systick.o ABSOLUTE
    uart.c                                   0x00000000   Number         0  uart.o ABSOLUTE
    $v0                                      0x0000026c   Number         0  startup_rvmdk.o(RESET)
    NmiSR                                    0x00000281   Thumb Code     0  startup_rvmdk.o(RESET)
    FaultISR                                 0x00000283   Thumb Code     0  startup_rvmdk.o(RESET)
    IntDefaultHandler                        0x00000285   Thumb Code     0  startup_rvmdk.o(RESET)
    !!!main                                  0x00000288   Section        8  __main.o(!!!main)
    !!!scatter                               0x00000290   Section       52  __scatter.o(!!!scatter)
    !!handler_copy                           0x000002c4   Section       26  __scatter_copy.o(!!handler_copy)
    !!handler_zi                             0x000002e0   Section       28  __scatter_zi.o(!!handler_zi)
    .ARM.Collect$$_printf_percent$$00000000  0x000002fc   Section        0  _printf_percent.o(.ARM.Collect$$_printf_percent$$00000000)
    .ARM.Collect$$_printf_percent$$00000014  0x000002fc   Section        6  _printf_s.o(.ARM.Collect$$_printf_percent$$00000014)
    .ARM.Collect$$_printf_percent$$00000017  0x00000302   Section        4  _printf_percent_end.o(.ARM.Collect$$_printf_percent$$00000017)
    .ARM.Collect$$libinit$$00000000          0x00000306   Section        2  libinit.o(.ARM.Collect$$libinit$$00000000)
    .ARM.Collect$$libinit$$00000001          0x00000308   Section        4  libinit2.o(.ARM.Collect$$libinit$$00000001)
    .ARM.Collect$$libinit$$00000004          0x0000030c   Section        0  libinit2.o(.ARM.Collect$$libinit$$00000004)
    .ARM.Collect$$libinit$$0000000A          0x0000030c   Section        0  libinit2.o(.ARM.Collect$$libinit$$0000000A)
    .ARM.Collect$$libinit$$0000000C          0x0000030c   Section        0  libinit2.o(.ARM.Collect$$libinit$$0000000C)
    .ARM.Collect$$libinit$$0000000E          0x0000030c   Section        0  libinit2.o(.ARM.Collect$$libinit$$0000000E)
    .ARM.Collect$$libinit$$00000011          0x0000030c   Section        0  libinit2.o(.ARM.Collect$$libinit$$00000011)
    .ARM.Collect$$libinit$$00000013          0x0000030c   Section        0  libinit2.o(.ARM.Collect$$libinit$$00000013)
    .ARM.Collect$$libinit$$00000015          0x0000030c   Section        0  libinit2.o(.ARM.Collect$$libinit$$00000015)
    .ARM.Collect$$libinit$$00000017          0x0000030c   Section        0  libinit2.o(.ARM.Collect$$libinit$$00000017)
    .ARM.Collect$$libinit$$00000019          0x0000030c   Section        0  libinit2.o(.ARM.Collect$$libinit$$00000019)
    .ARM.Collect$$libinit$$0000001B          0x0000030c   Section        0  libinit2.o(.ARM.Collect$$libinit$$0000001B)
    .ARM.Collect$$libinit$$0000001D          0x0000030c   Section        0  libinit2.o(.ARM.Collect$$libinit$$0000001D)
    .ARM.Collect$$libinit$$0000001F          0x0000030c   Section        0  libinit2.o(.ARM.Collect$$libinit$$0000001F)
    .ARM.Collect$$libinit$$00000021          0x0000030c   Section        0  libinit2.o(.ARM.Collect$$libinit$$00000021)
    .ARM.Collect$$libinit$$00000023          0x0000030c   Section        0  libinit2.o(.ARM.Collect$$libinit$$00000023)
    .ARM.Collect$$libinit$$00000025          0x0000030c   Section        0  libinit2.o(.ARM.Collect$$libinit$$00000025)
    .ARM.Collect$$libinit$$0000002C          0x0000030c   Section        0  libinit2.o(.ARM.Collect$$libinit$$0000002C)
    .ARM.Collect$$libinit$$0000002E          0x0000030c   Section        0  libinit2.o(.ARM.Collect$$libinit$$0000002E)
    .ARM.Collect$$libinit$$00000030          0x0000030c   Section        0  libinit2.o(.ARM.Collect$$libinit$$00000030)
    .ARM.Collect$$libinit$$00000032          0x0000030c   Section        0  libinit2.o(.ARM.Collect$$libinit$$00000032)
    .ARM.Collect$$libinit$$00000033          0x0000030c   Section        2  libinit2.o(.ARM.Collect$$libinit$$00000033)
    .ARM.Collect$$libshutdown$$00000000      0x0000030e   Section        2  libshutdown.o(.ARM.Collect$$libshutdown$$00000000)
    .ARM.Collect$$libshutdown$$00000003      0x00000310   Section        0  libshutdown2.o(.ARM.Collect$$libshutdown$$00000003)
    .ARM.Collect$$libshutdown$$00000006      0x00000310   Section        0  libshutdown2.o(.ARM.Collect$$libshutdown$$00000006)
    .ARM.Collect$$libshutdown$$00000009      0x00000310   Section        0  libshutdown2.o(.ARM.Collect$$libshutdown$$00000009)
    .ARM.Collect$$libshutdown$$0000000B      0x00000310   Section        0  libshutdown2.o(.ARM.Collect$$libshutdown$$0000000B)
    .ARM.Collect$$libshutdown$$0000000E      0x00000310   Section        0  libshutdown2.o(.ARM.Collect$$libshutdown$$0000000E)
    .ARM.Collect$$libshutdown$$0000000F      0x00000310   Section        2  libshutdown2.o(.ARM.Collect$$libshutdown$$0000000F)
    .ARM.Collect$$rtentry$$00000000          0x00000312   Section        0  __rtentry.o(.ARM.Collect$$rtentry$$00000000)
    .ARM.Collect$$rtentry$$00000002          0x00000312   Section        0  __rtentry2.o(.ARM.Collect$$rtentry$$00000002)
    .ARM.Collect$$rtentry$$00000004          0x00000312   Section        6  __rtentry4.o(.ARM.Collect$$rtentry$$00000004)
    .ARM.Collect$$rtentry$$00000009          0x00000318   Section        0  __rtentry2.o(.ARM.Collect$$rtentry$$00000009)
    .ARM.Collect$$rtentry$$0000000A          0x00000318   Section        4  __rtentry2.o(.ARM.Collect$$rtentry$$0000000A)
    .ARM.Collect$$rtentry$$0000000C          0x0000031c   Section        0  __rtentry2.o(.ARM.Collect$$rtentry$$0000000C)
    .ARM.Collect$$rtentry$$0000000D          0x0000031c   Section        8  __rtentry2.o(.ARM.Collect$$rtentry$$0000000D)
    .ARM.Collect$$rtexit$$00000000           0x00000324   Section        2  rtexit.o(.ARM.Collect$$rtexit$$00000000)
    .ARM.Collect$$rtexit$$00000002           0x00000326   Section        0  rtexit2.o(.ARM.Collect$$rtexit$$00000002)
    .ARM.Collect$$rtexit$$00000003           0x00000326   Section        4  rtexit2.o(.ARM.Collect$$rtexit$$00000003)
    .ARM.Collect$$rtexit$$00000004           0x0000032a   Section        6  rtexit2.o(.ARM.Collect$$rtexit$$00000004)
    .emb_text                                0x00000330   Section        6  sysctl.o(.emb_text)
    $v0                                      0x00000330   Number         0  sysctl.o(.emb_text)
    .emb_text                                0x00000338   Section       38  cpu.o(.emb_text)
    $v0                                      0x00000338   Number         0  cpu.o(.emb_text)
    .text                                    0x00000360   Section       24  startup_rvmdk.o(.text)
    $v0                                      0x00000360   Number         0  startup_rvmdk.o(.text)
    .text                                    0x00000378   Section        2  use_no_semi.o(.text)
    .text                                    0x0000037c   Section        0  noretval__2printf.o(.text)
    .text                                    0x00000394   Section        0  __printf.o(.text)
    .text                                    0x000003fc   Section        0  _printf_str.o(.text)
    .text                                    0x0000044e   Section        0  getc.o(.text)
    .text                                    0x00000454   Section        0  puts.o(.text)
    .text                                    0x00000480   Section        0  heapauxi.o(.text)
    .text                                    0x00000486   Section        0  _printf_char.o(.text)
    .text                                    0x000004b4   Section        0  _printf_char_file.o(.text)
    .text                                    0x000004d8   Section        0  _printf_char_common.o(.text)
    _printf_input_char                       0x000004d9   Thumb Code    10  _printf_char_common.o(.text)
    .text                                    0x00000508   Section       74  sys_stackheap_outer.o(.text)
    .text                                    0x00000552   Section        0  exit.o(.text)
    .text                                    0x00000560   Section        8  libspace.o(.text)
    i.BeaconCaptureResponse                  0x00000568   Section        0  shooting.o(i.BeaconCaptureResponse)
    i.CPUgetPRIMASK_cpsid                    0x000005c0   Section        0  es_port.o(i.CPUgetPRIMASK_cpsid)
    i.CPUsetPRIMASK                          0x000005c8   Section        0  es_port.o(i.CPUsetPRIMASK)
    i.Check4Keystroke                        0x000005d0   Section        0  eventcheckers.o(i.Check4Keystroke)
    i.CheckDRSEvents                         0x00000a70   Section        0  spitemplate.o(i.CheckDRSEvents)
    CheckDRSEvents                           0x00000a71   Thumb Code    84  spitemplate.o(i.CheckDRSEvents)
    i.DRSSaveData                            0x00000b10   Section        0  spitemplate.o(i.DRSSaveData)
    DRSSaveData                              0x00000b11   Thumb Code   660  spitemplate.o(i.DRSSaveData)
    i.DuringFindBeaconState                  0x00000dac   Section        0  shooting.o(i.DuringFindBeaconState)
    DuringFindBeaconState                    0x00000dad   Thumb Code   122  shooting.o(i.DuringFindBeaconState)
    i.DuringFireState                        0x00000eb0   Section        0  shooting.o(i.DuringFireState)
    DuringFireState                          0x00000eb1   Thumb Code    60  shooting.o(i.DuringFireState)
    i.DuringFullSpeed                        0x00000f30   Section        0  obstacle.o(i.DuringFullSpeed)
    DuringFullSpeed                          0x00000f31   Thumb Code    76  obstacle.o(i.DuringFullSpeed)
    i.DuringObstacleStateSM                  0x00000fcc   Section        0  runninggame.o(i.DuringObstacleStateSM)
    DuringObstacleStateSM                    0x00000fcd   Thumb Code    80  runninggame.o(i.DuringObstacleStateSM)
    i.DuringQuarterSpeed                     0x00001058   Section        0  obstacle.o(i.DuringQuarterSpeed)
    DuringQuarterSpeed                       0x00001059   Thumb Code    76  obstacle.o(i.DuringQuarterSpeed)
    i.DuringRunningGameStateGP               0x00001100   Section        0  gameplay.o(i.DuringRunningGameStateGP)
    DuringRunningGameStateGP                 0x00001101   Thumb Code   100  gameplay.o(i.DuringRunningGameStateGP)
    i.DuringShootingStateSM                  0x000011a4   Section        0  runninggame.o(i.DuringShootingStateSM)
    DuringShootingStateSM                    0x000011a5   Thumb Code    80  runninggame.o(i.DuringShootingStateSM)
    i.DuringWaitForStartState                0x00001230   Section        0  gameplay.o(i.DuringWaitForStartState)
    DuringWaitForStartState                  0x00001231   Thumb Code    96  gameplay.o(i.DuringWaitForStartState)
    i.EOTResponse                            0x000012e4   Section        0  spitemplate.o(i.EOTResponse)
    i.ES_CheckUserEvents                     0x00001320   Section        0  es_checkevents.o(i.ES_CheckUserEvents)
    i.ES_DeQueue                             0x00001348   Section        0  es_queue.o(i.ES_DeQueue)
    i.ES_EnQueueFIFO                         0x0000139c   Section        0  es_queue.o(i.ES_EnQueueFIFO)
    i.ES_GetMSBitSet                         0x000013e4   Section        0  es_lookuptables.o(i.ES_GetMSBitSet)
    i.ES_InitQueue                           0x00001418   Section        0  es_queue.o(i.ES_InitQueue)
    i.ES_Initialize                          0x00001428   Section        0  es_framework.o(i.ES_Initialize)
    i.ES_PostToService                       0x00001474   Section        0  es_framework.o(i.ES_PostToService)
    i.ES_Run                                 0x000014a4   Section        0  es_framework.o(i.ES_Run)
    i.ES_Timer_Init                          0x00001504   Section        0  es_timers_1.o(i.ES_Timer_Init)
    i.ES_Timer_InitTimer                     0x00001508   Section        0  es_timers_1.o(i.ES_Timer_InitTimer)
    i.ES_Timer_StopTimer                     0x00001544   Section        0  es_timers_1.o(i.ES_Timer_StopTimer)
    i.ES_Timer_Tick_Resp                     0x00001568   Section        0  es_timers_1.o(i.ES_Timer_Tick_Resp)
    i.FireBallShooter                        0x000015d4   Section        0  ballshooter.o(i.FireBallShooter)
    i.FlickerFlickBall                       0x000015e8   Section        0  ballshooter.o(i.FlickerFlickBall)
    i.FlickerReset                           0x00001620   Section        0  ballshooter.o(i.FlickerReset)
    i.FlickerSetStartPosition                0x00001658   Section        0  ballshooter.o(i.FlickerSetStartPosition)
    i.GPIODirModeSet                         0x00001698   Section        0  gpio.o(i.GPIODirModeSet)
    i.GPIOPadConfigSet                       0x000016c0   Section        0  gpio.o(i.GPIOPadConfigSet)
    i.GPIOPinConfigure                       0x000017fc   Section        0  gpio.o(i.GPIOPinConfigure)
    i.GPIOPinTypeUART                        0x00001844   Section        0  gpio.o(i.GPIOPinTypeUART)
    i.HopperRelease                          0x00001860   Section        0  ballshooter.o(i.HopperRelease)
    i.HopperSet                              0x00001890   Section        0  ballshooter.o(i.HopperSet)
    i.InitBallShooter                        0x000018b8   Section        0  ballshooter.o(i.InitBallShooter)
    i.InitBeaconCaptureResponse              0x000018fc   Section        0  master.o(i.InitBeaconCaptureResponse)
    i.InitMaster                             0x000019c0   Section        0  master.o(i.InitMaster)
    i.InitPWM                                0x000019e8   Section        0  pwm.o(i.InitPWM)
    i.IntMasterEnable                        0x00001b40   Section        0  interrupt.o(i.IntMasterEnable)
    i.PostDRS                                0x00001b50   Section        0  spitemplate.o(i.PostDRS)
    i.PostMaster                             0x00001b60   Section        0  master.o(i.PostMaster)
    i.QueryMyKart                            0x00001b70   Section        0  spitemplate.o(i.QueryMyKart)
    i.RunBallShooter                         0x00001b88   Section        0  ballshooter.o(i.RunBallShooter)
    i.RunDRS                                 0x00001bc8   Section        0  spitemplate.o(i.RunDRS)
    i.RunGamePlay                            0x00001d54   Section        0  gameplay.o(i.RunGamePlay)
    i.RunMaster                              0x00001e04   Section        0  master.o(i.RunMaster)
    i.RunObstacle                            0x00001e6c   Section        0  obstacle.o(i.RunObstacle)
    i.RunRunningGame                         0x00001f78   Section        0  runninggame.o(i.RunRunningGame)
    i.RunShooting                            0x00002020   Section        0  shooting.o(i.RunShooting)
    i.SetPWMDuty                             0x000021a4   Section        0  pwm.o(i.SetPWMDuty)
    i.SetPWMWidth                            0x00002264   Section        0  pwm.o(i.SetPWMWidth)
    i.StartDRS                               0x00002334   Section        0  spitemplate.o(i.StartDRS)
    i.StartGamePlay                          0x00002490   Section        0  gameplay.o(i.StartGamePlay)
    i.StartMaster                            0x000024ac   Section        0  master.o(i.StartMaster)
    i.StartObstacle                          0x000024d0   Section        0  obstacle.o(i.StartObstacle)
    i.StartRunningGame                       0x00002504   Section        0  runninggame.o(i.StartRunningGame)
    i.StartShooting                          0x00002538   Section        0  shooting.o(i.StartShooting)
    i.SysCtlClockSet                         0x00002548   Section        0  sysctl.o(i.SysCtlClockSet)
    i.SysCtlPeripheralEnable                 0x00002668   Section        0  sysctl.o(i.SysCtlPeripheralEnable)
    i.SysTickEnable                          0x00002690   Section        0  systick.o(i.SysTickEnable)
    i.SysTickIntEnable                       0x0000269e   Section        0  systick.o(i.SysTickIntEnable)
    i.SysTickIntHandler                      0x000026ac   Section        0  es_port.o(i.SysTickIntHandler)
    i.SysTickPeriodSet                       0x000026c0   Section        0  systick.o(i.SysTickPeriodSet)
    i.TERMIO_GetChar                         0x000026ca   Section        0  termio.o(i.TERMIO_GetChar)
    i.TERMIO_Init                            0x000026d0   Section        0  termio.o(i.TERMIO_Init)
    i.TERMIO_PutChar                         0x00002720   Section        0  termio.o(i.TERMIO_PutChar)
    i.UARTCharPut                            0x0000272c   Section        0  uart.o(i.UARTCharPut)
    i.UARTClockSourceSet                     0x00002738   Section        0  uart.o(i.UARTClockSourceSet)
    i.UARTStdioConfig                        0x00002740   Section        0  uartstdio.o(i.UARTStdioConfig)
    i.UARTgetc                               0x0000279c   Section        0  uartstdio.o(i.UARTgetc)
    i._HW_Process_Pending_Ints               0x000027b4   Section        0  es_port.o(i._HW_Process_Pending_Ints)
    i._HW_Timer_Init                         0x000027d4   Section        0  es_port.o(i._HW_Timer_Init)
    i._sys_exit                              0x000027ea   Section        0  retarget.o(i._sys_exit)
    i.ferror                                 0x000027ec   Section        0  retarget.o(i.ferror)
    i.fgetc                                  0x000027f2   Section        0  retarget.o(i.fgetc)
    i.fputc                                  0x000027f6   Section        0  retarget.o(i.fputc)
    i.kbhit                                  0x00002804   Section        0  termio.o(i.kbhit)
    i.main                                   0x00002818   Section        0  main.o(i.main)
    x$fpl$fpinit                             0x0000290c   Section       10  fpinit.o(x$fpl$fpinit)
    $v0                                      0x0000290c   Number         0  fpinit.o(x$fpl$fpinit)
    .constdata                               0x00002918   Section      100  eventcheckers.o(.constdata)
    .constdata                               0x0000297c   Section        4  gameplay.o(.constdata)
    .constdata                               0x00002980   Section        4  shooting.o(.constdata)
    .constdata                               0x00002984   Section        4  obstacle.o(.constdata)
    .constdata                               0x00002988   Section        8  spitemplate.o(.constdata)
    .constdata                               0x00002990   Section        4  runninggame.o(.constdata)
    .constdata                               0x00002994   Section        4  es_checkevents.o(.constdata)
    ES_EventList                             0x00002994   Data           4  es_checkevents.o(.constdata)
    .constdata                               0x00002998   Section       16  es_framework.o(.constdata)
    ServDescList                             0x00002998   Data           8  es_framework.o(.constdata)
    EventQueues                              0x000029a0   Data           8  es_framework.o(.constdata)
    .constdata                               0x000029a8   Section       32  es_lookuptables.o(.constdata)
    .constdata                               0x000029c8   Section       15  es_lookuptables.o(.constdata)
    .constdata                               0x000029d8   Section       64  es_timers_1.o(.constdata)
    Timer2PostFunc                           0x000029d8   Data          64  es_timers_1.o(.constdata)
    .constdata                               0x00002a18   Section       28  uartstdio.o(.constdata)
    g_pcHex                                  0x00002a18   Data           4  uartstdio.o(.constdata)
    g_ui32UARTBase                           0x00002a1c   Data          12  uartstdio.o(.constdata)
    g_ui32UARTPeriph                         0x00002a28   Data          12  uartstdio.o(.constdata)
    .constdata                               0x00002a34   Section      528  gpio.o(.constdata)
    g_ppui32GPIOIntMapBlizzard               0x00002a34   Data         192  gpio.o(.constdata)
    g_ppui32GPIOIntMapSnowflake              0x00002af4   Data         192  gpio.o(.constdata)
    g_pui32GPIOBaseAddrs                     0x00002bb4   Data         144  gpio.o(.constdata)
    .conststring                             0x00002c44   Section       17  uartstdio.o(.conststring)
    .data                                    0x20000000   Section        1  master.o(.data)
    MyPriority                               0x20000000   Data           1  master.o(.data)
    .data                                    0x20000001   Section        1  gameplay.o(.data)
    CurrentState                             0x20000001   Data           1  gameplay.o(.data)
    .data                                    0x20000002   Section        2  pwm.o(.data)
    zeroStatus                               0x20000002   Data           1  pwm.o(.data)
    zeroStatus                               0x20000003   Data           1  pwm.o(.data)
    .data                                    0x20000004   Section       12  shooting.o(.data)
    BeaconLeftTurn                           0x20000004   Data           1  shooting.o(.data)
    Beacon                                   0x20000005   Data           1  shooting.o(.data)
    CurrentState                             0x20000006   Data           1  shooting.o(.data)
    LastCapture                              0x20000008   Data           4  shooting.o(.data)
    BeaconPeriod                             0x2000000c   Data           4  shooting.o(.data)
    .data                                    0x20000010   Section        1  obstacle.o(.data)
    CurrentState                             0x20000010   Data           1  obstacle.o(.data)
    .data                                    0x20000011   Section        6  spitemplate.o(.data)
    MyPriority                               0x20000011   Data           1  spitemplate.o(.data)
    CurrentState                             0x20000012   Data           1  spitemplate.o(.data)
    CurrentQuery                             0x20000013   Data           1  spitemplate.o(.data)
    LastQuery                                0x20000014   Data           1  spitemplate.o(.data)
    EOTResponseFlag                          0x20000015   Data           1  spitemplate.o(.data)
    MY_KART                                  0x20000016   Data           1  spitemplate.o(.data)
    .data                                    0x20000017   Section        1  runninggame.o(.data)
    CurrentState                             0x20000017   Data           1  runninggame.o(.data)
    .data                                    0x20000018   Section        2  ballshooter.o(.data)
    MyPriority                               0x20000018   Data           1  ballshooter.o(.data)
    BallShootState                           0x20000019   Data           1  ballshooter.o(.data)
    .data                                    0x2000001a   Section        6  es_framework.o(.data)
    ThisEvent                                0x2000001c   Data           4  es_framework.o(.data)
    .data                                    0x20000020   Section        4  es_port.o(.data)
    TickCount                                0x20000020   Data           1  es_port.o(.data)
    SysTickCounter                           0x20000022   Data           2  es_port.o(.data)
    .data                                    0x20000024   Section        4  es_queue.o(.data)
    .data                                    0x20000028   Section       10  es_timers_1.o(.data)
    NextTimer2Process                        0x20000028   Data           1  es_timers_1.o(.data)
    NeedsProcessing                          0x2000002a   Data           2  es_timers_1.o(.data)
    TMR_ActiveFlags                          0x2000002c   Data           2  es_timers_1.o(.data)
    NewEvent                                 0x2000002e   Data           4  es_timers_1.o(.data)
    .data                                    0x20000034   Section        4  retarget.o(.data)
    .data                                    0x20000038   Section        4  retarget.o(.data)
    .data                                    0x2000003c   Section        8  uartstdio.o(.data)
    bLastWasCR                               0x2000003c   Data           1  uartstdio.o(.data)
    g_ui32Base                               0x20000040   Data           4  uartstdio.o(.data)
    .bss                                     0x20000044   Section       96  spitemplate.o(.bss)
    Kart1                                    0x20000044   Data          10  spitemplate.o(.bss)
    Kart2                                    0x2000004e   Data          10  spitemplate.o(.bss)
    Kart3                                    0x20000058   Data          10  spitemplate.o(.bss)
    CurrentKartState                         0x20000062   Data          10  spitemplate.o(.bss)
    LastKartState                            0x2000006c   Data          10  spitemplate.o(.bss)
    NewDRSRead                               0x20000076   Data          16  spitemplate.o(.bss)
    Kart1ThetaArray                          0x20000086   Data          10  spitemplate.o(.bss)
    Kart2ThetaAverage                        0x20000090   Data          10  spitemplate.o(.bss)
    Kart3ThetaAverage                        0x2000009a   Data          10  spitemplate.o(.bss)
    .bss                                     0x200000a4   Section       24  es_framework.o(.bss)
    Queue0                                   0x200000a4   Data          24  es_framework.o(.bss)
    .bss                                     0x200000bc   Section       32  es_timers_1.o(.bss)
    TMR_TimerArray                           0x200000bc   Data          32  es_timers_1.o(.bss)
    .bss                                     0x200000dc   Section       96  libspace.o(.bss)
    HEAP                                     0x20000140   Section        0  startup_rvmdk.o(HEAP)
    STACK                                    0x20000140   Section     2048  startup_rvmdk.o(STACK)
    HeapMem                                  0x20000140   Data           0  startup_rvmdk.o(HEAP)
    StackMem                                 0x20000140   Data           0  startup_rvmdk.o(STACK)

    Global Symbols

    Symbol Name                              Value     Ov Type        Size  Object(Section)

    BuildAttributes$$THM_ISAv4$E$P$D$K$B$S$7EM$VFPi3$EXTD16$VFPS$VFMA$PE$A:L22UL41UL21$X:L11$S22US41US21$IEEE1$IW$USESV6$~STKCKD$USESV7$~SHL$OTIME$ROPI$EBA8$UX$STANDARDLIB$REQ8$PRES8$EABIv2 0x00000000   Number         0  anon$$obj.o ABSOLUTE
    __ARM_use_no_argv                        0x00000000   Number         0  main.o ABSOLUTE
    __Vectors                                0x00000000   Data           0  startup_rvmdk.o(RESET)
    __ARM_exceptions_init                     - Undefined Weak Reference
    __alloca_initialize                       - Undefined Weak Reference
    __arm_preinit_                            - Undefined Weak Reference
    __cpp_initialize__aeabi_                  - Undefined Weak Reference
    __cxa_finalize                            - Undefined Weak Reference
    __rt_locale                               - Undefined Weak Reference
    __sigvec_lookup                           - Undefined Weak Reference
    _atexit_init                              - Undefined Weak Reference
    _call_atexit_fns                          - Undefined Weak Reference
    _clock_init                               - Undefined Weak Reference
    _fp_trap_init                             - Undefined Weak Reference
    _fp_trap_shutdown                         - Undefined Weak Reference
    _get_lc_collate                           - Undefined Weak Reference
    _get_lc_ctype                             - Undefined Weak Reference
    _get_lc_monetary                          - Undefined Weak Reference
    _get_lc_numeric                           - Undefined Weak Reference
    _get_lc_time                              - Undefined Weak Reference
    _getenv_init                              - Undefined Weak Reference
    _handle_redirection                       - Undefined Weak Reference
    _init_alloc                               - Undefined Weak Reference
    _init_user_alloc                          - Undefined Weak Reference
    _initio                                   - Undefined Weak Reference
    _printf_mbtowc                            - Undefined Weak Reference
    _printf_post_padding                      - Undefined Weak Reference
    _printf_pre_padding                       - Undefined Weak Reference
    _rand_init                                - Undefined Weak Reference
    _signal_finish                            - Undefined Weak Reference
    _signal_init                              - Undefined Weak Reference
    _terminate_alloc                          - Undefined Weak Reference
    _terminate_user_alloc                     - Undefined Weak Reference
    _terminateio                              - Undefined Weak Reference
    Reset_Handler                            0x0000026d   Thumb Code     0  startup_rvmdk.o(RESET)
    __main                                   0x00000289   Thumb Code     8  __main.o(!!!main)
    __scatterload                            0x00000291   Thumb Code     0  __scatter.o(!!!scatter)
    __scatterload_rt2                        0x00000291   Thumb Code    44  __scatter.o(!!!scatter)
    __scatterload_rt2_thumb_only             0x00000291   Thumb Code     0  __scatter.o(!!!scatter)
    __scatterload_null                       0x0000029f   Thumb Code     0  __scatter.o(!!!scatter)
    __scatterload_copy                       0x000002c5   Thumb Code    26  __scatter_copy.o(!!handler_copy)
    __scatterload_zeroinit                   0x000002e1   Thumb Code    28  __scatter_zi.o(!!handler_zi)
    _printf_percent                          0x000002fd   Thumb Code     0  _printf_percent.o(.ARM.Collect$$_printf_percent$$00000000)
    _printf_s                                0x000002fd   Thumb Code     0  _printf_s.o(.ARM.Collect$$_printf_percent$$00000014)
    _printf_percent_end                      0x00000303   Thumb Code     0  _printf_percent_end.o(.ARM.Collect$$_printf_percent$$00000017)
    __rt_lib_init                            0x00000307   Thumb Code     0  libinit.o(.ARM.Collect$$libinit$$00000000)
    __rt_lib_init_fp_1                       0x00000309   Thumb Code     0  libinit2.o(.ARM.Collect$$libinit$$00000001)
    __rt_lib_init_alloca_1                   0x0000030d   Thumb Code     0  libinit2.o(.ARM.Collect$$libinit$$0000002E)
    __rt_lib_init_argv_1                     0x0000030d   Thumb Code     0  libinit2.o(.ARM.Collect$$libinit$$0000002C)
    __rt_lib_init_atexit_1                   0x0000030d   Thumb Code     0  libinit2.o(.ARM.Collect$$libinit$$0000001B)
    __rt_lib_init_clock_1                    0x0000030d   Thumb Code     0  libinit2.o(.ARM.Collect$$libinit$$00000021)
    __rt_lib_init_cpp_1                      0x0000030d   Thumb Code     0  libinit2.o(.ARM.Collect$$libinit$$00000032)
    __rt_lib_init_exceptions_1               0x0000030d   Thumb Code     0  libinit2.o(.ARM.Collect$$libinit$$00000030)
    __rt_lib_init_fp_trap_1                  0x0000030d   Thumb Code     0  libinit2.o(.ARM.Collect$$libinit$$0000001F)
    __rt_lib_init_getenv_1                   0x0000030d   Thumb Code     0  libinit2.o(.ARM.Collect$$libinit$$00000023)
    __rt_lib_init_heap_1                     0x0000030d   Thumb Code     0  libinit2.o(.ARM.Collect$$libinit$$0000000A)
    __rt_lib_init_lc_collate_1               0x0000030d   Thumb Code     0  libinit2.o(.ARM.Collect$$libinit$$00000011)
    __rt_lib_init_lc_ctype_1                 0x0000030d   Thumb Code     0  libinit2.o(.ARM.Collect$$libinit$$00000013)
    __rt_lib_init_lc_monetary_1              0x0000030d   Thumb Code     0  libinit2.o(.ARM.Collect$$libinit$$00000015)
    __rt_lib_init_lc_numeric_1               0x0000030d   Thumb Code     0  libinit2.o(.ARM.Collect$$libinit$$00000017)
    __rt_lib_init_lc_time_1                  0x0000030d   Thumb Code     0  libinit2.o(.ARM.Collect$$libinit$$00000019)
    __rt_lib_init_preinit_1                  0x0000030d   Thumb Code     0  libinit2.o(.ARM.Collect$$libinit$$00000004)
    __rt_lib_init_rand_1                     0x0000030d   Thumb Code     0  libinit2.o(.ARM.Collect$$libinit$$0000000E)
    __rt_lib_init_return                     0x0000030d   Thumb Code     0  libinit2.o(.ARM.Collect$$libinit$$00000033)
    __rt_lib_init_signal_1                   0x0000030d   Thumb Code     0  libinit2.o(.ARM.Collect$$libinit$$0000001D)
    __rt_lib_init_stdio_1                    0x0000030d   Thumb Code     0  libinit2.o(.ARM.Collect$$libinit$$00000025)
    __rt_lib_init_user_alloc_1               0x0000030d   Thumb Code     0  libinit2.o(.ARM.Collect$$libinit$$0000000C)
    __rt_lib_shutdown                        0x0000030f   Thumb Code     0  libshutdown.o(.ARM.Collect$$libshutdown$$00000000)
    __rt_lib_shutdown_fp_trap_1              0x00000311   Thumb Code     0  libshutdown2.o(.ARM.Collect$$libshutdown$$00000006)
    __rt_lib_shutdown_heap_1                 0x00000311   Thumb Code     0  libshutdown2.o(.ARM.Collect$$libshutdown$$0000000E)
    __rt_lib_shutdown_return                 0x00000311   Thumb Code     0  libshutdown2.o(.ARM.Collect$$libshutdown$$0000000F)
    __rt_lib_shutdown_signal_1               0x00000311   Thumb Code     0  libshutdown2.o(.ARM.Collect$$libshutdown$$00000009)
    __rt_lib_shutdown_stdio_1                0x00000311   Thumb Code     0  libshutdown2.o(.ARM.Collect$$libshutdown$$00000003)
    __rt_lib_shutdown_user_alloc_1           0x00000311   Thumb Code     0  libshutdown2.o(.ARM.Collect$$libshutdown$$0000000B)
    __rt_entry                               0x00000313   Thumb Code     0  __rtentry.o(.ARM.Collect$$rtentry$$00000000)
    __rt_entry_presh_1                       0x00000313   Thumb Code     0  __rtentry2.o(.ARM.Collect$$rtentry$$00000002)
    __rt_entry_sh                            0x00000313   Thumb Code     0  __rtentry4.o(.ARM.Collect$$rtentry$$00000004)
    __rt_entry_li                            0x00000319   Thumb Code     0  __rtentry2.o(.ARM.Collect$$rtentry$$0000000A)
    __rt_entry_postsh_1                      0x00000319   Thumb Code     0  __rtentry2.o(.ARM.Collect$$rtentry$$00000009)
    __rt_entry_main                          0x0000031d   Thumb Code     0  __rtentry2.o(.ARM.Collect$$rtentry$$0000000D)
    __rt_entry_postli_1                      0x0000031d   Thumb Code     0  __rtentry2.o(.ARM.Collect$$rtentry$$0000000C)
    __rt_exit                                0x00000325   Thumb Code     0  rtexit.o(.ARM.Collect$$rtexit$$00000000)
    __rt_exit_ls                             0x00000327   Thumb Code     0  rtexit2.o(.ARM.Collect$$rtexit$$00000003)
    __rt_exit_prels_1                        0x00000327   Thumb Code     0  rtexit2.o(.ARM.Collect$$rtexit$$00000002)
    __rt_exit_exit                           0x0000032b   Thumb Code     0  rtexit2.o(.ARM.Collect$$rtexit$$00000004)
    SysCtlDelay                              0x00000331   Thumb Code     6  sysctl.o(.emb_text)
    CPUcpsid                                 0x00000339   Thumb Code     8  cpu.o(.emb_text)
    CPUprimask                               0x00000341   Thumb Code     6  cpu.o(.emb_text)
    CPUcpsie                                 0x00000347   Thumb Code     8  cpu.o(.emb_text)
    CPUwfi                                   0x0000034f   Thumb Code     4  cpu.o(.emb_text)
    CPUbasepriSet                            0x00000353   Thumb Code     6  cpu.o(.emb_text)
    CPUbasepriGet                            0x00000359   Thumb Code     6  cpu.o(.emb_text)
    __user_initial_stackheap                 0x00000361   Thumb Code     0  startup_rvmdk.o(.text)
    __I$use$semihosting                      0x00000379   Thumb Code     0  use_no_semi.o(.text)
    __use_no_semihosting_swi                 0x00000379   Thumb Code     2  use_no_semi.o(.text)
    __2printf                                0x0000037d   Thumb Code    20  noretval__2printf.o(.text)
    __printf                                 0x00000395   Thumb Code   104  __printf.o(.text)
    _printf_str                              0x000003fd   Thumb Code    82  _printf_str.o(.text)
    getc                                     0x0000044f   Thumb Code     4  getc.o(.text)
    puts                                     0x00000455   Thumb Code    40  puts.o(.text)
    __use_two_region_memory                  0x00000481   Thumb Code     2  heapauxi.o(.text)
    __rt_heap_escrow$2region                 0x00000483   Thumb Code     2  heapauxi.o(.text)
    __rt_heap_expand$2region                 0x00000485   Thumb Code     2  heapauxi.o(.text)
    _printf_cs_common                        0x00000487   Thumb Code    20  _printf_char.o(.text)
    _printf_char                             0x0000049b   Thumb Code    16  _printf_char.o(.text)
    _printf_string                           0x000004ab   Thumb Code     8  _printf_char.o(.text)
    _printf_char_file                        0x000004b5   Thumb Code    32  _printf_char_file.o(.text)
    _printf_char_common                      0x000004e3   Thumb Code    32  _printf_char_common.o(.text)
    __user_setup_stackheap                   0x00000509   Thumb Code    74  sys_stackheap_outer.o(.text)
    exit                                     0x00000553   Thumb Code    12  exit.o(.text)
    __user_libspace                          0x00000561   Thumb Code     8  libspace.o(.text)
    __user_perproc_libspace                  0x00000561   Thumb Code     0  libspace.o(.text)
    __user_perthread_libspace                0x00000561   Thumb Code     0  libspace.o(.text)
    BeaconCaptureResponse                    0x00000569   Thumb Code    54  shooting.o(i.BeaconCaptureResponse)
    CPUgetPRIMASK_cpsid                      0x000005c1   Thumb Code     8  es_port.o(i.CPUgetPRIMASK_cpsid)
    CPUsetPRIMASK                            0x000005c9   Thumb Code     6  es_port.o(i.CPUsetPRIMASK)
    Check4Keystroke                          0x000005d1   Thumb Code   402  eventcheckers.o(i.Check4Keystroke)
    EOTResponse                              0x000012e5   Thumb Code    44  spitemplate.o(i.EOTResponse)
    ES_CheckUserEvents                       0x00001321   Thumb Code    34  es_checkevents.o(i.ES_CheckUserEvents)
    ES_DeQueue                               0x00001349   Thumb Code    80  es_queue.o(i.ES_DeQueue)
    ES_EnQueueFIFO                           0x0000139d   Thumb Code    66  es_queue.o(i.ES_EnQueueFIFO)
    ES_GetMSBitSet                           0x000013e5   Thumb Code    48  es_lookuptables.o(i.ES_GetMSBitSet)
    ES_InitQueue                             0x00001419   Thumb Code    16  es_queue.o(i.ES_InitQueue)
    ES_Initialize                            0x00001429   Thumb Code    72  es_framework.o(i.ES_Initialize)
    ES_PostToService                         0x00001475   Thumb Code    34  es_framework.o(i.ES_PostToService)
    ES_Run                                   0x000014a5   Thumb Code    84  es_framework.o(i.ES_Run)
    ES_Timer_Init                            0x00001505   Thumb Code     4  es_timers_1.o(i.ES_Timer_Init)
    ES_Timer_InitTimer                       0x00001509   Thumb Code    44  es_timers_1.o(i.ES_Timer_InitTimer)
    ES_Timer_StopTimer                       0x00001545   Thumb Code    28  es_timers_1.o(i.ES_Timer_StopTimer)
    ES_Timer_Tick_Resp                       0x00001569   Thumb Code    90  es_timers_1.o(i.ES_Timer_Tick_Resp)
    FireBallShooter                          0x000015d5   Thumb Code    20  ballshooter.o(i.FireBallShooter)
    FlickerFlickBall                         0x000015e9   Thumb Code    22  ballshooter.o(i.FlickerFlickBall)
    FlickerReset                             0x00001621   Thumb Code    26  ballshooter.o(i.FlickerReset)
    FlickerSetStartPosition                  0x00001659   Thumb Code    26  ballshooter.o(i.FlickerSetStartPosition)
    GPIODirModeSet                           0x00001699   Thumb Code    40  gpio.o(i.GPIODirModeSet)
    GPIOPadConfigSet                         0x000016c1   Thumb Code   314  gpio.o(i.GPIOPadConfigSet)
    GPIOPinConfigure                         0x000017fd   Thumb Code    64  gpio.o(i.GPIOPinConfigure)
    GPIOPinTypeUART                          0x00001845   Thumb Code    28  gpio.o(i.GPIOPinTypeUART)
    HopperRelease                            0x00001861   Thumb Code    22  ballshooter.o(i.HopperRelease)
    HopperSet                                0x00001891   Thumb Code    22  ballshooter.o(i.HopperSet)
    InitBallShooter                          0x000018b9   Thumb Code    36  ballshooter.o(i.InitBallShooter)
    InitBeaconCaptureResponse                0x000018fd   Thumb Code   154  master.o(i.InitBeaconCaptureResponse)
    InitMaster                               0x000019c1   Thumb Code    34  master.o(i.InitMaster)
    InitPWM                                  0x000019e9   Thumb Code   274  pwm.o(i.InitPWM)
    IntMasterEnable                          0x00001b41   Thumb Code    14  interrupt.o(i.IntMasterEnable)
    PostDRS                                  0x00001b51   Thumb Code    10  spitemplate.o(i.PostDRS)
    PostMaster                               0x00001b61   Thumb Code    10  master.o(i.PostMaster)
    QueryMyKart                              0x00001b71   Thumb Code    18  spitemplate.o(i.QueryMyKart)
    RunBallShooter                           0x00001b89   Thumb Code    58  ballshooter.o(i.RunBallShooter)
    RunDRS                                   0x00001bc9   Thumb Code   262  spitemplate.o(i.RunDRS)
    RunGamePlay                              0x00001d55   Thumb Code   114  gameplay.o(i.RunGamePlay)
    RunMaster                                0x00001e05   Thumb Code    64  master.o(i.RunMaster)
    RunObstacle                              0x00001e6d   Thumb Code   160  obstacle.o(i.RunObstacle)
    RunRunningGame                           0x00001f79   Thumb Code   122  runninggame.o(i.RunRunningGame)
    RunShooting                              0x00002021   Thumb Code   282  shooting.o(i.RunShooting)
    SetPWMDuty                               0x000021a5   Thumb Code   184  pwm.o(i.SetPWMDuty)
    SetPWMWidth                              0x00002265   Thumb Code   198  pwm.o(i.SetPWMWidth)
    StartDRS                                 0x00002335   Thumb Code   278  spitemplate.o(i.StartDRS)
    StartGamePlay                            0x00002491   Thumb Code    24  gameplay.o(i.StartGamePlay)
    StartMaster                              0x000024ad   Thumb Code    34  master.o(i.StartMaster)
    StartObstacle                            0x000024d1   Thumb Code    26  obstacle.o(i.StartObstacle)
    StartRunningGame                         0x00002505   Thumb Code    36  runninggame.o(i.StartRunningGame)
    StartShooting                            0x00002539   Thumb Code    10  shooting.o(i.StartShooting)
    SysCtlClockSet                           0x00002549   Thumb Code   270  sysctl.o(i.SysCtlClockSet)
    SysCtlPeripheralEnable                   0x00002669   Thumb Code    36  sysctl.o(i.SysCtlPeripheralEnable)
    SysTickEnable                            0x00002691   Thumb Code    14  systick.o(i.SysTickEnable)
    SysTickIntEnable                         0x0000269f   Thumb Code    14  systick.o(i.SysTickIntEnable)
    SysTickIntHandler                        0x000026ad   Thumb Code    16  es_port.o(i.SysTickIntHandler)
    SysTickPeriodSet                         0x000026c1   Thumb Code    10  systick.o(i.SysTickPeriodSet)
    TERMIO_GetChar                           0x000026cb   Thumb Code     4  termio.o(i.TERMIO_GetChar)
    TERMIO_Init                              0x000026d1   Thumb Code    62  termio.o(i.TERMIO_Init)
    TERMIO_PutChar                           0x00002721   Thumb Code     8  termio.o(i.TERMIO_PutChar)
    UARTCharPut                              0x0000272d   Thumb Code    12  uart.o(i.UARTCharPut)
    UARTClockSourceSet                       0x00002739   Thumb Code     6  uart.o(i.UARTClockSourceSet)
    UARTStdioConfig                          0x00002741   Thumb Code    82  uartstdio.o(i.UARTStdioConfig)
    UARTgetc                                 0x0000279d   Thumb Code    20  uartstdio.o(i.UARTgetc)
    _HW_Process_Pending_Ints                 0x000027b5   Thumb Code    26  es_port.o(i._HW_Process_Pending_Ints)
    _HW_Timer_Init                           0x000027d5   Thumb Code    22  es_port.o(i._HW_Timer_Init)
    _sys_exit                                0x000027eb   Thumb Code     2  retarget.o(i._sys_exit)
    ferror                                   0x000027ed   Thumb Code     6  retarget.o(i.ferror)
    fgetc                                    0x000027f3   Thumb Code     4  retarget.o(i.fgetc)
    fputc                                    0x000027f7   Thumb Code    14  retarget.o(i.fputc)
    kbhit                                    0x00002805   Thumb Code    16  termio.o(i.kbhit)
    main                                     0x00002819   Thumb Code    76  main.o(i.main)
    _fp_init                                 0x0000290d   Thumb Code    10  fpinit.o(x$fpl$fpinit)
    __fplib_config_fpu_vfp                   0x00002915   Thumb Code     0  fpinit.o(x$fpl$fpinit)
    __fplib_config_pureend_doubles           0x00002915   Thumb Code     0  fpinit.o(x$fpl$fpinit)
    BitNum2SetMask                           0x000029a8   Data          32  es_lookuptables.o(.constdata)
    Nybble2MSBitNum                          0x000029c8   Data          15  es_lookuptables.o(.constdata)
    Region$$Table$$Base                      0x00002c58   Number         0  anon$$obj.o(Region$$Table)
    Region$$Table$$Limit                     0x00002c78   Number         0  anon$$obj.o(Region$$Table)
    Ready                                    0x2000001a   Data           2  es_framework.o(.data)
    _PRIMASK_temp                            0x20000024   Data           4  es_queue.o(.data)
    __stdout                                 0x20000034   Data           4  retarget.o(.data)
    __stdin                                  0x20000038   Data           4  retarget.o(.data)
    __libspace_start                         0x200000dc   Data          96  libspace.o(.bss)
    __temporary_stack_top$libspace           0x2000013c   Data           0  libspace.o(.bss)



==============================================================================

Memory Map of the image

  Image Entry point : 0x0000026d

  Load Region LR_IROM1 (Base: 0x00000000, Size: 0x00002cbc, Max: 0x00040000, ABSOLUTE)

    Execution Region ER_IROM1 (Base: 0x00000000, Size: 0x00002c78, Max: 0x00040000, ABSOLUTE)

    Base Addr    Size         Type   Attr      Idx    E Section Name        Object

    0x00000000   0x00000288   Code   RO          506  * RESET               startup_rvmdk.o
    0x00000288   0x00000008   Code   RO         2109  * !!!main             c_w.l(__main.o)
    0x00000290   0x00000034   Code   RO         2268    !!!scatter          c_w.l(__scatter.o)
    0x000002c4   0x0000001a   Code   RO         2270    !!handler_copy      c_w.l(__scatter_copy.o)
    0x000002de   0x00000002   PAD
    0x000002e0   0x0000001c   Code   RO         2272    !!handler_zi        c_w.l(__scatter_zi.o)
    0x000002fc   0x00000000   Code   RO         2102    .ARM.Collect$$_printf_percent$$00000000  c_w.l(_printf_percent.o)
    0x000002fc   0x00000006   Code   RO         2101    .ARM.Collect$$_printf_percent$$00000014  c_w.l(_printf_s.o)
    0x00000302   0x00000004   Code   RO         2116    .ARM.Collect$$_printf_percent$$00000017  c_w.l(_printf_percent_end.o)
    0x00000306   0x00000002   Code   RO         2145    .ARM.Collect$$libinit$$00000000  c_w.l(libinit.o)
    0x00000308   0x00000004   Code   RO         2151    .ARM.Collect$$libinit$$00000001  c_w.l(libinit2.o)
    0x0000030c   0x00000000   Code   RO         2154    .ARM.Collect$$libinit$$00000004  c_w.l(libinit2.o)
    0x0000030c   0x00000000   Code   RO         2157    .ARM.Collect$$libinit$$0000000A  c_w.l(libinit2.o)
    0x0000030c   0x00000000   Code   RO         2159    .ARM.Collect$$libinit$$0000000C  c_w.l(libinit2.o)
    0x0000030c   0x00000000   Code   RO         2161    .ARM.Collect$$libinit$$0000000E  c_w.l(libinit2.o)
    0x0000030c   0x00000000   Code   RO         2164    .ARM.Collect$$libinit$$00000011  c_w.l(libinit2.o)
    0x0000030c   0x00000000   Code   RO         2166    .ARM.Collect$$libinit$$00000013  c_w.l(libinit2.o)
    0x0000030c   0x00000000   Code   RO         2168    .ARM.Collect$$libinit$$00000015  c_w.l(libinit2.o)
    0x0000030c   0x00000000   Code   RO         2170    .ARM.Collect$$libinit$$00000017  c_w.l(libinit2.o)
    0x0000030c   0x00000000   Code   RO         2172    .ARM.Collect$$libinit$$00000019  c_w.l(libinit2.o)
    0x0000030c   0x00000000   Code   RO         2174    .ARM.Collect$$libinit$$0000001B  c_w.l(libinit2.o)
    0x0000030c   0x00000000   Code   RO         2176    .ARM.Collect$$libinit$$0000001D  c_w.l(libinit2.o)
    0x0000030c   0x00000000   Code   RO         2178    .ARM.Collect$$libinit$$0000001F  c_w.l(libinit2.o)
    0x0000030c   0x00000000   Code   RO         2180    .ARM.Collect$$libinit$$00000021  c_w.l(libinit2.o)
    0x0000030c   0x00000000   Code   RO         2182    .ARM.Collect$$libinit$$00000023  c_w.l(libinit2.o)
    0x0000030c   0x00000000   Code   RO         2184    .ARM.Collect$$libinit$$00000025  c_w.l(libinit2.o)
    0x0000030c   0x00000000   Code   RO         2188    .ARM.Collect$$libinit$$0000002C  c_w.l(libinit2.o)
    0x0000030c   0x00000000   Code   RO         2190    .ARM.Collect$$libinit$$0000002E  c_w.l(libinit2.o)
    0x0000030c   0x00000000   Code   RO         2192    .ARM.Collect$$libinit$$00000030  c_w.l(libinit2.o)
    0x0000030c   0x00000000   Code   RO         2194    .ARM.Collect$$libinit$$00000032  c_w.l(libinit2.o)
    0x0000030c   0x00000002   Code   RO         2195    .ARM.Collect$$libinit$$00000033  c_w.l(libinit2.o)
    0x0000030e   0x00000002   Code   RO         2213    .ARM.Collect$$libshutdown$$00000000  c_w.l(libshutdown.o)
    0x00000310   0x00000000   Code   RO         2224    .ARM.Collect$$libshutdown$$00000003  c_w.l(libshutdown2.o)
    0x00000310   0x00000000   Code   RO         2227    .ARM.Collect$$libshutdown$$00000006  c_w.l(libshutdown2.o)
    0x00000310   0x00000000   Code   RO         2230    .ARM.Collect$$libshutdown$$00000009  c_w.l(libshutdown2.o)
    0x00000310   0x00000000   Code   RO         2232    .ARM.Collect$$libshutdown$$0000000B  c_w.l(libshutdown2.o)
    0x00000310   0x00000000   Code   RO         2235    .ARM.Collect$$libshutdown$$0000000E  c_w.l(libshutdown2.o)
    0x00000310   0x00000002   Code   RO         2236    .ARM.Collect$$libshutdown$$0000000F  c_w.l(libshutdown2.o)
    0x00000312   0x00000000   Code   RO         2111    .ARM.Collect$$rtentry$$00000000  c_w.l(__rtentry.o)
    0x00000312   0x00000000   Code   RO         2118    .ARM.Collect$$rtentry$$00000002  c_w.l(__rtentry2.o)
    0x00000312   0x00000006   Code   RO         2130    .ARM.Collect$$rtentry$$00000004  c_w.l(__rtentry4.o)
    0x00000318   0x00000000   Code   RO         2120    .ARM.Collect$$rtentry$$00000009  c_w.l(__rtentry2.o)
    0x00000318   0x00000004   Code   RO         2121    .ARM.Collect$$rtentry$$0000000A  c_w.l(__rtentry2.o)
    0x0000031c   0x00000000   Code   RO         2123    .ARM.Collect$$rtentry$$0000000C  c_w.l(__rtentry2.o)
    0x0000031c   0x00000008   Code   RO         2124    .ARM.Collect$$rtentry$$0000000D  c_w.l(__rtentry2.o)
    0x00000324   0x00000002   Code   RO         2149    .ARM.Collect$$rtexit$$00000000  c_w.l(rtexit.o)
    0x00000326   0x00000000   Code   RO         2197    .ARM.Collect$$rtexit$$00000002  c_w.l(rtexit2.o)
    0x00000326   0x00000004   Code   RO         2198    .ARM.Collect$$rtexit$$00000003  c_w.l(rtexit2.o)
    0x0000032a   0x00000006   Code   RO         2199    .ARM.Collect$$rtexit$$00000004  c_w.l(rtexit2.o)
    0x00000330   0x00000006   Code   RO         1365    .emb_text           driverlib.lib(sysctl.o)
    0x00000336   0x00000002   PAD
    0x00000338   0x00000026   Code   RO         2059    .emb_text           driverlib.lib(cpu.o)
    0x0000035e   0x00000002   PAD
    0x00000360   0x00000018   Code   RO          507    .text               startup_rvmdk.o
    0x00000378   0x00000002   Code   RO         2071    .text               c_w.l(use_no_semi.o)
    0x0000037a   0x00000002   PAD
    0x0000037c   0x00000018   Code   RO         2075    .text               c_w.l(noretval__2printf.o)
    0x00000394   0x00000068   Code   RO         2077    .text               c_w.l(__printf.o)
    0x000003fc   0x00000052   Code   RO         2079    .text               c_w.l(_printf_str.o)
    0x0000044e   0x00000004   Code   RO         2103    .text               c_w.l(getc.o)
    0x00000452   0x00000002   PAD
    0x00000454   0x0000002c   Code   RO         2105    .text               c_w.l(puts.o)
    0x00000480   0x00000006   Code   RO         2107    .text               c_w.l(heapauxi.o)
    0x00000486   0x0000002c   Code   RO         2112    .text               c_w.l(_printf_char.o)
    0x000004b2   0x00000002   PAD
    0x000004b4   0x00000024   Code   RO         2114    .text               c_w.l(_printf_char_file.o)
    0x000004d8   0x00000030   Code   RO         2132    .text               c_w.l(_printf_char_common.o)
    0x00000508   0x0000004a   Code   RO         2134    .text               c_w.l(sys_stackheap_outer.o)
    0x00000552   0x0000000c   Code   RO         2138    .text               c_w.l(exit.o)
    0x0000055e   0x00000002   PAD
    0x00000560   0x00000008   Code   RO         2146    .text               c_w.l(libspace.o)
    0x00000568   0x00000058   Code   RO          254    i.BeaconCaptureResponse  shooting.o
    0x000005c0   0x00000008   Code   RO          641    i.CPUgetPRIMASK_cpsid  es_port.o
    0x000005c8   0x00000006   Code   RO          647    i.CPUsetPRIMASK     es_port.o
    0x000005ce   0x00000002   PAD
    0x000005d0   0x000004a0   Code   RO           86    i.Check4Keystroke   eventcheckers.o
    0x00000a70   0x000000a0   Code   RO          334    i.CheckDRSEvents    spitemplate.o
    0x00000b10   0x0000029c   Code   RO          335    i.DRSSaveData       spitemplate.o
    0x00000dac   0x00000104   Code   RO          255    i.DuringFindBeaconState  shooting.o
    0x00000eb0   0x00000080   Code   RO          256    i.DuringFireState   shooting.o
    0x00000f30   0x0000009c   Code   RO          297    i.DuringFullSpeed   obstacle.o
    0x00000fcc   0x0000008c   Code   RO          409    i.DuringObstacleStateSM  runninggame.o
    0x00001058   0x000000a8   Code   RO          298    i.DuringQuarterSpeed  obstacle.o
    0x00001100   0x000000a4   Code   RO          188    i.DuringRunningGameStateGP  gameplay.o
    0x000011a4   0x0000008c   Code   RO          410    i.DuringShootingStateSM  runninggame.o
    0x00001230   0x000000b4   Code   RO          189    i.DuringWaitForStartState  gameplay.o
    0x000012e4   0x0000003c   Code   RO          336    i.EOTResponse       spitemplate.o
    0x00001320   0x00000028   Code   RO          513    i.ES_CheckUserEvents  es_checkevents.o
    0x00001348   0x00000054   Code   RO          672    i.ES_DeQueue        es_queue.o
    0x0000139c   0x00000048   Code   RO          673    i.ES_EnQueueFIFO    es_queue.o
    0x000013e4   0x00000034   Code   RO          590    i.ES_GetMSBitSet    es_lookuptables.o
    0x00001418   0x00000010   Code   RO          675    i.ES_InitQueue      es_queue.o
    0x00001428   0x0000004c   Code   RO          545    i.ES_Initialize     es_framework.o
    0x00001474   0x00000030   Code   RO          547    i.ES_PostToService  es_framework.o
    0x000014a4   0x00000060   Code   RO          549    i.ES_Run            es_framework.o
    0x00001504   0x00000004   Code   RO          715    i.ES_Timer_Init     es_timers_1.o
    0x00001508   0x0000003c   Code   RO          716    i.ES_Timer_InitTimer  es_timers_1.o
    0x00001544   0x00000024   Code   RO          719    i.ES_Timer_StopTimer  es_timers_1.o
    0x00001568   0x0000006c   Code   RO          720    i.ES_Timer_Tick_Resp  es_timers_1.o
    0x000015d4   0x00000014   Code   RO          446    i.FireBallShooter   ballshooter.o
    0x000015e8   0x00000038   Code   RO          447    i.FlickerFlickBall  ballshooter.o
    0x00001620   0x00000038   Code   RO          448    i.FlickerReset      ballshooter.o
    0x00001658   0x00000040   Code   RO          449    i.FlickerSetStartPosition  ballshooter.o
    0x00001698   0x00000028   Code   RO          928    i.GPIODirModeSet    driverlib.lib(gpio.o)
    0x000016c0   0x0000013a   Code   RO          938    i.GPIOPadConfigSet  driverlib.lib(gpio.o)
    0x000017fa   0x00000002   PAD
    0x000017fc   0x00000048   Code   RO          939    i.GPIOPinConfigure  driverlib.lib(gpio.o)
    0x00001844   0x0000001c   Code   RO          964    i.GPIOPinTypeUART   driverlib.lib(gpio.o)
    0x00001860   0x00000030   Code   RO          450    i.HopperRelease     ballshooter.o
    0x00001890   0x00000028   Code   RO          451    i.HopperSet         ballshooter.o
    0x000018b8   0x00000044   Code   RO          452    i.InitBallShooter   ballshooter.o
    0x000018fc   0x000000c4   Code   RO          108    i.InitBeaconCaptureResponse  master.o
    0x000019c0   0x00000028   Code   RO          109    i.InitMaster        master.o
    0x000019e8   0x00000158   Code   RO          225    i.InitPWM           pwm.o
    0x00001b40   0x0000000e   Code   RO         1253    i.IntMasterEnable   driverlib.lib(interrupt.o)
    0x00001b4e   0x00000002   PAD
    0x00001b50   0x00000010   Code   RO          338    i.PostDRS           spitemplate.o
    0x00001b60   0x00000010   Code   RO          110    i.PostMaster        master.o
    0x00001b70   0x00000018   Code   RO          340    i.QueryMyKart       spitemplate.o
    0x00001b88   0x00000040   Code   RO          454    i.RunBallShooter    ballshooter.o
    0x00001bc8   0x0000018c   Code   RO          341    i.RunDRS            spitemplate.o
    0x00001d54   0x000000b0   Code   RO          191    i.RunGamePlay       gameplay.o
    0x00001e04   0x00000068   Code   RO          111    i.RunMaster         master.o
    0x00001e6c   0x0000010c   Code   RO          300    i.RunObstacle       obstacle.o
    0x00001f78   0x000000a8   Code   RO          412    i.RunRunningGame    runninggame.o
    0x00002020   0x00000184   Code   RO          258    i.RunShooting       shooting.o
    0x000021a4   0x000000c0   Code   RO          226    i.SetPWMDuty        pwm.o
    0x00002264   0x000000d0   Code   RO          227    i.SetPWMWidth       pwm.o
    0x00002334   0x0000015c   Code   RO          342    i.StartDRS          spitemplate.o
    0x00002490   0x0000001c   Code   RO          192    i.StartGamePlay     gameplay.o
    0x000024ac   0x00000022   Code   RO          112    i.StartMaster       master.o
    0x000024ce   0x00000002   PAD
    0x000024d0   0x00000034   Code   RO          301    i.StartObstacle     obstacle.o
    0x00002504   0x00000034   Code   RO          413    i.StartRunningGame  runninggame.o
    0x00002538   0x00000010   Code   RO          259    i.StartShooting     shooting.o
    0x00002548   0x00000120   Code   RO         1370    i.SysCtlClockSet    driverlib.lib(sysctl.o)
    0x00002668   0x00000028   Code   RO         1399    i.SysCtlPeripheralEnable  driverlib.lib(sysctl.o)
    0x00002690   0x0000000e   Code   RO         1708    i.SysTickEnable     driverlib.lib(systick.o)
    0x0000269e   0x0000000e   Code   RO         1710    i.SysTickIntEnable  driverlib.lib(systick.o)
    0x000026ac   0x00000014   Code   RO          607    i.SysTickIntHandler  es_port.o
    0x000026c0   0x0000000a   Code   RO         1714    i.SysTickPeriodSet  driverlib.lib(systick.o)
    0x000026ca   0x00000004   Code   RO          825    i.TERMIO_GetChar    termio.o
    0x000026ce   0x00000002   PAD
    0x000026d0   0x00000050   Code   RO          826    i.TERMIO_Init       termio.o
    0x00002720   0x0000000c   Code   RO          827    i.TERMIO_PutChar    termio.o
    0x0000272c   0x0000000c   Code   RO         1778    i.UARTCharPut       driverlib.lib(uart.o)
    0x00002738   0x00000006   Code   RO         1782    i.UARTClockSourceSet  driverlib.lib(uart.o)
    0x0000273e   0x00000002   PAD
    0x00002740   0x0000005c   Code   RO          868    i.UARTStdioConfig   uartstdio.o
    0x0000279c   0x00000018   Code   RO          869    i.UARTgetc          uartstdio.o
    0x000027b4   0x00000020   Code   RO          609    i._HW_Process_Pending_Ints  es_port.o
    0x000027d4   0x00000016   Code   RO          610    i._HW_Timer_Init    es_port.o
    0x000027ea   0x00000002   Code   RO          772    i._sys_exit         retarget.o
    0x000027ec   0x00000006   Code   RO          774    i.ferror            retarget.o
    0x000027f2   0x00000004   Code   RO          775    i.fgetc             retarget.o
    0x000027f6   0x0000000e   Code   RO          776    i.fputc             retarget.o
    0x00002804   0x00000014   Code   RO          828    i.kbhit             termio.o
    0x00002818   0x000000f4   Code   RO            1    i.main              main.o
    0x0000290c   0x0000000a   Code   RO         2205    x$fpl$fpinit        fz_wm.l(fpinit.o)
    0x00002916   0x00000002   PAD
    0x00002918   0x00000064   Data   RO           87    .constdata          eventcheckers.o
    0x0000297c   0x00000004   Data   RO          193    .constdata          gameplay.o
    0x00002980   0x00000004   Data   RO          260    .constdata          shooting.o
    0x00002984   0x00000004   Data   RO          302    .constdata          obstacle.o
    0x00002988   0x00000008   Data   RO          344    .constdata          spitemplate.o
    0x00002990   0x00000004   Data   RO          414    .constdata          runninggame.o
    0x00002994   0x00000004   Data   RO          514    .constdata          es_checkevents.o
    0x00002998   0x00000010   Data   RO          551    .constdata          es_framework.o
    0x000029a8   0x00000020   Data   RO          591    .constdata          es_lookuptables.o
    0x000029c8   0x0000000f   Data   RO          592    .constdata          es_lookuptables.o
    0x000029d7   0x00000001   PAD
    0x000029d8   0x00000040   Data   RO          723    .constdata          es_timers_1.o
    0x00002a18   0x0000001c   Data   RO          874    .constdata          uartstdio.o
    0x00002a34   0x00000210   Data   RO          971    .constdata          driverlib.lib(gpio.o)
    0x00002c44   0x00000011   Data   RO          875    .conststring        uartstdio.o
    0x00002c55   0x00000003   PAD
    0x00002c58   0x00000020   Data   RO         2266    Region$$Table       anon$$obj.o


    Execution Region RW_IRAM1 (Base: 0x20000000, Size: 0x00000940, Max: 0x00008000, ABSOLUTE)

    Base Addr    Size         Type   Attr      Idx    E Section Name        Object

    0x20000000   0x00000001   Data   RW          113    .data               master.o
    0x20000001   0x00000001   Data   RW          194    .data               gameplay.o
    0x20000002   0x00000002   Data   RW          228    .data               pwm.o
    0x20000004   0x0000000c   Data   RW          261    .data               shooting.o
    0x20000010   0x00000001   Data   RW          303    .data               obstacle.o
    0x20000011   0x00000006   Data   RW          345    .data               spitemplate.o
    0x20000017   0x00000001   Data   RW          415    .data               runninggame.o
    0x20000018   0x00000002   Data   RW          455    .data               ballshooter.o
    0x2000001a   0x00000006   Data   RW          552    .data               es_framework.o
    0x20000020   0x00000004   Data   RW          611    .data               es_port.o
    0x20000024   0x00000004   Data   RW          677    .data               es_queue.o
    0x20000028   0x0000000a   Data   RW          724    .data               es_timers_1.o
    0x20000032   0x00000002   PAD
    0x20000034   0x00000004   Data   RW          777    .data               retarget.o
    0x20000038   0x00000004   Data   RW          778    .data               retarget.o
    0x2000003c   0x00000008   Data   RW          876    .data               uartstdio.o
    0x20000044   0x00000060   Zero   RW          343    .bss                spitemplate.o
    0x200000a4   0x00000018   Zero   RW          550    .bss                es_framework.o
    0x200000bc   0x00000020   Zero   RW          722    .bss                es_timers_1.o
    0x200000dc   0x00000060   Zero   RW         2147    .bss                c_w.l(libspace.o)
    0x2000013c   0x00000004   PAD
    0x20000140   0x00000000   Zero   RW          505    HEAP                startup_rvmdk.o
    0x20000140   0x00000800   Zero   RW          504    STACK               startup_rvmdk.o


==============================================================================

Image component sizes


      Code (inc. data)   RO Data    RW Data    ZI Data      Debug   Object Name

       416        184          0          2          0       5741   ballshooter.o
        40          6          4          0          0       1361   es_checkevents.o
       220         30         16          6         24       3160   es_framework.o
        52          4         47          0          0       1470   es_lookuptables.o
        88         10          0          4          0       4002   es_port.o
       172         10          0          4          0       2737   es_queue.o
       208         42         64         10         32       3335   es_timers_1.o
      1184        782        100          0          0       1750   eventcheckers.o
       548        214          4          1          0       3594   gameplay.o
       244        168          0          0          0      10307   main.o
       390         94          0          1          0       7320   master.o
       644        306          4          1          0       3778   obstacle.o
       744         88          0          2          0       2369   pwm.o
        26          0          0          8          0       4023   retarget.o
       500        182          4          1          0       3588   runninggame.o
       880        352          4         12          0       4462   shooting.o
      1672        316          8          6         96       8150   spitemplate.o
       672        636          0          0       2048        676   startup_rvmdk.o
       116         26          0          0          0       2204   termio.o
       116         14         45          8          0       3036   uartstdio.o

    ----------------------------------------------------------------------
      8938       3464        336         68       2200      77063   Object Totals
         0          0         32          0          0          0   (incl. Generated)
         6          0          4          2          0          0   (incl. Padding)

    ----------------------------------------------------------------------

      Code (inc. data)   RO Data    RW Data    ZI Data      Debug   Library Member Name

         8          0          0          0          0         68   __main.o
       104          0          0          0          0         84   __printf.o
         0          0          0          0          0          0   __rtentry.o
        12          0          0          0          0          0   __rtentry2.o
         6          0          0          0          0          0   __rtentry4.o
        52          8          0          0          0          0   __scatter.o
        26          0          0          0          0          0   __scatter_copy.o
        28          0          0          0          0          0   __scatter_zi.o
        44          0          0          0          0        108   _printf_char.o
        48          6          0          0          0         96   _printf_char_common.o
        36          4          0          0          0         80   _printf_char_file.o
         0          0          0          0          0          0   _printf_percent.o
         4          0          0          0          0          0   _printf_percent_end.o
         6          0          0          0          0          0   _printf_s.o
        82          0          0          0          0         80   _printf_str.o
        12          0          0          0          0         72   exit.o
         4          0          0          0          0         68   getc.o
         6          0          0          0          0        152   heapauxi.o
         2          0          0          0          0          0   libinit.o
         6          0          0          0          0          0   libinit2.o
         2          0          0          0          0          0   libshutdown.o
         2          0          0          0          0          0   libshutdown2.o
         8          4          0          0         96         68   libspace.o
        24          4          0          0          0         84   noretval__2printf.o
        44          4          0          0          0         84   puts.o
         2          0          0          0          0          0   rtexit.o
        10          0          0          0          0          0   rtexit2.o
        74          0          0          0          0         80   sys_stackheap_outer.o
         2          0          0          0          0         68   use_no_semi.o
        38          0          0          0          0        504   cpu.o
       454          8        528          0          0       5929   gpio.o
        14          0          0          0          0        450   interrupt.o
       334         22          0          0          0       1550   sysctl.o
        38          0          0          0          0       1218   systick.o
        18          0          0          0          0        867   uart.o
        10          0          0          0          0        116   fpinit.o

    ----------------------------------------------------------------------
      1582         60        528          0        100      11826   Library Totals
        22          0          0          0          4          0   (incl. Padding)

    ----------------------------------------------------------------------

      Code (inc. data)   RO Data    RW Data    ZI Data      Debug   Library Name

       654         30          0          0         96       1192   c_w.l
       896         30        528          0          0      10518   driverlib.lib
        10          0          0          0          0        116   fz_wm.l

    ----------------------------------------------------------------------
      1582         60        528          0        100      11826   Library Totals

    ----------------------------------------------------------------------

==============================================================================


      Code (inc. data)   RO Data    RW Data    ZI Data      Debug   

     10520       3524        864         68       2300      80769   Grand Totals
     10520       3524        864         68       2300      80769   ELF Image Totals
     10520       3524        864         68          0          0   ROM Totals

==============================================================================

    Total RO  Size (Code + RO Data)                11384 (  11.12kB)
    Total RW  Size (RW Data + ZI Data)              2368 (   2.31kB)
    Total ROM Size (Code + RO Data + RW Data)      11452 (  11.18kB)

==============================================================================

